0
0
0
0
0
0
0
0
0
0
0
BAD CODE
BAD CODE
BAD CODE
BAD CODE
BAD CODE
BAD CODE
BAD CODE
BAD CODE
BAD CODE
0
BAD CODE
BAD CODE
BAD CODE
BAD CODE
BAD CODE
BAD CODE
BAD CODE
BAD CODE
BAD CODE
0
BAD CODE
BAD CODE
BAD CODE
BAD CODE
BAD CODE
BAD CODE
BAD CODE
BAD CODE
BAD CODE
0
BAD CODE
BAD CODE
BAD CODE
BAD CODE
BAD CODE
BAD CODE
BAD CODE
BAD CODE
BAD CODE
0
BAD CODE
BAD CODE
BAD CODE
BAD CODE
BAD CODE
BAD CODE
BAD CODE
BAD CODE
BAD CODE
0
BAD CODE
BAD CODE
BAD CODE
BAD CODE
BAD CODE
BAD CODE
BAD CODE
BAD CODE
BAD CODE
0
BAD CODE
BAD CODE
BAD CODE
BAD CODE
BAD CODE
BAD CODE
BAD CODE
BAD CODE
BAD CODE
0
BAD CODE
BAD CODE
BAD CODE
BAD CODE
BAD CODE
BAD CODE
BAD CODE
BAD CODE
BAD CODE
0
BAD CODE
BAD CODE
BAD CODE
BAD CODE
BAD CODE
BAD CODE
BAD CODE
BAD CODE
BAD CODE
BAD CODE
BAD CODE
2
BAD CODE
BAD CODE
BAD CODE
BAD CODE
BAD CODE
BAD CODE
BAD CODE
BAD CODE
1
BAD CODE
BAD CODE
BAD CODE
BAD CODE
BAD CODE
BAD CODE
BAD CODE
BAD CODE
BAD CODE
BAD CODE
BAD CODE
BAD CODE
BAD CODE
BAD CODE
BAD CODE
BAD CODE
BAD CODE
BAD CODE
BAD CODE
BAD CODE
BAD CODE
BAD CODE
BAD CODE
BAD CODE
BAD CODE
BAD CODE
BAD CODE
BAD CODE
BAD CODE
BAD CODE
BAD CODE
BAD CODE
BAD CODE
BAD CODE
BAD CODE
BAD CODE
BAD CODE
BAD CODE
BAD CODE
BAD CODE
BAD CODE
BAD CODE
BAD CODE
BAD CODE
BAD CODE
BAD CODE
BAD CODE
BAD CODE
BAD CODE
BAD CODE
BAD CODE
BAD CODE
BAD CODE
BAD CODE
BAD CODE
BAD CODE
BAD CODE
BAD CODE
BAD CODE
BAD CODE
BAD CODE
BAD CODE
BAD CODE
BAD CODE
BAD CODE
BAD CODE
BAD CODE
BAD CODE
BAD CODE
BAD CODE
BAD CODE
BAD CODE
BAD CODE
BAD CODE
BAD CODE
BAD CODE
BAD CODE
BAD CODE
BAD CODE
BAD CODE
BAD CODE
BAD CODE
BAD CODE
BAD CODE
BAD CODE
BAD CODE
BAD CODE
BAD CODE
BAD CODE
BAD CODE
4
3
BAD CODE
BAD CODE
BAD CODE
BAD CODE
BAD CODE
BAD CODE
BAD CODE
BAD CODE
2
BAD CODE
BAD CODE
BAD CODE
BAD CODE
BAD CODE
BAD CODE
BAD CODE
BAD CODE
2
BAD CODE
BAD CODE
BAD CODE
BAD CODE
BAD CODE
BAD CODE
BAD CODE
BAD CODE
BAD CODE
BAD CODE
BAD CODE
BAD CODE
BAD CODE
BAD CODE
BAD CODE
BAD CODE
BAD CODE
BAD CODE
BAD CODE
BAD CODE
BAD CODE
BAD CODE
BAD CODE
BAD CODE
BAD CODE
BAD CODE
BAD CODE
BAD CODE
BAD CODE
BAD CODE
BAD CODE
BAD CODE
BAD CODE
BAD CODE
BAD CODE
BAD CODE
BAD CODE
BAD CODE
BAD CODE
BAD CODE
BAD CODE
BAD CODE
BAD CODE
BAD CODE
BAD CODE
BAD CODE
BAD CODE
BAD CODE
BAD CODE
BAD CODE
BAD CODE
BAD CODE
BAD CODE
BAD CODE
BAD CODE
BAD CODE
BAD CODE
BAD CODE
BAD CODE
BAD CODE
BAD CODE
BAD CODE
BAD CODE
BAD CODE
BAD CODE
BAD CODE
BAD CODE
BAD CODE
BAD CODE
BAD CODE
BAD CODE
BAD CODE
BAD CODE
BAD CODE
BAD CODE
BAD CODE
BAD CODE
BAD CODE
BAD CODE
BAD CODE
6
BAD CODE
4
BAD CODE
BAD CODE
BAD CODE
BAD CODE
BAD CODE
BAD CODE
BAD CODE
4
3
BAD CODE
BAD CODE
BAD CODE
BAD CODE
BAD CODE
BAD CODE
BAD CODE
BAD CODE
BAD CODE
BAD CODE
BAD CODE
BAD CODE
BAD CODE
BAD CODE
BAD CODE
BAD CODE
BAD CODE
3
BAD CODE
BAD CODE
BAD CODE
BAD CODE
BAD CODE
BAD CODE
BAD CODE
BAD CODE
BAD CODE
BAD CODE
BAD CODE
BAD CODE
BAD CODE
BAD CODE
BAD CODE
BAD CODE
BAD CODE
BAD CODE
BAD CODE
BAD CODE
BAD CODE
BAD CODE
BAD CODE
BAD CODE
BAD CODE
BAD CODE
BAD CODE
BAD CODE
BAD CODE
BAD CODE
BAD CODE
BAD CODE
BAD CODE
BAD CODE
BAD CODE
BAD CODE
BAD CODE
BAD CODE
BAD CODE
BAD CODE
BAD CODE
BAD CODE
BAD CODE
BAD CODE
BAD CODE
BAD CODE
BAD CODE
BAD CODE
BAD CODE
BAD CODE
BAD CODE
BAD CODE
BAD CODE
BAD CODE
BAD CODE
BAD CODE
BAD CODE
BAD CODE
BAD CODE
BAD CODE
BAD CODE
BAD CODE
BAD CODE
BAD CODE
BAD CODE
BAD CODE
BAD CODE
BAD CODE
BAD CODE
BAD CODE
8
6
BAD CODE
5
BAD CODE
BAD CODE
BAD CODE
BAD CODE
BAD CODE
BAD CODE
6
BAD CODE
4
BAD CODE
BAD CODE
BAD CODE
BAD CODE
BAD CODE
BAD CODE
BAD CODE
4
BAD CODE
BAD CODE
BAD CODE
BAD CODE
BAD CODE
BAD CODE
BAD CODE
BAD CODE
BAD CODE
BAD CODE
BAD CODE
BAD CODE
BAD CODE
BAD CODE
BAD CODE
BAD CODE
BAD CODE
BAD CODE
4
BAD CODE
BAD CODE
BAD CODE
BAD CODE
BAD CODE
BAD CODE
BAD CODE
BAD CODE
BAD CODE
BAD CODE
BAD CODE
BAD CODE
BAD CODE
BAD CODE
BAD CODE
BAD CODE
BAD CODE
BAD CODE
BAD CODE
BAD CODE
BAD CODE
BAD CODE
BAD CODE
BAD CODE
BAD CODE
BAD CODE
BAD CODE
BAD CODE
BAD CODE
BAD CODE
BAD CODE
BAD CODE
BAD CODE
BAD CODE
BAD CODE
BAD CODE
BAD CODE
BAD CODE
BAD CODE
BAD CODE
BAD CODE
BAD CODE
BAD CODE
BAD CODE
BAD CODE
BAD CODE
BAD CODE
BAD CODE
BAD CODE
BAD CODE
BAD CODE
BAD CODE
BAD CODE
BAD CODE
BAD CODE
BAD CODE
BAD CODE
BAD CODE
BAD CODE
BAD CODE
10
BAD CODE
BAD CODE
BAD CODE
6
BAD CODE
BAD CODE
BAD CODE
BAD CODE
BAD CODE
8
6
BAD CODE
5
BAD CODE
BAD CODE
BAD CODE
BAD CODE
BAD CODE
BAD CODE
6
BAD CODE
BAD CODE
BAD CODE
BAD CODE
BAD CODE
BAD CODE
BAD CODE
BAD CODE
BAD CODE
BAD CODE
BAD CODE
BAD CODE
BAD CODE
BAD CODE
BAD CODE
BAD CODE
BAD CODE
BAD CODE
BAD CODE
BAD CODE
BAD CODE
BAD CODE
BAD CODE
BAD CODE
BAD CODE
BAD CODE
BAD CODE
BAD CODE
5
BAD CODE
BAD CODE
BAD CODE
BAD CODE
BAD CODE
BAD CODE
BAD CODE
BAD CODE
BAD CODE
BAD CODE
BAD CODE
BAD CODE
BAD CODE
BAD CODE
BAD CODE
BAD CODE
BAD CODE
BAD CODE
BAD CODE
BAD CODE
BAD CODE
BAD CODE
BAD CODE
BAD CODE
BAD CODE
BAD CODE
BAD CODE
BAD CODE
BAD CODE
BAD CODE
BAD CODE
BAD CODE
BAD CODE
BAD CODE
BAD CODE
BAD CODE
BAD CODE
BAD CODE
BAD CODE
BAD CODE
BAD CODE
BAD CODE
BAD CODE
BAD CODE
BAD CODE
BAD CODE
BAD CODE
BAD CODE
BAD CODE
BAD CODE
12
9
8
BAD CODE
BAD CODE
7
BAD CODE
BAD CODE
BAD CODE
BAD CODE
10
BAD CODE
BAD CODE
BAD CODE
6
BAD CODE
BAD CODE
BAD CODE
BAD CODE
BAD CODE
8
6
BAD CODE
BAD CODE
BAD CODE
BAD CODE
BAD CODE
BAD CODE
BAD CODE
BAD CODE
6
BAD CODE
BAD CODE
BAD CODE
BAD CODE
BAD CODE
BAD CODE
BAD CODE
BAD CODE
BAD CODE
BAD CODE
BAD CODE
BAD CODE
BAD CODE
BAD CODE
BAD CODE
BAD CODE
BAD CODE
BAD CODE
BAD CODE
BAD CODE
BAD CODE
BAD CODE
BAD CODE
BAD CODE
BAD CODE
BAD CODE
BAD CODE
BAD CODE
6
BAD CODE
BAD CODE
BAD CODE
BAD CODE
BAD CODE
BAD CODE
BAD CODE
BAD CODE
BAD CODE
BAD CODE
BAD CODE
BAD CODE
BAD CODE
BAD CODE
BAD CODE
BAD CODE
BAD CODE
BAD CODE
BAD CODE
BAD CODE
BAD CODE
BAD CODE
BAD CODE
BAD CODE
BAD CODE
BAD CODE
BAD CODE
BAD CODE
BAD CODE
BAD CODE
BAD CODE
BAD CODE
BAD CODE
BAD CODE
BAD CODE
BAD CODE
BAD CODE
BAD CODE
BAD CODE
BAD CODE
14
BAD CODE
BAD CODE
BAD CODE
BAD CODE
BAD CODE
8
BAD CODE
BAD CODE
BAD CODE
12
9
8
BAD CODE
BAD CODE
7
BAD CODE
BAD CODE
BAD CODE
BAD CODE
10
BAD CODE
BAD CODE
BAD CODE
BAD CODE
BAD CODE
BAD CODE
BAD CODE
BAD CODE
BAD CODE
8
BAD CODE
BAD CODE
BAD CODE
BAD CODE
BAD CODE
BAD CODE
BAD CODE
BAD CODE
BAD CODE
BAD CODE
BAD CODE
BAD CODE
BAD CODE
BAD CODE
BAD CODE
BAD CODE
BAD CODE
BAD CODE
BAD CODE
BAD CODE
BAD CODE
BAD CODE
BAD CODE
BAD CODE
BAD CODE
BAD CODE
BAD CODE
BAD CODE
BAD CODE
BAD CODE
BAD CODE
BAD CODE
BAD CODE
BAD CODE
BAD CODE
BAD CODE
BAD CODE
BAD CODE
7
BAD CODE
BAD CODE
BAD CODE
BAD CODE
BAD CODE
BAD CODE
BAD CODE
BAD CODE
BAD CODE
BAD CODE
BAD CODE
BAD CODE
BAD CODE
BAD CODE
BAD CODE
BAD CODE
BAD CODE
BAD CODE
BAD CODE
BAD CODE
BAD CODE
BAD CODE
BAD CODE
BAD CODE
BAD CODE
BAD CODE
BAD CODE
BAD CODE
BAD CODE
BAD CODE
16
12
BAD CODE
10
BAD CODE
BAD CODE
BAD CODE
9
BAD CODE
BAD CODE
14
BAD CODE
BAD CODE
BAD CODE
BAD CODE
BAD CODE
8
BAD CODE
BAD CODE
BAD CODE
12
9
8
BAD CODE
BAD CODE
BAD CODE
BAD CODE
BAD CODE
BAD CODE
BAD CODE
10
BAD CODE
BAD CODE
BAD CODE
BAD CODE
BAD CODE
BAD CODE
BAD CODE
BAD CODE
BAD CODE
8
BAD CODE
BAD CODE
BAD CODE
BAD CODE
BAD CODE
BAD CODE
BAD CODE
BAD CODE
BAD CODE
BAD CODE
BAD CODE
BAD CODE
BAD CODE
BAD CODE
BAD CODE
BAD CODE
BAD CODE
BAD CODE
BAD CODE
BAD CODE
BAD CODE
BAD CODE
BAD CODE
BAD CODE
BAD CODE
BAD CODE
BAD CODE
BAD CODE
BAD CODE
BAD CODE
BAD CODE
BAD CODE
BAD CODE
BAD CODE
BAD CODE
BAD CODE
BAD CODE
BAD CODE
8
BAD CODE
BAD CODE
BAD CODE
BAD CODE
BAD CODE
BAD CODE
BAD CODE
BAD CODE
BAD CODE
BAD CODE
BAD CODE
BAD CODE
BAD CODE
BAD CODE
BAD CODE
BAD CODE
BAD CODE
BAD CODE
BAD CODE
BAD CODE
18
BAD CODE
12
BAD CODE
BAD CODE
BAD CODE
BAD CODE
BAD CODE
BAD CODE
BAD CODE
16
12
BAD CODE
10
BAD CODE
BAD CODE
BAD CODE
9
BAD CODE
BAD CODE
14
BAD CODE
BAD CODE
BAD CODE
BAD CODE
BAD CODE
BAD CODE
BAD CODE
BAD CODE
BAD CODE
12
9
BAD CODE
BAD CODE
BAD CODE
BAD CODE
BAD CODE
BAD CODE
BAD CODE
BAD CODE
10
BAD CODE
BAD CODE
BAD CODE
BAD CODE
BAD CODE
BAD CODE
BAD CODE
BAD CODE
BAD CODE
BAD CODE
BAD CODE
BAD CODE
BAD CODE
BAD CODE
BAD CODE
BAD CODE
BAD CODE
BAD CODE
BAD CODE
BAD CODE
BAD CODE
BAD CODE
BAD CODE
BAD CODE
BAD CODE
BAD CODE
BAD CODE
BAD CODE
BAD CODE
BAD CODE
BAD CODE
BAD CODE
BAD CODE
BAD CODE
BAD CODE
BAD CODE
BAD CODE
BAD CODE
BAD CODE
BAD CODE
BAD CODE
BAD CODE
BAD CODE
BAD CODE
BAD CODE
BAD CODE
BAD CODE
BAD CODE
9
BAD CODE
BAD CODE
BAD CODE
BAD CODE
BAD CODE
BAD CODE
BAD CODE
BAD CODE
0
0
0
0
0
0
0
0
0
0
0
0
BAD CODE
BAD CODE
BAD CODE
BAD CODE
BAD CODE
BAD CODE
BAD CODE
BAD CODE
0
0
BAD CODE
BAD CODE
BAD CODE
BAD CODE
BAD CODE
BAD CODE
BAD CODE
BAD CODE
0
0
BAD CODE
BAD CODE
BAD CODE
BAD CODE
BAD CODE
BAD CODE
BAD CODE
BAD CODE
0
0
BAD CODE
BAD CODE
BAD CODE
BAD CODE
BAD CODE
BAD CODE
BAD CODE
BAD CODE
0
0
BAD CODE
BAD CODE
BAD CODE
BAD CODE
BAD CODE
BAD CODE
BAD CODE
BAD CODE
0
0
BAD CODE
BAD CODE
BAD CODE
BAD CODE
BAD CODE
BAD CODE
BAD CODE
BAD CODE
0
0
BAD CODE
BAD CODE
BAD CODE
BAD CODE
BAD CODE
BAD CODE
BAD CODE
BAD CODE
0
0
BAD CODE
BAD CODE
BAD CODE
BAD CODE
BAD CODE
BAD CODE
BAD CODE
BAD CODE
0
0
BAD CODE
BAD CODE
BAD CODE
BAD CODE
BAD CODE
BAD CODE
BAD CODE
BAD CODE
BAD CODE
BAD CODE
BAD CODE
6
4
4
BAD CODE
BAD CODE
BAD CODE
BAD CODE
BAD CODE
BAD CODE
2
2
BAD CODE
BAD CODE
BAD CODE
BAD CODE
BAD CODE
BAD CODE
BAD CODE
2
BAD CODE
BAD CODE
BAD CODE
BAD CODE
BAD CODE
BAD CODE
BAD CODE
BAD CODE
BAD CODE
2
BAD CODE
BAD CODE
BAD CODE
BAD CODE
BAD CODE
BAD CODE
BAD CODE
BAD CODE
BAD CODE
2
BAD CODE
BAD CODE
BAD CODE
BAD CODE
BAD CODE
BAD CODE
BAD CODE
BAD CODE
BAD CODE
2
BAD CODE
BAD CODE
BAD CODE
BAD CODE
BAD CODE
BAD CODE
BAD CODE
BAD CODE
BAD CODE
2
BAD CODE
BAD CODE
BAD CODE
BAD CODE
BAD CODE
BAD CODE
BAD CODE
BAD CODE
BAD CODE
2
BAD CODE
BAD CODE
BAD CODE
BAD CODE
BAD CODE
BAD CODE
BAD CODE
BAD CODE
BAD CODE
2
BAD CODE
BAD CODE
BAD CODE
BAD CODE
BAD CODE
BAD CODE
BAD CODE
BAD CODE
BAD CODE
2
BAD CODE
BAD CODE
BAD CODE
BAD CODE
BAD CODE
BAD CODE
BAD CODE
BAD CODE
BAD CODE
BAD CODE
BAD CODE
12
8
BAD CODE
6
6
BAD CODE
BAD CODE
BAD CODE
BAD CODE
BAD CODE
6
4
4
BAD CODE
BAD CODE
BAD CODE
BAD CODE
BAD CODE
BAD CODE
4
BAD CODE
BAD CODE
BAD CODE
BAD CODE
BAD CODE
BAD CODE
BAD CODE
BAD CODE
BAD CODE
BAD CODE
BAD CODE
BAD CODE
BAD CODE
BAD CODE
BAD CODE
BAD CODE
BAD CODE
BAD CODE
4
BAD CODE
BAD CODE
BAD CODE
BAD CODE
BAD CODE
BAD CODE
BAD CODE
BAD CODE
BAD CODE
4
BAD CODE
BAD CODE
BAD CODE
BAD CODE
BAD CODE
BAD CODE
BAD CODE
BAD CODE
BAD CODE
4
BAD CODE
BAD CODE
BAD CODE
BAD CODE
BAD CODE
BAD CODE
BAD CODE
BAD CODE
BAD CODE
4
BAD CODE
BAD CODE
BAD CODE
BAD CODE
BAD CODE
BAD CODE
BAD CODE
BAD CODE
BAD CODE
4
BAD CODE
BAD CODE
BAD CODE
BAD CODE
BAD CODE
BAD CODE
BAD CODE
BAD CODE
BAD CODE
4
BAD CODE
BAD CODE
BAD CODE
BAD CODE
BAD CODE
BAD CODE
BAD CODE
BAD CODE
BAD CODE
BAD CODE
BAD CODE
18
12
10
BAD CODE
BAD CODE
8
8
BAD CODE
BAD CODE
BAD CODE
12
8
BAD CODE
6
6
BAD CODE
BAD CODE
BAD CODE
BAD CODE
BAD CODE
6
BAD CODE
BAD CODE
BAD CODE
BAD CODE
BAD CODE
BAD CODE
BAD CODE
BAD CODE
6
BAD CODE
BAD CODE
BAD CODE
BAD CODE
BAD CODE
BAD CODE
BAD CODE
BAD CODE
BAD CODE
BAD CODE
BAD CODE
BAD CODE
BAD CODE
BAD CODE
BAD CODE
BAD CODE
BAD CODE
BAD CODE
BAD CODE
BAD CODE
BAD CODE
BAD CODE
BAD CODE
BAD CODE
BAD CODE
BAD CODE
BAD CODE
BAD CODE
6
BAD CODE
BAD CODE
BAD CODE
BAD CODE
BAD CODE
BAD CODE
BAD CODE
BAD CODE
BAD CODE
6
BAD CODE
BAD CODE
BAD CODE
BAD CODE
BAD CODE
BAD CODE
BAD CODE
BAD CODE
BAD CODE
6
BAD CODE
BAD CODE
BAD CODE
BAD CODE
BAD CODE
BAD CODE
BAD CODE
BAD CODE
BAD CODE
6
BAD CODE
BAD CODE
BAD CODE
BAD CODE
BAD CODE
BAD CODE
BAD CODE
BAD CODE
BAD CODE
BAD CODE
BAD CODE
24
16
14
12
BAD CODE
BAD CODE
BAD CODE
BAD CODE
BAD CODE
BAD CODE
18
12
10
BAD CODE
BAD CODE
8
8
BAD CODE
BAD CODE
BAD CODE
12
8
BAD CODE
BAD CODE
BAD CODE
BAD CODE
BAD CODE
BAD CODE
BAD CODE
BAD CODE
8
BAD CODE
BAD CODE
BAD CODE
BAD CODE
BAD CODE
BAD CODE
BAD CODE
BAD CODE
8
BAD CODE
BAD CODE
BAD CODE
BAD CODE
BAD CODE
BAD CODE
BAD CODE
BAD CODE
BAD CODE
BAD CODE
BAD CODE
BAD CODE
BAD CODE
BAD CODE
BAD CODE
BAD CODE
BAD CODE
BAD CODE
BAD CODE
BAD CODE
BAD CODE
BAD CODE
BAD CODE
BAD CODE
BAD CODE
BAD CODE
BAD CODE
BAD CODE
BAD CODE
BAD CODE
BAD CODE
BAD CODE
BAD CODE
BAD CODE
BAD CODE
BAD CODE
BAD CODE
BAD CODE
8
BAD CODE
BAD CODE
BAD CODE
BAD CODE
BAD CODE
BAD CODE
BAD CODE
BAD CODE
BAD CODE
8
BAD CODE
BAD CODE
BAD CODE
BAD CODE
BAD CODE
BAD CODE
BAD CODE
BAD CODE
BAD CODE
BAD CODE
BAD CODE
30
20
BAD CODE
BAD CODE
14
BAD CODE
BAD CODE
BAD CODE
BAD CODE
BAD CODE
24
16
14
12
BAD CODE
BAD CODE
BAD CODE
BAD CODE
BAD CODE
BAD CODE
18
12
10
BAD CODE
BAD CODE
BAD CODE
BAD CODE
BAD CODE
BAD CODE
BAD CODE
12
BAD CODE
BAD CODE
BAD CODE
BAD CODE
BAD CODE
BAD CODE
BAD CODE
BAD CODE
BAD CODE
BAD CODE
BAD CODE
BAD CODE
BAD CODE
BAD CODE
BAD CODE
BAD CODE
BAD CODE
BAD CODE
10
BAD CODE
BAD CODE
BAD CODE
BAD CODE
BAD CODE
BAD CODE
BAD CODE
BAD CODE
BAD CODE
BAD CODE
BAD CODE
BAD CODE
BAD CODE
BAD CODE
BAD CODE
BAD CODE
BAD CODE
BAD CODE
BAD CODE
BAD CODE
BAD CODE
BAD CODE
BAD CODE
BAD CODE
BAD CODE
BAD CODE
BAD CODE
BAD CODE
BAD CODE
BAD CODE
BAD CODE
BAD CODE
BAD CODE
BAD CODE
BAD CODE
BAD CODE
BAD CODE
BAD CODE
BAD CODE
BAD CODE
BAD CODE
BAD CODE
BAD CODE
BAD CODE
BAD CODE
BAD CODE
BAD CODE
BAD CODE
BAD CODE
BAD CODE
36
24
20
18
BAD CODE
16
BAD CODE
BAD CODE
BAD CODE
BAD CODE
30
20
BAD CODE
BAD CODE
14
BAD CODE
BAD CODE
BAD CODE
BAD CODE
BAD CODE
24
16
14
12
BAD CODE
BAD CODE
BAD CODE
BAD CODE
BAD CODE
BAD CODE
18
12
BAD CODE
BAD CODE
BAD CODE
BAD CODE
BAD CODE
BAD CODE
BAD CODE
BAD CODE
12
BAD CODE
BAD CODE
BAD CODE
BAD CODE
BAD CODE
BAD CODE
BAD CODE
BAD CODE
BAD CODE
BAD CODE
BAD CODE
BAD CODE
BAD CODE
BAD CODE
BAD CODE
BAD CODE
BAD CODE
BAD CODE
12
BAD CODE
BAD CODE
BAD CODE
BAD CODE
BAD CODE
BAD CODE
BAD CODE
BAD CODE
BAD CODE
BAD CODE
BAD CODE
BAD CODE
BAD CODE
BAD CODE
BAD CODE
BAD CODE
BAD CODE
BAD CODE
BAD CODE
BAD CODE
BAD CODE
BAD CODE
BAD CODE
BAD CODE
BAD CODE
BAD CODE
BAD CODE
BAD CODE
BAD CODE
BAD CODE
BAD CODE
BAD CODE
BAD CODE
BAD CODE
BAD CODE
BAD CODE
BAD CODE
BAD CODE
BAD CODE
BAD CODE
42
28
24
BAD CODE
20
BAD CODE
18
BAD CODE
BAD CODE
BAD CODE
36
24
20
18
BAD CODE
16
BAD CODE
BAD CODE
BAD CODE
BAD CODE
30
20
BAD CODE
BAD CODE
14
BAD CODE
BAD CODE
BAD CODE
BAD CODE
BAD CODE
24
16
14
BAD CODE
BAD CODE
BAD CODE
BAD CODE
BAD CODE
BAD CODE
BAD CODE
18
BAD CODE
BAD CODE
BAD CODE
BAD CODE
BAD CODE
BAD CODE
BAD CODE
BAD CODE
BAD CODE
14
BAD CODE
BAD CODE
BAD CODE
BAD CODE
BAD CODE
BAD CODE
BAD CODE
BAD CODE
BAD CODE
BAD CODE
BAD CODE
BAD CODE
BAD CODE
BAD CODE
BAD CODE
BAD CODE
BAD CODE
BAD CODE
14
BAD CODE
BAD CODE
BAD CODE
BAD CODE
BAD CODE
BAD CODE
BAD CODE
BAD CODE
BAD CODE
BAD CODE
BAD CODE
BAD CODE
BAD CODE
BAD CODE
BAD CODE
BAD CODE
BAD CODE
BAD CODE
BAD CODE
BAD CODE
BAD CODE
BAD CODE
BAD CODE
BAD CODE
BAD CODE
BAD CODE
BAD CODE
BAD CODE
BAD CODE
BAD CODE
48
32
BAD CODE
24
BAD CODE
BAD CODE
BAD CODE
BAD CODE
BAD CODE
BAD CODE
42
28
24
BAD CODE
20
BAD CODE
18
BAD CODE
BAD CODE
BAD CODE
36
24
20
18
BAD CODE
16
BAD CODE
BAD CODE
BAD CODE
BAD CODE
30
20
BAD CODE
BAD CODE
BAD CODE
BAD CODE
BAD CODE
BAD CODE
BAD CODE
BAD CODE
24
16
BAD CODE
BAD CODE
BAD CODE
BAD CODE
BAD CODE
BAD CODE
BAD CODE
BAD CODE
18
BAD CODE
BAD CODE
BAD CODE
BAD CODE
BAD CODE
BAD CODE
BAD CODE
BAD CODE
BAD CODE
BAD CODE
BAD CODE
BAD CODE
BAD CODE
BAD CODE
BAD CODE
BAD CODE
BAD CODE
BAD CODE
BAD CODE
BAD CODE
BAD CODE
BAD CODE
BAD CODE
BAD CODE
BAD CODE
BAD CODE
BAD CODE
BAD CODE
16
BAD CODE
BAD CODE
BAD CODE
BAD CODE
BAD CODE
BAD CODE
BAD CODE
BAD CODE
BAD CODE
BAD CODE
BAD CODE
BAD CODE
BAD CODE
BAD CODE
BAD CODE
BAD CODE
BAD CODE
BAD CODE
BAD CODE
BAD CODE
54
36
30
BAD CODE
BAD CODE
24
BAD CODE
BAD CODE
BAD CODE
BAD CODE
48
32
BAD CODE
24
BAD CODE
BAD CODE
BAD CODE
BAD CODE
BAD CODE
BAD CODE
42
28
24
BAD CODE
20
BAD CODE
18
BAD CODE
BAD CODE
BAD CODE
36
24
20
18
BAD CODE
BAD CODE
BAD CODE
BAD CODE
BAD CODE
BAD CODE
30
20
BAD CODE
BAD CODE
BAD CODE
BAD CODE
BAD CODE
BAD CODE
BAD CODE
BAD CODE
24
BAD CODE
BAD CODE
BAD CODE
BAD CODE
BAD CODE
BAD CODE
BAD CODE
BAD CODE
BAD CODE
18
BAD CODE
BAD CODE
BAD CODE
BAD CODE
BAD CODE
BAD CODE
BAD CODE
BAD CODE
BAD CODE
BAD CODE
BAD CODE
BAD CODE
BAD CODE
BAD CODE
BAD CODE
BAD CODE
BAD CODE
BAD CODE
BAD CODE
BAD CODE
BAD CODE
BAD CODE
BAD CODE
BAD CODE
BAD CODE
BAD CODE
BAD CODE
BAD CODE
18
BAD CODE
BAD CODE
BAD CODE
BAD CODE
BAD CODE
BAD CODE
BAD CODE
0
0
0
0
0
0
0
0
0
0
0
0
0
BAD CODE
BAD CODE
BAD CODE
BAD CODE
BAD CODE
BAD CODE
BAD CODE
0
0
0
BAD CODE
BAD CODE
BAD CODE
BAD CODE
BAD CODE
BAD CODE
BAD CODE
0
0
0
BAD CODE
BAD CODE
BAD CODE
BAD CODE
BAD CODE
BAD CODE
BAD CODE
0
0
0
BAD CODE
BAD CODE
BAD CODE
BAD CODE
BAD CODE
BAD CODE
BAD CODE
0
0
0
BAD CODE
BAD CODE
BAD CODE
BAD CODE
BAD CODE
BAD CODE
BAD CODE
0
0
0
BAD CODE
BAD CODE
BAD CODE
BAD CODE
BAD CODE
BAD CODE
BAD CODE
0
0
0
BAD CODE
BAD CODE
BAD CODE
BAD CODE
BAD CODE
BAD CODE
BAD CODE
0
0
0
BAD CODE
BAD CODE
BAD CODE
BAD CODE
BAD CODE
BAD CODE
BAD CODE
0
0
0
BAD CODE
BAD CODE
BAD CODE
BAD CODE
BAD CODE
BAD CODE
BAD CODE
BAD CODE
BAD CODE
BAD CODE
BAD CODE
12
9
6
6
6
BAD CODE
BAD CODE
BAD CODE
BAD CODE
3
3
3
BAD CODE
BAD CODE
BAD CODE
BAD CODE
BAD CODE
BAD CODE
3
BAD CODE
BAD CODE
BAD CODE
BAD CODE
BAD CODE
BAD CODE
BAD CODE
BAD CODE
3
3
BAD CODE
BAD CODE
BAD CODE
BAD CODE
BAD CODE
BAD CODE
BAD CODE
BAD CODE
3
3
BAD CODE
BAD CODE
BAD CODE
BAD CODE
BAD CODE
BAD CODE
BAD CODE
BAD CODE
3
3
BAD CODE
BAD CODE
BAD CODE
BAD CODE
BAD CODE
BAD CODE
BAD CODE
BAD CODE
3
3
BAD CODE
BAD CODE
BAD CODE
BAD CODE
BAD CODE
BAD CODE
BAD CODE
BAD CODE
3
3
BAD CODE
BAD CODE
BAD CODE
BAD CODE
BAD CODE
BAD CODE
BAD CODE
BAD CODE
3
3
BAD CODE
BAD CODE
BAD CODE
BAD CODE
BAD CODE
BAD CODE
BAD CODE
BAD CODE
3
3
BAD CODE
BAD CODE
BAD CODE
BAD CODE
BAD CODE
BAD CODE
BAD CODE
BAD CODE
BAD CODE
BAD CODE
BAD CODE
24
15
12
12
BAD CODE
9
BAD CODE
BAD CODE
BAD CODE
BAD CODE
12
9
6
6
6
BAD CODE
BAD CODE
BAD CODE
BAD CODE
6
6
BAD CODE
BAD CODE
BAD CODE
BAD CODE
BAD CODE
BAD CODE
BAD CODE
6
BAD CODE
BAD CODE
BAD CODE
BAD CODE
BAD CODE
BAD CODE
BAD CODE
BAD CODE
BAD CODE
6
BAD CODE
BAD CODE
BAD CODE
BAD CODE
BAD CODE
BAD CODE
BAD CODE
BAD CODE
BAD CODE
6
BAD CODE
BAD CODE
BAD CODE
BAD CODE
BAD CODE
BAD CODE
BAD CODE
BAD CODE
6
6
BAD CODE
BAD CODE
BAD CODE
BAD CODE
BAD CODE
BAD CODE
BAD CODE
BAD CODE
6
6
BAD CODE
BAD CODE
BAD CODE
BAD CODE
BAD CODE
BAD CODE
BAD CODE
BAD CODE
6
6
BAD CODE
BAD CODE
BAD CODE
BAD CODE
BAD CODE
BAD CODE
BAD CODE
BAD CODE
6
6
BAD CODE
BAD CODE
BAD CODE
BAD CODE
BAD CODE
BAD CODE
BAD CODE
BAD CODE
BAD CODE
BAD CODE
BAD CODE
36
24
18
BAD CODE
15
BAD CODE
BAD CODE
BAD CODE
BAD CODE
BAD CODE
24
15
12
12
BAD CODE
9
BAD CODE
BAD CODE
BAD CODE
BAD CODE
12
9
BAD CODE
BAD CODE
BAD CODE
BAD CODE
BAD CODE
BAD CODE
BAD CODE
9
BAD CODE
BAD CODE
BAD CODE
BAD CODE
BAD CODE
BAD CODE
BAD CODE
BAD CODE
BAD CODE
BAD CODE
BAD CODE
BAD CODE
BAD CODE
BAD CODE
BAD CODE
BAD CODE
BAD CODE
BAD CODE
9
BAD CODE
BAD CODE
BAD CODE
BAD CODE
BAD CODE
BAD CODE
BAD CODE
BAD CODE
BAD CODE
9
BAD CODE
BAD CODE
BAD CODE
BAD CODE
BAD CODE
BAD CODE
BAD CODE
BAD CODE
BAD CODE
9
BAD CODE
BAD CODE
BAD CODE
BAD CODE
BAD CODE
BAD CODE
BAD CODE
BAD CODE
BAD CODE
9
BAD CODE
BAD CODE
BAD CODE
BAD CODE
BAD CODE
BAD CODE
BAD CODE
BAD CODE
9
9
BAD CODE
BAD CODE
BAD CODE
BAD CODE
BAD CODE
BAD CODE
BAD CODE
BAD CODE
BAD CODE
BAD CODE
BAD CODE
48
30
24
21
BAD CODE
18
BAD CODE
BAD CODE
BAD CODE
BAD CODE
36
24
18
BAD CODE
15
BAD CODE
BAD CODE
BAD CODE
BAD CODE
BAD CODE
24
15
12
12
BAD CODE
BAD CODE
BAD CODE
BAD CODE
BAD CODE
BAD CODE
12
BAD CODE
BAD CODE
BAD CODE
BAD CODE
BAD CODE
BAD CODE
BAD CODE
BAD CODE
12
BAD CODE
BAD CODE
BAD CODE
BAD CODE
BAD CODE
BAD CODE
BAD CODE
BAD CODE
BAD CODE
BAD CODE
BAD CODE
BAD CODE
BAD CODE
BAD CODE
BAD CODE
BAD CODE
BAD CODE
BAD CODE
12
BAD CODE
BAD CODE
BAD CODE
BAD CODE
BAD CODE
BAD CODE
BAD CODE
BAD CODE
BAD CODE
12
BAD CODE
BAD CODE
BAD CODE
BAD CODE
BAD CODE
BAD CODE
BAD CODE
BAD CODE
BAD CODE
12
BAD CODE
BAD CODE
BAD CODE
BAD CODE
BAD CODE
BAD CODE
BAD CODE
BAD CODE
BAD CODE
12
BAD CODE
BAD CODE
BAD CODE
BAD CODE
BAD CODE
BAD CODE
BAD CODE
BAD CODE
BAD CODE
BAD CODE
BAD CODE
60
39
30
27
24
BAD CODE
BAD CODE
BAD CODE
BAD CODE
BAD CODE
48
30
24
21
BAD CODE
18
BAD CODE
BAD CODE
BAD CODE
BAD CODE
36
24
18
BAD CODE
15
BAD CODE
BAD CODE
BAD CODE
BAD CODE
BAD CODE
24
15
BAD CODE
BAD CODE
BAD CODE
BAD CODE
BAD CODE
BAD CODE
BAD CODE
BAD CODE
15
BAD CODE
BAD CODE
BAD CODE
BAD CODE
BAD CODE
BAD CODE
BAD CODE
BAD CODE
15
BAD CODE
BAD CODE
BAD CODE
BAD CODE
BAD CODE
BAD CODE
BAD CODE
BAD CODE
BAD CODE
BAD CODE
BAD CODE
BAD CODE
BAD CODE
BAD CODE
BAD CODE
BAD CODE
BAD CODE
BAD CODE
BAD CODE
BAD CODE
BAD CODE
BAD CODE
BAD CODE
BAD CODE
BAD CODE
BAD CODE
BAD CODE
BAD CODE
15
BAD CODE
BAD CODE
BAD CODE
BAD CODE
BAD CODE
BAD CODE
BAD CODE
BAD CODE
BAD CODE
15
BAD CODE
BAD CODE
BAD CODE
BAD CODE
BAD CODE
BAD CODE
BAD CODE
BAD CODE
BAD CODE
BAD CODE
BAD CODE
72
45
36
33
30
27
BAD CODE
BAD CODE
BAD CODE
BAD CODE
60
39
30
27
24
BAD CODE
BAD CODE
BAD CODE
BAD CODE
BAD CODE
48
30
24
21
BAD CODE
18
BAD CODE
BAD CODE
BAD CODE
BAD CODE
36
24
18
BAD CODE
BAD CODE
BAD CODE
BAD CODE
BAD CODE
BAD CODE
BAD CODE
24
18
BAD CODE
BAD CODE
BAD CODE
BAD CODE
BAD CODE
BAD CODE
BAD CODE
BAD CODE
18
BAD CODE
BAD CODE
BAD CODE
BAD CODE
BAD CODE
BAD CODE
BAD CODE
BAD CODE
18
BAD CODE
BAD CODE
BAD CODE
BAD CODE
BAD CODE
BAD CODE
BAD CODE
BAD CODE
BAD CODE
BAD CODE
BAD CODE
BAD CODE
BAD CODE
BAD CODE
BAD CODE
BAD CODE
BAD CODE
BAD CODE
BAD CODE
BAD CODE
BAD CODE
BAD CODE
BAD CODE
BAD CODE
BAD CODE
BAD CODE
BAD CODE
BAD CODE
18
BAD CODE
BAD CODE
BAD CODE
BAD CODE
BAD CODE
BAD CODE
BAD CODE
BAD CODE
BAD CODE
BAD CODE
BAD CODE
84
54
42
BAD CODE
BAD CODE
BAD CODE
BAD CODE
BAD CODE
BAD CODE
BAD CODE
72
45
36
33
30
27
BAD CODE
BAD CODE
BAD CODE
BAD CODE
60
39
30
27
24
BAD CODE
BAD CODE
BAD CODE
BAD CODE
BAD CODE
48
30
24
21
BAD CODE
BAD CODE
BAD CODE
BAD CODE
BAD CODE
BAD CODE
36
24
BAD CODE
BAD CODE
BAD CODE
BAD CODE
BAD CODE
BAD CODE
BAD CODE
BAD CODE
24
BAD CODE
BAD CODE
BAD CODE
BAD CODE
BAD CODE
BAD CODE
BAD CODE
BAD CODE
BAD CODE
BAD CODE
BAD CODE
BAD CODE
BAD CODE
BAD CODE
BAD CODE
BAD CODE
BAD CODE
BAD CODE
21
BAD CODE
BAD CODE
BAD CODE
BAD CODE
BAD CODE
BAD CODE
BAD CODE
BAD CODE
BAD CODE
BAD CODE
BAD CODE
BAD CODE
BAD CODE
BAD CODE
BAD CODE
BAD CODE
BAD CODE
BAD CODE
BAD CODE
BAD CODE
BAD CODE
BAD CODE
BAD CODE
BAD CODE
BAD CODE
BAD CODE
BAD CODE
BAD CODE
BAD CODE
BAD CODE
96
60
48
42
39
36
BAD CODE
BAD CODE
BAD CODE
BAD CODE
84
54
42
BAD CODE
BAD CODE
BAD CODE
BAD CODE
BAD CODE
BAD CODE
BAD CODE
72
45
36
33
30
27
BAD CODE
BAD CODE
BAD CODE
BAD CODE
60
39
30
27
24
BAD CODE
BAD CODE
BAD CODE
BAD CODE
BAD CODE
48
30
24
BAD CODE
BAD CODE
BAD CODE
BAD CODE
BAD CODE
BAD CODE
BAD CODE
36
24
BAD CODE
BAD CODE
BAD CODE
BAD CODE
BAD CODE
BAD CODE
BAD CODE
BAD CODE
24
BAD CODE
BAD CODE
BAD CODE
BAD CODE
BAD CODE
BAD CODE
BAD CODE
BAD CODE
BAD CODE
BAD CODE
BAD CODE
BAD CODE
BAD CODE
BAD CODE
BAD CODE
BAD CODE
BAD CODE
BAD CODE
24
BAD CODE
BAD CODE
BAD CODE
BAD CODE
BAD CODE
BAD CODE
BAD CODE
BAD CODE
BAD CODE
BAD CODE
BAD CODE
BAD CODE
BAD CODE
BAD CODE
BAD CODE
BAD CODE
BAD CODE
BAD CODE
BAD CODE
BAD CODE
108
69
54
48
BAD CODE
BAD CODE
BAD CODE
BAD CODE
BAD CODE
BAD CODE
96
60
48
42
39
36
BAD CODE
BAD CODE
BAD CODE
BAD CODE
84
54
42
BAD CODE
BAD CODE
BAD CODE
BAD CODE
BAD CODE
BAD CODE
BAD CODE
72
45
36
33
30
27
BAD CODE
BAD CODE
BAD CODE
BAD CODE
60
39
30
27
BAD CODE
BAD CODE
BAD CODE
BAD CODE
BAD CODE
BAD CODE
48
30
BAD CODE
BAD CODE
BAD CODE
BAD CODE
BAD CODE
BAD CODE
BAD CODE
BAD CODE
36
BAD CODE
BAD CODE
BAD CODE
BAD CODE
BAD CODE
BAD CODE
BAD CODE
BAD CODE
BAD CODE
27
BAD CODE
BAD CODE
BAD CODE
BAD CODE
BAD CODE
BAD CODE
BAD CODE
BAD CODE
BAD CODE
BAD CODE
BAD CODE
BAD CODE
BAD CODE
BAD CODE
BAD CODE
BAD CODE
BAD CODE
BAD CODE
27
BAD CODE
BAD CODE
BAD CODE
BAD CODE
BAD CODE
BAD CODE
0
0
0
0
0
0
0
0
0
0
0
0
0
0
BAD CODE
BAD CODE
BAD CODE
BAD CODE
BAD CODE
BAD CODE
0
0
0
0
BAD CODE
BAD CODE
BAD CODE
BAD CODE
BAD CODE
BAD CODE
0
0
0
0
BAD CODE
BAD CODE
BAD CODE
BAD CODE
BAD CODE
BAD CODE
0
0
0
0
BAD CODE
BAD CODE
BAD CODE
BAD CODE
BAD CODE
BAD CODE
0
0
0
0
BAD CODE
BAD CODE
BAD CODE
BAD CODE
BAD CODE
BAD CODE
0
0
0
0
BAD CODE
BAD CODE
BAD CODE
BAD CODE
BAD CODE
BAD CODE
0
0
0
0
BAD CODE
BAD CODE
BAD CODE
BAD CODE
BAD CODE
BAD CODE
0
0
0
0
BAD CODE
BAD CODE
BAD CODE
BAD CODE
BAD CODE
BAD CODE
0
0
0
0
BAD CODE
BAD CODE
BAD CODE
BAD CODE
BAD CODE
BAD CODE
BAD CODE
BAD CODE
BAD CODE
BAD CODE
BAD CODE
20
12
12
8
8
BAD CODE
BAD CODE
BAD CODE
BAD CODE
4
4
4
4
BAD CODE
BAD CODE
BAD CODE
BAD CODE
4
4
BAD CODE
BAD CODE
BAD CODE
BAD CODE
BAD CODE
BAD CODE
BAD CODE
BAD CODE
4
4
BAD CODE
BAD CODE
BAD CODE
BAD CODE
BAD CODE
BAD CODE
BAD CODE
4
4
4
BAD CODE
BAD CODE
BAD CODE
BAD CODE
BAD CODE
BAD CODE
BAD CODE
4
4
4
BAD CODE
BAD CODE
BAD CODE
BAD CODE
BAD CODE
BAD CODE
BAD CODE
4
4
4
BAD CODE
BAD CODE
BAD CODE
BAD CODE
BAD CODE
BAD CODE
BAD CODE
4
4
4
BAD CODE
BAD CODE
BAD CODE
BAD CODE
BAD CODE
BAD CODE
BAD CODE
4
4
4
BAD CODE
BAD CODE
BAD CODE
BAD CODE
BAD CODE
BAD CODE
BAD CODE
4
4
4
BAD CODE
BAD CODE
BAD CODE
BAD CODE
BAD CODE
BAD CODE
BAD CODE
BAD CODE
BAD CODE
BAD CODE
BAD CODE
40
24
20
16
16
BAD CODE
BAD CODE
BAD CODE
BAD CODE
BAD CODE
20
12
12
8
8
BAD CODE
BAD CODE
BAD CODE
BAD CODE
8
8
BAD CODE
BAD CODE
BAD CODE
BAD CODE
BAD CODE
BAD CODE
BAD CODE
8
BAD CODE
BAD CODE
BAD CODE
BAD CODE
BAD CODE
BAD CODE
BAD CODE
BAD CODE
8
8
BAD CODE
BAD CODE
BAD CODE
BAD CODE
BAD CODE
BAD CODE
BAD CODE
BAD CODE
8
8
BAD CODE
BAD CODE
BAD CODE
BAD CODE
BAD CODE
BAD CODE
BAD CODE
BAD CODE
8
8
BAD CODE
BAD CODE
BAD CODE
BAD CODE
BAD CODE
BAD CODE
BAD CODE
BAD CODE
8
8
BAD CODE
BAD CODE
BAD CODE
BAD CODE
BAD CODE
BAD CODE
BAD CODE
8
8
8
BAD CODE
BAD CODE
BAD CODE
BAD CODE
BAD CODE
BAD CODE
BAD CODE
8
8
8
BAD CODE
BAD CODE
BAD CODE
BAD CODE
BAD CODE
BAD CODE
BAD CODE
BAD CODE
BAD CODE
BAD CODE
BAD CODE
60
36
28
24
24
BAD CODE
BAD CODE
BAD CODE
BAD CODE
BAD CODE
40
24
20
16
16
BAD CODE
BAD CODE
BAD CODE
BAD CODE
BAD CODE
20
12
12
BAD CODE
BAD CODE
BAD CODE
BAD CODE
BAD CODE
BAD CODE
12
12
BAD CODE
BAD CODE
BAD CODE
BAD CODE
BAD CODE
BAD CODE
BAD CODE
12
BAD CODE
BAD CODE
BAD CODE
BAD CODE
BAD CODE
BAD CODE
BAD CODE
BAD CODE
BAD CODE
12
BAD CODE
BAD CODE
BAD CODE
BAD CODE
BAD CODE
BAD CODE
BAD CODE
BAD CODE
12
12
BAD CODE
BAD CODE
BAD CODE
BAD CODE
BAD CODE
BAD CODE
BAD CODE
BAD CODE
12
12
BAD CODE
BAD CODE
BAD CODE
BAD CODE
BAD CODE
BAD CODE
BAD CODE
BAD CODE
12
12
BAD CODE
BAD CODE
BAD CODE
BAD CODE
BAD CODE
BAD CODE
BAD CODE
BAD CODE
12
12
BAD CODE
BAD CODE
BAD CODE
BAD CODE
BAD CODE
BAD CODE
BAD CODE
BAD CODE
BAD CODE
BAD CODE
BAD CODE
80
48
40
32
BAD CODE
BAD CODE
BAD CODE
BAD CODE
BAD CODE
BAD CODE
60
36
28
24
24
BAD CODE
BAD CODE
BAD CODE
BAD CODE
BAD CODE
40
24
20
16
16
BAD CODE
BAD CODE
BAD CODE
BAD CODE
BAD CODE
20
16
BAD CODE
BAD CODE
BAD CODE
BAD CODE
BAD CODE
BAD CODE
BAD CODE
16
BAD CODE
BAD CODE
BAD CODE
BAD CODE
BAD CODE
BAD CODE
BAD CODE
BAD CODE
BAD CODE
BAD CODE
BAD CODE
BAD CODE
BAD CODE
BAD CODE
BAD CODE
BAD CODE
BAD CODE
BAD CODE
16
BAD CODE
BAD CODE
BAD CODE
BAD CODE
BAD CODE
BAD CODE
BAD CODE
BAD CODE
BAD CODE
16
BAD CODE
BAD CODE
BAD CODE
BAD CODE
BAD CODE
BAD CODE
BAD CODE
BAD CODE
16
16
BAD CODE
BAD CODE
BAD CODE
BAD CODE
BAD CODE
BAD CODE
BAD CODE
BAD CODE
16
16
BAD CODE
BAD CODE
BAD CODE
BAD CODE
BAD CODE
BAD CODE
BAD CODE
BAD CODE
BAD CODE
BAD CODE
BAD CODE
100
60
48
40
36
BAD CODE
BAD CODE
BAD CODE
BAD CODE
BAD CODE
80
48
40
32
BAD CODE
BAD CODE
BAD CODE
BAD CODE
BAD CODE
BAD CODE
60
36
28
24
24
BAD CODE
BAD CODE
BAD CODE
BAD CODE
BAD CODE
40
24
20
BAD CODE
BAD CODE
BAD CODE
BAD CODE
BAD CODE
BAD CODE
BAD CODE
20
BAD CODE
BAD CODE
BAD CODE
BAD CODE
BAD CODE
BAD CODE
BAD CODE
BAD CODE
20
BAD CODE
BAD CODE
BAD CODE
BAD CODE
BAD CODE
BAD CODE
BAD CODE
BAD CODE
BAD CODE
BAD CODE
BAD CODE
BAD CODE
BAD CODE
BAD CODE
BAD CODE
BAD CODE
BAD CODE
BAD CODE
20
BAD CODE
BAD CODE
BAD CODE
BAD CODE
BAD CODE
BAD CODE
BAD CODE
BAD CODE
BAD CODE
20
BAD CODE
BAD CODE
BAD CODE
BAD CODE
BAD CODE
BAD CODE
BAD CODE
BAD CODE
BAD CODE
20
BAD CODE
BAD CODE
BAD CODE
BAD CODE
BAD CODE
BAD CODE
BAD CODE
BAD CODE
BAD CODE
BAD CODE
BAD CODE
120
72
56
48
44
BAD CODE
BAD CODE
BAD CODE
BAD CODE
BAD CODE
100
60
48
40
36
BAD CODE
BAD CODE
BAD CODE
BAD CODE
BAD CODE
80
48
40
32
BAD CODE
BAD CODE
BAD CODE
BAD CODE
BAD CODE
BAD CODE
60
36
28
24
24
BAD CODE
BAD CODE
BAD CODE
BAD CODE
BAD CODE
40
24
BAD CODE
BAD CODE
BAD CODE
BAD CODE
BAD CODE
BAD CODE
BAD CODE
BAD CODE
24
BAD CODE
BAD CODE
BAD CODE
BAD CODE
BAD CODE
BAD CODE
BAD CODE
BAD CODE
24
BAD CODE
BAD CODE
BAD CODE
BAD CODE
BAD CODE
BAD CODE
BAD CODE
BAD CODE
BAD CODE
BAD CODE
BAD CODE
BAD CODE
BAD CODE
BAD CODE
BAD CODE
BAD CODE
BAD CODE
BAD CODE
24
BAD CODE
BAD CODE
BAD CODE
BAD CODE
BAD CODE
BAD CODE
BAD CODE
BAD CODE
BAD CODE
24
BAD CODE
BAD CODE
BAD CODE
BAD CODE
BAD CODE
BAD CODE
BAD CODE
BAD CODE
BAD CODE
BAD CODE
BAD CODE
140
84
68
56
52
BAD CODE
BAD CODE
BAD CODE
BAD CODE
BAD CODE
120
72
56
48
44
BAD CODE
BAD CODE
BAD CODE
BAD CODE
BAD CODE
100
60
48
40
36
BAD CODE
BAD CODE
BAD CODE
BAD CODE
BAD CODE
80
48
40
32
BAD CODE
BAD CODE
BAD CODE
BAD CODE
BAD CODE
BAD CODE
60
36
28
BAD CODE
BAD CODE
BAD CODE
BAD CODE
BAD CODE
BAD CODE
BAD CODE
40
28
BAD CODE
BAD CODE
BAD CODE
BAD CODE
BAD CODE
BAD CODE
BAD CODE
BAD CODE
28
BAD CODE
BAD CODE
BAD CODE
BAD CODE
BAD CODE
BAD CODE
BAD CODE
BAD CODE
28
BAD CODE
BAD CODE
BAD CODE
BAD CODE
BAD CODE
BAD CODE
BAD CODE
BAD CODE
BAD CODE
BAD CODE
BAD CODE
BAD CODE
BAD CODE
BAD CODE
BAD CODE
BAD CODE
BAD CODE
BAD CODE
BAD CODE
BAD CODE
BAD CODE
BAD CODE
BAD CODE
BAD CODE
BAD CODE
BAD CODE
BAD CODE
BAD CODE
BAD CODE
BAD CODE
160
96
76
64
60
BAD CODE
BAD CODE
BAD CODE
BAD CODE
BAD CODE
140
84
68
56
52
BAD CODE
BAD CODE
BAD CODE
BAD CODE
BAD CODE
120
72
56
48
44
BAD CODE
BAD CODE
BAD CODE
BAD CODE
BAD CODE
100
60
48
40
36
BAD CODE
BAD CODE
BAD CODE
BAD CODE
BAD CODE
80
48
40
32
BAD CODE
BAD CODE
BAD CODE
BAD CODE
BAD CODE
BAD CODE
60
36
32
BAD CODE
BAD CODE
BAD CODE
BAD CODE
BAD CODE
BAD CODE
BAD CODE
40
BAD CODE
BAD CODE
BAD CODE
BAD CODE
BAD CODE
BAD CODE
BAD CODE
BAD CODE
BAD CODE
32
BAD CODE
BAD CODE
BAD CODE
BAD CODE
BAD CODE
BAD CODE
BAD CODE
BAD CODE
32
BAD CODE
BAD CODE
BAD CODE
BAD CODE
BAD CODE
BAD CODE
BAD CODE
BAD CODE
BAD CODE
BAD CODE
BAD CODE
BAD CODE
BAD CODE
BAD CODE
BAD CODE
BAD CODE
BAD CODE
BAD CODE
BAD CODE
BAD CODE
180
108
84
72
BAD CODE
BAD CODE
BAD CODE
BAD CODE
BAD CODE
BAD CODE
160
96
76
64
60
BAD CODE
BAD CODE
BAD CODE
BAD CODE
BAD CODE
140
84
68
56
52
BAD CODE
BAD CODE
BAD CODE
BAD CODE
BAD CODE
120
72
56
48
44
BAD CODE
BAD CODE
BAD CODE
BAD CODE
BAD CODE
100
60
48
40
36
BAD CODE
BAD CODE
BAD CODE
BAD CODE
BAD CODE
80
48
40
BAD CODE
BAD CODE
BAD CODE
BAD CODE
BAD CODE
BAD CODE
BAD CODE
60
36
BAD CODE
BAD CODE
BAD CODE
BAD CODE
BAD CODE
BAD CODE
BAD CODE
BAD CODE
40
BAD CODE
BAD CODE
BAD CODE
BAD CODE
BAD CODE
BAD CODE
BAD CODE
BAD CODE
BAD CODE
BAD CODE
BAD CODE
BAD CODE
BAD CODE
BAD CODE
BAD CODE
BAD CODE
BAD CODE
BAD CODE
36
BAD CODE
BAD CODE
BAD CODE
BAD CODE
BAD CODE
0
0
0
0
0
0
0
0
0
0
0
0
0
0
0
BAD CODE
BAD CODE
BAD CODE
BAD CODE
BAD CODE
0
0
0
0
0
BAD CODE
BAD CODE
BAD CODE
BAD CODE
BAD CODE
0
0
0
0
0
BAD CODE
BAD CODE
BAD CODE
BAD CODE
BAD CODE
0
0
0
0
0
BAD CODE
BAD CODE
BAD CODE
BAD CODE
BAD CODE
0
0
0
0
0
BAD CODE
BAD CODE
BAD CODE
BAD CODE
BAD CODE
0
0
0
0
0
BAD CODE
BAD CODE
BAD CODE
BAD CODE
BAD CODE
0
0
0
0
0
BAD CODE
BAD CODE
BAD CODE
BAD CODE
BAD CODE
0
0
0
0
0
BAD CODE
BAD CODE
BAD CODE
BAD CODE
BAD CODE
0
0
0
0
0
BAD CODE
BAD CODE
BAD CODE
BAD CODE
BAD CODE
BAD CODE
BAD CODE
BAD CODE
BAD CODE
BAD CODE
BAD CODE
30
20
15
15
BAD CODE
BAD CODE
BAD CODE
BAD CODE
BAD CODE
5
5
5
5
5
BAD CODE
BAD CODE
BAD CODE
5
5
BAD CODE
BAD CODE
BAD CODE
BAD CODE
BAD CODE
BAD CODE
BAD CODE
5
5
5
BAD CODE
BAD CODE
BAD CODE
BAD CODE
BAD CODE
BAD CODE
BAD CODE
5
5
5
BAD CODE
BAD CODE
BAD CODE
BAD CODE
BAD CODE
BAD CODE
5
5
5
5
BAD CODE
BAD CODE
BAD CODE
BAD CODE
BAD CODE
BAD CODE
5
5
5
5
BAD CODE
BAD CODE
BAD CODE
BAD CODE
BAD CODE
BAD CODE
5
5
5
5
BAD CODE
BAD CODE
BAD CODE
BAD CODE
BAD CODE
BAD CODE
5
5
5
5
BAD CODE
BAD CODE
BAD CODE
BAD CODE
BAD CODE
BAD CODE
5
5
5
5
BAD CODE
BAD CODE
BAD CODE
BAD CODE
BAD CODE
BAD CODE
BAD CODE
BAD CODE
BAD CODE
BAD CODE
BAD CODE
60
35
30
25
BAD CODE
BAD CODE
BAD CODE
BAD CODE
BAD CODE
BAD CODE
30
20
15
15
BAD CODE
BAD CODE
BAD CODE
BAD CODE
BAD CODE
10
10
10
BAD CODE
BAD CODE
BAD CODE
BAD CODE
BAD CODE
BAD CODE
10
BAD CODE
BAD CODE
BAD CODE
BAD CODE
BAD CODE
BAD CODE
BAD CODE
BAD CODE
10
10
BAD CODE
BAD CODE
BAD CODE
BAD CODE
BAD CODE
BAD CODE
BAD CODE
10
10
10
BAD CODE
BAD CODE
BAD CODE
BAD CODE
BAD CODE
BAD CODE
BAD CODE
10
10
10
BAD CODE
BAD CODE
BAD CODE
BAD CODE
BAD CODE
BAD CODE
BAD CODE
10
10
10
BAD CODE
BAD CODE
BAD CODE
BAD CODE
BAD CODE
BAD CODE
BAD CODE
10
10
10
BAD CODE
BAD CODE
BAD CODE
BAD CODE
BAD CODE
BAD CODE
BAD CODE
10
10
10
BAD CODE
BAD CODE
BAD CODE
BAD CODE
BAD CODE
BAD CODE
BAD CODE
BAD CODE
BAD CODE
BAD CODE
BAD CODE
90
55
40
35
BAD CODE
BAD CODE
BAD CODE
BAD CODE
BAD CODE
BAD CODE
60
35
30
25
BAD CODE
BAD CODE
BAD CODE
BAD CODE
BAD CODE
BAD CODE
30
20
15
15
BAD CODE
BAD CODE
BAD CODE
BAD CODE
BAD CODE
15
15
BAD CODE
BAD CODE
BAD CODE
BAD CODE
BAD CODE
BAD CODE
BAD CODE
15
BAD CODE
BAD CODE
BAD CODE
BAD CODE
BAD CODE
BAD CODE
BAD CODE
BAD CODE
15
15
BAD CODE
BAD CODE
BAD CODE
BAD CODE
BAD CODE
BAD CODE
BAD CODE
BAD CODE
15
15
BAD CODE
BAD CODE
BAD CODE
BAD CODE
BAD CODE
BAD CODE
BAD CODE
BAD CODE
15
15
BAD CODE
BAD CODE
BAD CODE
BAD CODE
BAD CODE
BAD CODE
BAD CODE
15
15
15
BAD CODE
BAD CODE
BAD CODE
BAD CODE
BAD CODE
BAD CODE
BAD CODE
15
15
15
BAD CODE
BAD CODE
BAD CODE
BAD CODE
BAD CODE
BAD CODE
BAD CODE
BAD CODE
BAD CODE
BAD CODE
BAD CODE
120
70
55
45
BAD CODE
BAD CODE
BAD CODE
BAD CODE
BAD CODE
BAD CODE
90
55
40
35
BAD CODE
BAD CODE
BAD CODE
BAD CODE
BAD CODE
BAD CODE
60
35
30
25
BAD CODE
BAD CODE
BAD CODE
BAD CODE
BAD CODE
BAD CODE
30
20
20
BAD CODE
BAD CODE
BAD CODE
BAD CODE
BAD CODE
BAD CODE
20
20
BAD CODE
BAD CODE
BAD CODE
BAD CODE
BAD CODE
BAD CODE
BAD CODE
20
BAD CODE
BAD CODE
BAD CODE
BAD CODE
BAD CODE
BAD CODE
BAD CODE
BAD CODE
BAD CODE
20
BAD CODE
BAD CODE
BAD CODE
BAD CODE
BAD CODE
BAD CODE
BAD CODE
BAD CODE
20
20
BAD CODE
BAD CODE
BAD CODE
BAD CODE
BAD CODE
BAD CODE
BAD CODE
BAD CODE
20
20
BAD CODE
BAD CODE
BAD CODE
BAD CODE
BAD CODE
BAD CODE
BAD CODE
BAD CODE
20
20
BAD CODE
BAD CODE
BAD CODE
BAD CODE
BAD CODE
BAD CODE
BAD CODE
BAD CODE
BAD CODE
BAD CODE
BAD CODE
150
90
70
60
BAD CODE
BAD CODE
BAD CODE
BAD CODE
BAD CODE
BAD CODE
120
70
55
45
BAD CODE
BAD CODE
BAD CODE
BAD CODE
BAD CODE
BAD CODE
90
55
40
35
BAD CODE
BAD CODE
BAD CODE
BAD CODE
BAD CODE
BAD CODE
60
35
30
25
BAD CODE
BAD CODE
BAD CODE
BAD CODE
BAD CODE
BAD CODE
30
25
BAD CODE
BAD CODE
BAD CODE
BAD CODE
BAD CODE
BAD CODE
BAD CODE
25
BAD CODE
BAD CODE
BAD CODE
BAD CODE
BAD CODE
BAD CODE
BAD CODE
BAD CODE
BAD CODE
BAD CODE
BAD CODE
BAD CODE
BAD CODE
BAD CODE
BAD CODE
BAD CODE
BAD CODE
BAD CODE
25
BAD CODE
BAD CODE
BAD CODE
BAD CODE
BAD CODE
BAD CODE
BAD CODE
BAD CODE
BAD CODE
25
BAD CODE
BAD CODE
BAD CODE
BAD CODE
BAD CODE
BAD CODE
BAD CODE
BAD CODE
25
25
BAD CODE
BAD CODE
BAD CODE
BAD CODE
BAD CODE
BAD CODE
BAD CODE
BAD CODE
BAD CODE
BAD CODE
BAD CODE
180
105
80
70
BAD CODE
BAD CODE
BAD CODE
BAD CODE
BAD CODE
BAD CODE
150
90
70
60
BAD CODE
BAD CODE
BAD CODE
BAD CODE
BAD CODE
BAD CODE
120
70
55
45
BAD CODE
BAD CODE
BAD CODE
BAD CODE
BAD CODE
BAD CODE
90
55
40
35
BAD CODE
BAD CODE
BAD CODE
BAD CODE
BAD CODE
BAD CODE
60
35
30
BAD CODE
BAD CODE
BAD CODE
BAD CODE
BAD CODE
BAD CODE
BAD CODE
30
BAD CODE
BAD CODE
BAD CODE
BAD CODE
BAD CODE
BAD CODE
BAD CODE
BAD CODE
30
BAD CODE
BAD CODE
BAD CODE
BAD CODE
BAD CODE
BAD CODE
BAD CODE
BAD CODE
BAD CODE
BAD CODE
BAD CODE
BAD CODE
BAD CODE
BAD CODE
BAD CODE
BAD CODE
BAD CODE
BAD CODE
30
BAD CODE
BAD CODE
BAD CODE
BAD CODE
BAD CODE
BAD CODE
BAD CODE
BAD CODE
BAD CODE
30
BAD CODE
BAD CODE
BAD CODE
BAD CODE
BAD CODE
BAD CODE
BAD CODE
BAD CODE
BAD CODE
BAD CODE
BAD CODE
210
125
95
80
BAD CODE
BAD CODE
BAD CODE
BAD CODE
BAD CODE
BAD CODE
180
105
80
70
BAD CODE
BAD CODE
BAD CODE
BAD CODE
BAD CODE
BAD CODE
150
90
70
60
BAD CODE
BAD CODE
BAD CODE
BAD CODE
BAD CODE
BAD CODE
120
70
55
45
BAD CODE
BAD CODE
BAD CODE
BAD CODE
BAD CODE
BAD CODE
90
55
40
35
BAD CODE
BAD CODE
BAD CODE
BAD CODE
BAD CODE
BAD CODE
60
35
BAD CODE
BAD CODE
BAD CODE
BAD CODE
BAD CODE
BAD CODE
BAD CODE
BAD CODE
35
BAD CODE
BAD CODE
BAD CODE
BAD CODE
BAD CODE
BAD CODE
BAD CODE
BAD CODE
35
BAD CODE
BAD CODE
BAD CODE
BAD CODE
BAD CODE
BAD CODE
BAD CODE
BAD CODE
BAD CODE
BAD CODE
BAD CODE
BAD CODE
BAD CODE
BAD CODE
BAD CODE
BAD CODE
BAD CODE
BAD CODE
35
BAD CODE
BAD CODE
BAD CODE
BAD CODE
BAD CODE
BAD CODE
BAD CODE
BAD CODE
BAD CODE
BAD CODE
BAD CODE
240
140
110
90
BAD CODE
BAD CODE
BAD CODE
BAD CODE
BAD CODE
BAD CODE
210
125
95
80
BAD CODE
BAD CODE
BAD CODE
BAD CODE
BAD CODE
BAD CODE
180
105
80
70
BAD CODE
BAD CODE
BAD CODE
BAD CODE
BAD CODE
BAD CODE
150
90
70
60
BAD CODE
BAD CODE
BAD CODE
BAD CODE
BAD CODE
BAD CODE
120
70
55
45
BAD CODE
BAD CODE
BAD CODE
BAD CODE
BAD CODE
BAD CODE
90
55
40
BAD CODE
BAD CODE
BAD CODE
BAD CODE
BAD CODE
BAD CODE
BAD CODE
60
40
BAD CODE
BAD CODE
BAD CODE
BAD CODE
BAD CODE
BAD CODE
BAD CODE
BAD CODE
40
BAD CODE
BAD CODE
BAD CODE
BAD CODE
BAD CODE
BAD CODE
BAD CODE
BAD CODE
40
BAD CODE
BAD CODE
BAD CODE
BAD CODE
BAD CODE
BAD CODE
BAD CODE
BAD CODE
BAD CODE
BAD CODE
BAD CODE
BAD CODE
BAD CODE
BAD CODE
BAD CODE
BAD CODE
BAD CODE
BAD CODE
BAD CODE
BAD CODE
270
160
120
105
BAD CODE
BAD CODE
BAD CODE
BAD CODE
BAD CODE
BAD CODE
240
140
110
90
BAD CODE
BAD CODE
BAD CODE
BAD CODE
BAD CODE
BAD CODE
210
125
95
80
BAD CODE
BAD CODE
BAD CODE
BAD CODE
BAD CODE
BAD CODE
180
105
80
70
BAD CODE
BAD CODE
BAD CODE
BAD CODE
BAD CODE
BAD CODE
150
90
70
60
BAD CODE
BAD CODE
BAD CODE
BAD CODE
BAD CODE
BAD CODE
120
70
55
45
BAD CODE
BAD CODE
BAD CODE
BAD CODE
BAD CODE
BAD CODE
90
55
45
BAD CODE
BAD CODE
BAD CODE
BAD CODE
BAD CODE
BAD CODE
BAD CODE
60
45
BAD CODE
BAD CODE
BAD CODE
BAD CODE
BAD CODE
BAD CODE
BAD CODE
BAD CODE
45
BAD CODE
BAD CODE
BAD CODE
BAD CODE
BAD CODE
BAD CODE
BAD CODE
BAD CODE
45
BAD CODE
BAD CODE
BAD CODE
BAD CODE
0
0
0
0
0
0
0
0
0
0
0
0
0
0
0
0
BAD CODE
BAD CODE
BAD CODE
BAD CODE
0
0
0
0
0
0
BAD CODE
BAD CODE
BAD CODE
BAD CODE
0
0
0
0
0
0
BAD CODE
BAD CODE
BAD CODE
BAD CODE
0
0
0
0
0
0
BAD CODE
BAD CODE
BAD CODE
BAD CODE
0
0
0
0
0
0
BAD CODE
BAD CODE
BAD CODE
BAD CODE
0
0
0
0
0
0
BAD CODE
BAD CODE
BAD CODE
BAD CODE
0
0
0
0
0
0
BAD CODE
BAD CODE
BAD CODE
BAD CODE
0
0
0
0
0
0
BAD CODE
BAD CODE
BAD CODE
BAD CODE
0
0
0
0
0
0
BAD CODE
BAD CODE
BAD CODE
BAD CODE
BAD CODE
BAD CODE
BAD CODE
BAD CODE
BAD CODE
BAD CODE
BAD CODE
42
24
18
BAD CODE
BAD CODE
BAD CODE
BAD CODE
BAD CODE
BAD CODE
6
6
6
6
BAD CODE
BAD CODE
BAD CODE
6
6
6
BAD CODE
BAD CODE
BAD CODE
BAD CODE
BAD CODE
BAD CODE
6
6
6
6
BAD CODE
BAD CODE
BAD CODE
BAD CODE
BAD CODE
BAD CODE
6
6
6
6
BAD CODE
BAD CODE
BAD CODE
BAD CODE
BAD CODE
BAD CODE
6
6
6
6
BAD CODE
BAD CODE
BAD CODE
BAD CODE
BAD CODE
6
6
6
6
6
BAD CODE
BAD CODE
BAD CODE
BAD CODE
BAD CODE
6
6
6
6
6
BAD CODE
BAD CODE
BAD CODE
BAD CODE
BAD CODE
6
6
6
6
6
BAD CODE
BAD CODE
BAD CODE
BAD CODE
BAD CODE
6
6
6
6
6
BAD CODE
BAD CODE
BAD CODE
BAD CODE
BAD CODE
BAD CODE
BAD CODE
BAD CODE
BAD CODE
BAD CODE
BAD CODE
84
48
36
BAD CODE
BAD CODE
BAD CODE
BAD CODE
BAD CODE
BAD CODE
BAD CODE
42
24
18
BAD CODE
BAD CODE
BAD CODE
BAD CODE
BAD CODE
BAD CODE
12
12
12
BAD CODE
BAD CODE
BAD CODE
BAD CODE
BAD CODE
12
12
BAD CODE
BAD CODE
BAD CODE
BAD CODE
BAD CODE
BAD CODE
BAD CODE
12
12
12
BAD CODE
BAD CODE
BAD CODE
BAD CODE
BAD CODE
BAD CODE
BAD CODE
12
12
12
BAD CODE
BAD CODE
BAD CODE
BAD CODE
BAD CODE
BAD CODE
12
12
12
12
BAD CODE
BAD CODE
BAD CODE
BAD CODE
BAD CODE
BAD CODE
12
12
12
12
BAD CODE
BAD CODE
BAD CODE
BAD CODE
BAD CODE
BAD CODE
12
12
12
12
BAD CODE
BAD CODE
BAD CODE
BAD CODE
BAD CODE
BAD CODE
12
12
12
12
BAD CODE
BAD CODE
BAD CODE
BAD CODE
BAD CODE
BAD CODE
BAD CODE
BAD CODE
BAD CODE
BAD CODE
BAD CODE
126
72
54
BAD CODE
BAD CODE
BAD CODE
BAD CODE
BAD CODE
BAD CODE
BAD CODE
84
48
36
BAD CODE
BAD CODE
BAD CODE
BAD CODE
BAD CODE
BAD CODE
BAD CODE
42
24
18
BAD CODE
BAD CODE
BAD CODE
BAD CODE
BAD CODE
BAD CODE
18
18
BAD CODE
BAD CODE
BAD CODE
BAD CODE
BAD CODE
BAD CODE
BAD CODE
18
BAD CODE
BAD CODE
BAD CODE
BAD CODE
BAD CODE
BAD CODE
BAD CODE
BAD CODE
18
18
BAD CODE
BAD CODE
BAD CODE
BAD CODE
BAD CODE
BAD CODE
BAD CODE
18
18
18
BAD CODE
BAD CODE
BAD CODE
BAD CODE
BAD CODE
BAD CODE
BAD CODE
18
18
18
BAD CODE
BAD CODE
BAD CODE
BAD CODE
BAD CODE
BAD CODE
BAD CODE
18
18
18
BAD CODE
BAD CODE
BAD CODE
BAD CODE
BAD CODE
BAD CODE
18
18
18
18
BAD CODE
BAD CODE
BAD CODE
BAD CODE
BAD CODE
BAD CODE
BAD CODE
BAD CODE
BAD CODE
BAD CODE
BAD CODE
168
96
72
BAD CODE
BAD CODE
BAD CODE
BAD CODE
BAD CODE
BAD CODE
BAD CODE
126
72
54
BAD CODE
BAD CODE
BAD CODE
BAD CODE
BAD CODE
BAD CODE
BAD CODE
84
48
36
BAD CODE
BAD CODE
BAD CODE
BAD CODE
BAD CODE
BAD CODE
BAD CODE
42
24
24
BAD CODE
BAD CODE
BAD CODE
BAD CODE
BAD CODE
BAD CODE
24
24
BAD CODE
BAD CODE
BAD CODE
BAD CODE
BAD CODE
BAD CODE
BAD CODE
24
BAD CODE
BAD CODE
BAD CODE
BAD CODE
BAD CODE
BAD CODE
BAD CODE
BAD CODE
24
24
BAD CODE
BAD CODE
BAD CODE
BAD CODE
BAD CODE
BAD CODE
BAD CODE
BAD CODE
24
24
BAD CODE
BAD CODE
BAD CODE
BAD CODE
BAD CODE
BAD CODE
BAD CODE
24
24
24
BAD CODE
BAD CODE
BAD CODE
BAD CODE
BAD CODE
BAD CODE
BAD CODE
24
24
24
BAD CODE
BAD CODE
BAD CODE
BAD CODE
BAD CODE
BAD CODE
BAD CODE
BAD CODE
BAD CODE
BAD CODE
BAD CODE
210
120
90
BAD CODE
BAD CODE
BAD CODE
BAD CODE
BAD CODE
BAD CODE
BAD CODE
168
96
72
BAD CODE
BAD CODE
BAD CODE
BAD CODE
BAD CODE
BAD CODE
BAD CODE
126
72
54
BAD CODE
BAD CODE
BAD CODE
BAD CODE
BAD CODE
BAD CODE
BAD CODE
84
48
36
BAD CODE
BAD CODE
BAD CODE
BAD CODE
BAD CODE
BAD CODE
BAD CODE
42
30
BAD CODE
BAD CODE
BAD CODE
BAD CODE
BAD CODE
BAD CODE
BAD CODE
30
30
BAD CODE
BAD CODE
BAD CODE
BAD CODE
BAD CODE
BAD CODE
BAD CODE
30
BAD CODE
BAD CODE
BAD CODE
BAD CODE
BAD CODE
BAD CODE
BAD CODE
BAD CODE
BAD CODE
30
BAD CODE
BAD CODE
BAD CODE
BAD CODE
BAD CODE
BAD CODE
BAD CODE
BAD CODE
30
30
BAD CODE
BAD CODE
BAD CODE
BAD CODE
BAD CODE
BAD CODE
BAD CODE
BAD CODE
30
30
BAD CODE
BAD CODE
BAD CODE
BAD CODE
BAD CODE
BAD CODE
BAD CODE
BAD CODE
BAD CODE
BAD CODE
BAD CODE
252
144
108
BAD CODE
BAD CODE
BAD CODE
BAD CODE
BAD CODE
BAD CODE
BAD CODE
210
120
90
BAD CODE
BAD CODE
BAD CODE
BAD CODE
BAD CODE
BAD CODE
BAD CODE
168
96
72
BAD CODE
BAD CODE
BAD CODE
BAD CODE
BAD CODE
BAD CODE
BAD CODE
126
72
54
BAD CODE
BAD CODE
BAD CODE
BAD CODE
BAD CODE
BAD CODE
BAD CODE
84
48
36
BAD CODE
BAD CODE
BAD CODE
BAD CODE
BAD CODE
BAD CODE
BAD CODE
42
36
BAD CODE
BAD CODE
BAD CODE
BAD CODE
BAD CODE
BAD CODE
BAD CODE
36
BAD CODE
BAD CODE
BAD CODE
BAD CODE
BAD CODE
BAD CODE
BAD CODE
BAD CODE
BAD CODE
BAD CODE
BAD CODE
BAD CODE
BAD CODE
BAD CODE
BAD CODE
BAD CODE
BAD CODE
BAD CODE
36
BAD CODE
BAD CODE
BAD CODE
BAD CODE
BAD CODE
BAD CODE
BAD CODE
BAD CODE
36
36
BAD CODE
BAD CODE
BAD CODE
BAD CODE
BAD CODE
BAD CODE
BAD CODE
BAD CODE
BAD CODE
BAD CODE
BAD CODE
294
168
126
BAD CODE
BAD CODE
BAD CODE
BAD CODE
BAD CODE
BAD CODE
BAD CODE
252
144
108
BAD CODE
BAD CODE
BAD CODE
BAD CODE
BAD CODE
BAD CODE
BAD CODE
210
120
90
BAD CODE
BAD CODE
BAD CODE
BAD CODE
BAD CODE
BAD CODE
BAD CODE
168
96
72
BAD CODE
BAD CODE
BAD CODE
BAD CODE
BAD CODE
BAD CODE
BAD CODE
126
72
54
BAD CODE
BAD CODE
BAD CODE
BAD CODE
BAD CODE
BAD CODE
BAD CODE
84
48
42
BAD CODE
BAD CODE
BAD CODE
BAD CODE
BAD CODE
BAD CODE
BAD CODE
42
BAD CODE
BAD CODE
BAD CODE
BAD CODE
BAD CODE
BAD CODE
BAD CODE
BAD CODE
42
BAD CODE
BAD CODE
BAD CODE
BAD CODE
BAD CODE
BAD CODE
BAD CODE
BAD CODE
BAD CODE
BAD CODE
BAD CODE
BAD CODE
BAD CODE
BAD CODE
BAD CODE
BAD CODE
BAD CODE
BAD CODE
42
BAD CODE
BAD CODE
BAD CODE
BAD CODE
BAD CODE
BAD CODE
BAD CODE
BAD CODE
BAD CODE
BAD CODE
BAD CODE
336
192
144
BAD CODE
BAD CODE
BAD CODE
BAD CODE
BAD CODE
BAD CODE
BAD CODE
294
168
126
BAD CODE
BAD CODE
BAD CODE
BAD CODE
BAD CODE
BAD CODE
BAD CODE
252
144
108
BAD CODE
BAD CODE
BAD CODE
BAD CODE
BAD CODE
BAD CODE
BAD CODE
210
120
90
BAD CODE
BAD CODE
BAD CODE
BAD CODE
BAD CODE
BAD CODE
BAD CODE
168
96
72
BAD CODE
BAD CODE
BAD CODE
BAD CODE
BAD CODE
BAD CODE
BAD CODE
126
72
54
BAD CODE
BAD CODE
BAD CODE
BAD CODE
BAD CODE
BAD CODE
BAD CODE
84
48
BAD CODE
BAD CODE
BAD CODE
BAD CODE
BAD CODE
BAD CODE
BAD CODE
BAD CODE
48
BAD CODE
BAD CODE
BAD CODE
BAD CODE
BAD CODE
BAD CODE
BAD CODE
BAD CODE
48
BAD CODE
BAD CODE
BAD CODE
BAD CODE
BAD CODE
BAD CODE
BAD CODE
BAD CODE
BAD CODE
BAD CODE
BAD CODE
BAD CODE
BAD CODE
BAD CODE
BAD CODE
BAD CODE
BAD CODE
BAD CODE
BAD CODE
BAD CODE
378
216
162
BAD CODE
BAD CODE
BAD CODE
BAD CODE
BAD CODE
BAD CODE
BAD CODE
336
192
144
BAD CODE
BAD CODE
BAD CODE
BAD CODE
BAD CODE
BAD CODE
BAD CODE
294
168
126
BAD CODE
BAD CODE
BAD CODE
BAD CODE
BAD CODE
BAD CODE
BAD CODE
252
144
108
BAD CODE
BAD CODE
BAD CODE
BAD CODE
BAD CODE
BAD CODE
BAD CODE
210
120
90
BAD CODE
BAD CODE
BAD CODE
BAD CODE
BAD CODE
BAD CODE
BAD CODE
168
96
72
BAD CODE
BAD CODE
BAD CODE
BAD CODE
BAD CODE
BAD CODE
BAD CODE
126
72
54
BAD CODE
BAD CODE
BAD CODE
BAD CODE
BAD CODE
BAD CODE
BAD CODE
84
54
BAD CODE
BAD CODE
BAD CODE
BAD CODE
BAD CODE
BAD CODE
BAD CODE
BAD CODE
54
BAD CODE
BAD CODE
BAD CODE
BAD CODE
BAD CODE
BAD CODE
BAD CODE
BAD CODE
54
BAD CODE
BAD CODE
BAD CODE
0
0
0
0
0
0
0
0
0
0
0
0
0
0
0
0
0
BAD CODE
BAD CODE
BAD CODE
0
0
0
0
0
0
0
BAD CODE
BAD CODE
BAD CODE
0
0
0
0
0
0
0
BAD CODE
BAD CODE
BAD CODE
0
0
0
0
0
0
0
BAD CODE
BAD CODE
BAD CODE
0
0
0
0
0
0
0
BAD CODE
BAD CODE
BAD CODE
0
0
0
0
0
0
0
BAD CODE
BAD CODE
BAD CODE
0
0
0
0
0
0
0
BAD CODE
BAD CODE
BAD CODE
0
0
0
0
0
0
0
BAD CODE
BAD CODE
BAD CODE
0
0
0
0
0
0
0
BAD CODE
BAD CODE
BAD CODE
BAD CODE
BAD CODE
BAD CODE
BAD CODE
BAD CODE
BAD CODE
BAD CODE
BAD CODE
56
35
BAD CODE
BAD CODE
BAD CODE
BAD CODE
BAD CODE
BAD CODE
BAD CODE
7
7
7
BAD CODE
BAD CODE
BAD CODE
BAD CODE
7
7
7
BAD CODE
BAD CODE
BAD CODE
BAD CODE
BAD CODE
BAD CODE
7
7
7
7
BAD CODE
BAD CODE
BAD CODE
BAD CODE
BAD CODE
7
7
7
7
7
BAD CODE
BAD CODE
BAD CODE
BAD CODE
BAD CODE
7
7
7
7
7
BAD CODE
BAD CODE
BAD CODE
BAD CODE
BAD CODE
7
7
7
7
7
BAD CODE
BAD CODE
BAD CODE
BAD CODE
7
7
7
7
7
7
BAD CODE
BAD CODE
BAD CODE
BAD CODE
7
7
7
7
7
7
BAD CODE
BAD CODE
BAD CODE
BAD CODE
7
7
7
7
7
7
BAD CODE
BAD CODE
BAD CODE
BAD CODE
BAD CODE
BAD CODE
BAD CODE
BAD CODE
BAD CODE
BAD CODE
BAD CODE
112
63
BAD CODE
BAD CODE
BAD CODE
BAD CODE
BAD CODE
BAD CODE
BAD CODE
BAD CODE
56
35
BAD CODE
BAD CODE
BAD CODE
BAD CODE
BAD CODE
BAD CODE
BAD CODE
14
14
14
BAD CODE
BAD CODE
BAD CODE
BAD CODE
BAD CODE
14
14
BAD CODE
BAD CODE
BAD CODE
BAD CODE
BAD CODE
BAD CODE
BAD CODE
14
14
14
BAD CODE
BAD CODE
BAD CODE
BAD CODE
BAD CODE
BAD CODE
14
14
14
14
BAD CODE
BAD CODE
BAD CODE
BAD CODE
BAD CODE
BAD CODE
14
14
14
14
BAD CODE
BAD CODE
BAD CODE
BAD CODE
BAD CODE
14
14
14
14
14
BAD CODE
BAD CODE
BAD CODE
BAD CODE
BAD CODE
14
14
14
14
14
BAD CODE
BAD CODE
BAD CODE
BAD CODE
BAD CODE
14
14
14
14
14
BAD CODE
BAD CODE
BAD CODE
BAD CODE
BAD CODE
BAD CODE
BAD CODE
BAD CODE
BAD CODE
BAD CODE
BAD CODE
168
98
BAD CODE
BAD CODE
BAD CODE
BAD CODE
BAD CODE
BAD CODE
BAD CODE
BAD CODE
112
63
BAD CODE
BAD CODE
BAD CODE
BAD CODE
BAD CODE
BAD CODE
BAD CODE
BAD CODE
56
35
BAD CODE
BAD CODE
BAD CODE
BAD CODE
BAD CODE
BAD CODE
BAD CODE
21
21
21
BAD CODE
BAD CODE
BAD CODE
BAD CODE
BAD CODE
BAD CODE
21
BAD CODE
BAD CODE
BAD CODE
BAD CODE
BAD CODE
BAD CODE
BAD CODE
BAD CODE
21
21
BAD CODE
BAD CODE
BAD CODE
BAD CODE
BAD CODE
BAD CODE
BAD CODE
21
21
21
BAD CODE
BAD CODE
BAD CODE
BAD CODE
BAD CODE
BAD CODE
21
21
21
21
BAD CODE
BAD CODE
BAD CODE
BAD CODE
BAD CODE
BAD CODE
21
21
21
21
BAD CODE
BAD CODE
BAD CODE
BAD CODE
BAD CODE
BAD CODE
21
21
21
21
BAD CODE
BAD CODE
BAD CODE
BAD CODE
BAD CODE
BAD CODE
BAD CODE
BAD CODE
BAD CODE
BAD CODE
BAD CODE
224
126
BAD CODE
BAD CODE
BAD CODE
BAD CODE
BAD CODE
BAD CODE
BAD CODE
BAD CODE
168
98
BAD CODE
BAD CODE
BAD CODE
BAD CODE
BAD CODE
BAD CODE
BAD CODE
BAD CODE
112
63
BAD CODE
BAD CODE
BAD CODE
BAD CODE
BAD CODE
BAD CODE
BAD CODE
BAD CODE
56
35
BAD CODE
BAD CODE
BAD CODE
BAD CODE
BAD CODE
BAD CODE
BAD CODE
28
28
BAD CODE
BAD CODE
BAD CODE
BAD CODE
BAD CODE
BAD CODE
BAD CODE
28
BAD CODE
BAD CODE
BAD CODE
BAD CODE
BAD CODE
BAD CODE
BAD CODE
BAD CODE
28
28
BAD CODE
BAD CODE
BAD CODE
BAD CODE
BAD CODE
BAD CODE
BAD CODE
28
28
28
BAD CODE
BAD CODE
BAD CODE
BAD CODE
BAD CODE
BAD CODE
BAD CODE
28
28
28
BAD CODE
BAD CODE
BAD CODE
BAD CODE
BAD CODE
BAD CODE
BAD CODE
28
28
28
BAD CODE
BAD CODE
BAD CODE
BAD CODE
BAD CODE
BAD CODE
BAD CODE
BAD CODE
BAD CODE
BAD CODE
BAD CODE
280
161
BAD CODE
BAD CODE
BAD CODE
BAD CODE
BAD CODE
BAD CODE
BAD CODE
BAD CODE
224
126
BAD CODE
BAD CODE
BAD CODE
BAD CODE
BAD CODE
BAD CODE
BAD CODE
BAD CODE
168
98
BAD CODE
BAD CODE
BAD CODE
BAD CODE
BAD CODE
BAD CODE
BAD CODE
BAD CODE
112
63
BAD CODE
BAD CODE
BAD CODE
BAD CODE
BAD CODE
BAD CODE
BAD CODE
BAD CODE
56
35
BAD CODE
BAD CODE
BAD CODE
BAD CODE
BAD CODE
BAD CODE
BAD CODE
35
35
BAD CODE
BAD CODE
BAD CODE
BAD CODE
BAD CODE
BAD CODE
BAD CODE
35
BAD CODE
BAD CODE
BAD CODE
BAD CODE
BAD CODE
BAD CODE
BAD CODE
BAD CODE
35
35
BAD CODE
BAD CODE
BAD CODE
BAD CODE
BAD CODE
BAD CODE
BAD CODE
BAD CODE
35
35
BAD CODE
BAD CODE
BAD CODE
BAD CODE
BAD CODE
BAD CODE
BAD CODE
35
35
35
BAD CODE
BAD CODE
BAD CODE
BAD CODE
BAD CODE
BAD CODE
BAD CODE
BAD CODE
BAD CODE
BAD CODE
BAD CODE
336
189
BAD CODE
BAD CODE
BAD CODE
BAD CODE
BAD CODE
BAD CODE
BAD CODE
BAD CODE
280
161
BAD CODE
BAD CODE
BAD CODE
BAD CODE
BAD CODE
BAD CODE
BAD CODE
BAD CODE
224
126
BAD CODE
BAD CODE
BAD CODE
BAD CODE
BAD CODE
BAD CODE
BAD CODE
BAD CODE
168
98
BAD CODE
BAD CODE
BAD CODE
BAD CODE
BAD CODE
BAD CODE
BAD CODE
BAD CODE
112
63
BAD CODE
BAD CODE
BAD CODE
BAD CODE
BAD CODE
BAD CODE
BAD CODE
BAD CODE
56
42
BAD CODE
BAD CODE
BAD CODE
BAD CODE
BAD CODE
BAD CODE
BAD CODE
42
42
BAD CODE
BAD CODE
BAD CODE
BAD CODE
BAD CODE
BAD CODE
BAD CODE
42
BAD CODE
BAD CODE
BAD CODE
BAD CODE
BAD CODE
BAD CODE
BAD CODE
BAD CODE
BAD CODE
42
BAD CODE
BAD CODE
BAD CODE
BAD CODE
BAD CODE
BAD CODE
BAD CODE
BAD CODE
42
42
BAD CODE
BAD CODE
BAD CODE
BAD CODE
BAD CODE
BAD CODE
BAD CODE
BAD CODE
BAD CODE
BAD CODE
BAD CODE
392
224
BAD CODE
BAD CODE
BAD CODE
BAD CODE
BAD CODE
BAD CODE
BAD CODE
BAD CODE
336
189
BAD CODE
BAD CODE
BAD CODE
BAD CODE
BAD CODE
BAD CODE
BAD CODE
BAD CODE
280
161
BAD CODE
BAD CODE
BAD CODE
BAD CODE
BAD CODE
BAD CODE
BAD CODE
BAD CODE
224
126
BAD CODE
BAD CODE
BAD CODE
BAD CODE
BAD CODE
BAD CODE
BAD CODE
BAD CODE
168
98
BAD CODE
BAD CODE
BAD CODE
BAD CODE
BAD CODE
BAD CODE
BAD CODE
BAD CODE
112
63
BAD CODE
BAD CODE
BAD CODE
BAD CODE
BAD CODE
BAD CODE
BAD CODE
BAD CODE
56
49
BAD CODE
BAD CODE
BAD CODE
BAD CODE
BAD CODE
BAD CODE
BAD CODE
49
BAD CODE
BAD CODE
BAD CODE
BAD CODE
BAD CODE
BAD CODE
BAD CODE
BAD CODE
BAD CODE
BAD CODE
BAD CODE
BAD CODE
BAD CODE
BAD CODE
BAD CODE
BAD CODE
BAD CODE
BAD CODE
49
BAD CODE
BAD CODE
BAD CODE
BAD CODE
BAD CODE
BAD CODE
BAD CODE
BAD CODE
BAD CODE
BAD CODE
BAD CODE
448
252
BAD CODE
BAD CODE
BAD CODE
BAD CODE
BAD CODE
BAD CODE
BAD CODE
BAD CODE
392
224
BAD CODE
BAD CODE
BAD CODE
BAD CODE
BAD CODE
BAD CODE
BAD CODE
BAD CODE
336
189
BAD CODE
BAD CODE
BAD CODE
BAD CODE
BAD CODE
BAD CODE
BAD CODE
BAD CODE
280
161
BAD CODE
BAD CODE
BAD CODE
BAD CODE
BAD CODE
BAD CODE
BAD CODE
BAD CODE
224
126
BAD CODE
BAD CODE
BAD CODE
BAD CODE
BAD CODE
BAD CODE
BAD CODE
BAD CODE
168
98
BAD CODE
BAD CODE
BAD CODE
BAD CODE
BAD CODE
BAD CODE
BAD CODE
BAD CODE
112
63
BAD CODE
BAD CODE
BAD CODE
BAD CODE
BAD CODE
BAD CODE
BAD CODE
BAD CODE
56
BAD CODE
BAD CODE
BAD CODE
BAD CODE
BAD CODE
BAD CODE
BAD CODE
BAD CODE
56
BAD CODE
BAD CODE
BAD CODE
BAD CODE
BAD CODE
BAD CODE
BAD CODE
BAD CODE
BAD CODE
BAD CODE
BAD CODE
BAD CODE
BAD CODE
BAD CODE
BAD CODE
BAD CODE
BAD CODE
BAD CODE
BAD CODE
BAD CODE
504
287
BAD CODE
BAD CODE
BAD CODE
BAD CODE
BAD CODE
BAD CODE
BAD CODE
BAD CODE
448
252
BAD CODE
BAD CODE
BAD CODE
BAD CODE
BAD CODE
BAD CODE
BAD CODE
BAD CODE
392
224
BAD CODE
BAD CODE
BAD CODE
BAD CODE
BAD CODE
BAD CODE
BAD CODE
BAD CODE
336
189
BAD CODE
BAD CODE
BAD CODE
BAD CODE
BAD CODE
BAD CODE
BAD CODE
BAD CODE
280
161
BAD CODE
BAD CODE
BAD CODE
BAD CODE
BAD CODE
BAD CODE
BAD CODE
BAD CODE
224
126
BAD CODE
BAD CODE
BAD CODE
BAD CODE
BAD CODE
BAD CODE
BAD CODE
BAD CODE
168
98
BAD CODE
BAD CODE
BAD CODE
BAD CODE
BAD CODE
BAD CODE
BAD CODE
BAD CODE
112
63
BAD CODE
BAD CODE
BAD CODE
BAD CODE
BAD CODE
BAD CODE
BAD CODE
BAD CODE
63
BAD CODE
BAD CODE
BAD CODE
BAD CODE
BAD CODE
BAD CODE
BAD CODE
BAD CODE
63
BAD CODE
BAD CODE
0
0
0
0
0
0
0
0
0
0
0
0
0
0
0
0
0
0
BAD CODE
BAD CODE
0
0
0
0
0
0
0
0
BAD CODE
BAD CODE
0
0
0
0
0
0
0
0
BAD CODE
BAD CODE
0
0
0
0
0
0
0
0
BAD CODE
BAD CODE
0
0
0
0
0
0
0
0
BAD CODE
BAD CODE
0
0
0
0
0
0
0
0
BAD CODE
BAD CODE
0
0
0
0
0
0
0
0
BAD CODE
BAD CODE
0
0
0
0
0
0
0
0
BAD CODE
BAD CODE
0
0
0
0
0
0
0
0
BAD CODE
BAD CODE
BAD CODE
BAD CODE
BAD CODE
BAD CODE
BAD CODE
BAD CODE
BAD CODE
BAD CODE
BAD CODE
72
BAD CODE
BAD CODE
BAD CODE
BAD CODE
BAD CODE
BAD CODE
BAD CODE
BAD CODE
8
8
BAD CODE
BAD CODE
BAD CODE
BAD CODE
8
8
8
8
BAD CODE
BAD CODE
BAD CODE
BAD CODE
BAD CODE
8
8
8
8
8
BAD CODE
BAD CODE
BAD CODE
BAD CODE
8
8
8
8
8
8
BAD CODE
BAD CODE
BAD CODE
BAD CODE
8
8
8
8
8
8
BAD CODE
BAD CODE
BAD CODE
BAD CODE
8
8
8
8
8
8
BAD CODE
BAD CODE
BAD CODE
BAD CODE
8
8
8
8
8
8
BAD CODE
BAD CODE
BAD CODE
8
8
8
8
8
8
8
BAD CODE
BAD CODE
BAD CODE
8
8
8
8
8
8
8
BAD CODE
BAD CODE
BAD CODE
BAD CODE
BAD CODE
BAD CODE
BAD CODE
BAD CODE
BAD CODE
BAD CODE
BAD CODE
144
BAD CODE
BAD CODE
BAD CODE
BAD CODE
BAD CODE
BAD CODE
BAD CODE
BAD CODE
BAD CODE
72
BAD CODE
BAD CODE
BAD CODE
BAD CODE
BAD CODE
BAD CODE
BAD CODE
BAD CODE
16
16
BAD CODE
BAD CODE
BAD CODE
BAD CODE
BAD CODE
BAD CODE
16
16
BAD CODE
BAD CODE
BAD CODE
BAD CODE
BAD CODE
BAD CODE
16
16
16
16
BAD CODE
BAD CODE
BAD CODE
BAD CODE
BAD CODE
BAD CODE
16
16
16
16
BAD CODE
BAD CODE
BAD CODE
BAD CODE
BAD CODE
16
16
16
16
16
BAD CODE
BAD CODE
BAD CODE
BAD CODE
BAD CODE
16
16
16
16
16
BAD CODE
BAD CODE
BAD CODE
BAD CODE
16
16
16
16
16
16
BAD CODE
BAD CODE
BAD CODE
BAD CODE
16
16
16
16
16
16
BAD CODE
BAD CODE
BAD CODE
BAD CODE
BAD CODE
BAD CODE
BAD CODE
BAD CODE
BAD CODE
BAD CODE
BAD CODE
216
BAD CODE
BAD CODE
BAD CODE
BAD CODE
BAD CODE
BAD CODE
BAD CODE
BAD CODE
BAD CODE
144
BAD CODE
BAD CODE
BAD CODE
BAD CODE
BAD CODE
BAD CODE
BAD CODE
BAD CODE
BAD CODE
72
BAD CODE
BAD CODE
BAD CODE
BAD CODE
BAD CODE
BAD CODE
BAD CODE
BAD CODE
24
24
BAD CODE
BAD CODE
BAD CODE
BAD CODE
BAD CODE
BAD CODE
24
24
BAD CODE
BAD CODE
BAD CODE
BAD CODE
BAD CODE
BAD CODE
BAD CODE
24
24
24
BAD CODE
BAD CODE
BAD CODE
BAD CODE
BAD CODE
BAD CODE
24
24
24
24
BAD CODE
BAD CODE
BAD CODE
BAD CODE
BAD CODE
BAD CODE
24
24
24
24
BAD CODE
BAD CODE
BAD CODE
BAD CODE
BAD CODE
24
24
24
24
24
BAD CODE
BAD CODE
BAD CODE
BAD CODE
BAD CODE
24
24
24
24
24
BAD CODE
BAD CODE
BAD CODE
BAD CODE
BAD CODE
BAD CODE
BAD CODE
BAD CODE
BAD CODE
BAD CODE
BAD CODE
288
BAD CODE
BAD CODE
BAD CODE
BAD CODE
BAD CODE
BAD CODE
BAD CODE
BAD CODE
BAD CODE
216
BAD CODE
BAD CODE
BAD CODE
BAD CODE
BAD CODE
BAD CODE
BAD CODE
BAD CODE
BAD CODE
144
BAD CODE
BAD CODE
BAD CODE
BAD CODE
BAD CODE
BAD CODE
BAD CODE
BAD CODE
BAD CODE
72
BAD CODE
BAD CODE
BAD CODE
BAD CODE
BAD CODE
BAD CODE
BAD CODE
BAD CODE
32
32
BAD CODE
BAD CODE
BAD CODE
BAD CODE
BAD CODE
BAD CODE
BAD CODE
32
BAD CODE
BAD CODE
BAD CODE
BAD CODE
BAD CODE
BAD CODE
BAD CODE
BAD CODE
32
32
BAD CODE
BAD CODE
BAD CODE
BAD CODE
BAD CODE
BAD CODE
BAD CODE
32
32
32
BAD CODE
BAD CODE
BAD CODE
BAD CODE
BAD CODE
BAD CODE
32
32
32
32
BAD CODE
BAD CODE
BAD CODE
BAD CODE
BAD CODE
BAD CODE
32
32
32
32
BAD CODE
BAD CODE
BAD CODE
BAD CODE
BAD CODE
BAD CODE
BAD CODE
BAD CODE
BAD CODE
BAD CODE
BAD CODE
360
BAD CODE
BAD CODE
BAD CODE
BAD CODE
BAD CODE
BAD CODE
BAD CODE
BAD CODE
BAD CODE
288
BAD CODE
BAD CODE
BAD CODE
BAD CODE
BAD CODE
BAD CODE
BAD CODE
BAD CODE
BAD CODE
216
BAD CODE
BAD CODE
BAD CODE
BAD CODE
BAD CODE
BAD CODE
BAD CODE
BAD CODE
BAD CODE
144
BAD CODE
BAD CODE
BAD CODE
BAD CODE
BAD CODE
BAD CODE
BAD CODE
BAD CODE
BAD CODE
72
BAD CODE
BAD CODE
BAD CODE
BAD CODE
BAD CODE
BAD CODE
BAD CODE
BAD CODE
40
40
BAD CODE
BAD CODE
BAD CODE
BAD CODE
BAD CODE
BAD CODE
BAD CODE
40
BAD CODE
BAD CODE
BAD CODE
BAD CODE
BAD CODE
BAD CODE
BAD CODE
BAD CODE
40
40
BAD CODE
BAD CODE
BAD CODE
BAD CODE
BAD CODE
BAD CODE
BAD CODE
40
40
40
BAD CODE
BAD CODE
BAD CODE
BAD CODE
BAD CODE
BAD CODE
BAD CODE
40
40
40
BAD CODE
BAD CODE
BAD CODE
BAD CODE
BAD CODE
BAD CODE
BAD CODE
BAD CODE
BAD CODE
BAD CODE
BAD CODE
432
BAD CODE
BAD CODE
BAD CODE
BAD CODE
BAD CODE
BAD CODE
BAD CODE
BAD CODE
BAD CODE
360
BAD CODE
BAD CODE
BAD CODE
BAD CODE
BAD CODE
BAD CODE
BAD CODE
BAD CODE
BAD CODE
288
BAD CODE
BAD CODE
BAD CODE
BAD CODE
BAD CODE
BAD CODE
BAD CODE
BAD CODE
BAD CODE
216
BAD CODE
BAD CODE
BAD CODE
BAD CODE
BAD CODE
BAD CODE
BAD CODE
BAD CODE
BAD CODE
144
BAD CODE
BAD CODE
BAD CODE
BAD CODE
BAD CODE
BAD CODE
BAD CODE
BAD CODE
BAD CODE
72
BAD CODE
BAD CODE
BAD CODE
BAD CODE
BAD CODE
BAD CODE
BAD CODE
BAD CODE
48
48
BAD CODE
BAD CODE
BAD CODE
BAD CODE
BAD CODE
BAD CODE
BAD CODE
48
BAD CODE
BAD CODE
BAD CODE
BAD CODE
BAD CODE
BAD CODE
BAD CODE
BAD CODE
48
48
BAD CODE
BAD CODE
BAD CODE
BAD CODE
BAD CODE
BAD CODE
BAD CODE
BAD CODE
48
48
BAD CODE
BAD CODE
BAD CODE
BAD CODE
BAD CODE
BAD CODE
BAD CODE
BAD CODE
BAD CODE
BAD CODE
BAD CODE
504
BAD CODE
BAD CODE
BAD CODE
BAD CODE
BAD CODE
BAD CODE
BAD CODE
BAD CODE
BAD CODE
432
BAD CODE
BAD CODE
BAD CODE
BAD CODE
BAD CODE
BAD CODE
BAD CODE
BAD CODE
BAD CODE
360
BAD CODE
BAD CODE
BAD CODE
BAD CODE
BAD CODE
BAD CODE
BAD CODE
BAD CODE
BAD CODE
288
BAD CODE
BAD CODE
BAD CODE
BAD CODE
BAD CODE
BAD CODE
BAD CODE
BAD CODE
BAD CODE
216
BAD CODE
BAD CODE
BAD CODE
BAD CODE
BAD CODE
BAD CODE
BAD CODE
BAD CODE
BAD CODE
144
BAD CODE
BAD CODE
BAD CODE
BAD CODE
BAD CODE
BAD CODE
BAD CODE
BAD CODE
BAD CODE
72
BAD CODE
BAD CODE
BAD CODE
BAD CODE
BAD CODE
BAD CODE
BAD CODE
BAD CODE
56
56
BAD CODE
BAD CODE
BAD CODE
BAD CODE
BAD CODE
BAD CODE
BAD CODE
56
BAD CODE
BAD CODE
BAD CODE
BAD CODE
BAD CODE
BAD CODE
BAD CODE
BAD CODE
BAD CODE
56
BAD CODE
BAD CODE
BAD CODE
BAD CODE
BAD CODE
BAD CODE
BAD CODE
BAD CODE
BAD CODE
BAD CODE
BAD CODE
576
BAD CODE
BAD CODE
BAD CODE
BAD CODE
BAD CODE
BAD CODE
BAD CODE
BAD CODE
BAD CODE
504
BAD CODE
BAD CODE
BAD CODE
BAD CODE
BAD CODE
BAD CODE
BAD CODE
BAD CODE
BAD CODE
432
BAD CODE
BAD CODE
BAD CODE
BAD CODE
BAD CODE
BAD CODE
BAD CODE
BAD CODE
BAD CODE
360
BAD CODE
BAD CODE
BAD CODE
BAD CODE
BAD CODE
BAD CODE
BAD CODE
BAD CODE
BAD CODE
288
BAD CODE
BAD CODE
BAD CODE
BAD CODE
BAD CODE
BAD CODE
BAD CODE
BAD CODE
BAD CODE
216
BAD CODE
BAD CODE
BAD CODE
BAD CODE
BAD CODE
BAD CODE
BAD CODE
BAD CODE
BAD CODE
144
BAD CODE
BAD CODE
BAD CODE
BAD CODE
BAD CODE
BAD CODE
BAD CODE
BAD CODE
BAD CODE
72
BAD CODE
BAD CODE
BAD CODE
BAD CODE
BAD CODE
BAD CODE
BAD CODE
BAD CODE
64
BAD CODE
BAD CODE
BAD CODE
BAD CODE
BAD CODE
BAD CODE
BAD CODE
BAD CODE
BAD CODE
BAD CODE
BAD CODE
BAD CODE
BAD CODE
BAD CODE
BAD CODE
BAD CODE
BAD CODE
BAD CODE
BAD CODE
BAD CODE
648
BAD CODE
BAD CODE
BAD CODE
BAD CODE
BAD CODE
BAD CODE
BAD CODE
BAD CODE
BAD CODE
576
BAD CODE
BAD CODE
BAD CODE
BAD CODE
BAD CODE
BAD CODE
BAD CODE
BAD CODE
BAD CODE
504
BAD CODE
BAD CODE
BAD CODE
BAD CODE
BAD CODE
BAD CODE
BAD CODE
BAD CODE
BAD CODE
432
BAD CODE
BAD CODE
BAD CODE
BAD CODE
BAD CODE
BAD CODE
BAD CODE
BAD CODE
BAD CODE
360
BAD CODE
BAD CODE
BAD CODE
BAD CODE
BAD CODE
BAD CODE
BAD CODE
BAD CODE
BAD CODE
288
BAD CODE
BAD CODE
BAD CODE
BAD CODE
BAD CODE
BAD CODE
BAD CODE
BAD CODE
BAD CODE
216
BAD CODE
BAD CODE
BAD CODE
BAD CODE
BAD CODE
BAD CODE
BAD CODE
BAD CODE
BAD CODE
144
BAD CODE
BAD CODE
BAD CODE
BAD CODE
BAD CODE
BAD CODE
BAD CODE
BAD CODE
BAD CODE
72
BAD CODE
BAD CODE
BAD CODE
BAD CODE
BAD CODE
BAD CODE
BAD CODE
BAD CODE
72
BAD CODE
0
0
0
0
0
0
0
0
0
0
0
0
0
0
0
0
0
0
0
BAD CODE
0
0
0
0
0
0
0
0
0
BAD CODE
0
0
0
0
0
0
0
0
0
BAD CODE
0
0
0
0
0
0
0
0
0
BAD CODE
0
0
0
0
0
0
0
0
0
BAD CODE
0
0
0
0
0
0
0
0
0
BAD CODE
0
0
0
0
0
0
0
0
0
BAD CODE
0
0
0
0
0
0
0
0
0
BAD CODE
0
0
0
0
0
0
0
0
0
BAD CODE
BAD CODE
BAD CODE
BAD CODE
BAD CODE
BAD CODE
BAD CODE
BAD CODE
BAD CODE
BAD CODE
BAD CODE
BAD CODE
BAD CODE
BAD CODE
BAD CODE
BAD CODE
BAD CODE
BAD CODE
BAD CODE
BAD CODE
9
BAD CODE
BAD CODE
BAD CODE
BAD CODE
BAD CODE
9
9
9
9
BAD CODE
BAD CODE
BAD CODE
BAD CODE
9
9
9
9
9
9
BAD CODE
BAD CODE
BAD CODE
BAD CODE
9
9
9
9
9
9
BAD CODE
BAD CODE
BAD CODE
9
9
9
9
9
9
9
BAD CODE
BAD CODE
BAD CODE
9
9
9
9
9
9
9
BAD CODE
BAD CODE
BAD CODE
9
9
9
9
9
9
9
BAD CODE
BAD CODE
BAD CODE
9
9
9
9
9
9
9
BAD CODE
BAD CODE
9
9
9
9
9
9
9
9
BAD CODE
BAD CODE
BAD CODE
BAD CODE
BAD CODE
BAD CODE
BAD CODE
BAD CODE
BAD CODE
BAD CODE
BAD CODE
BAD CODE
BAD CODE
BAD CODE
BAD CODE
BAD CODE
BAD CODE
BAD CODE
BAD CODE
BAD CODE
BAD CODE
BAD CODE
BAD CODE
BAD CODE
BAD CODE
BAD CODE
BAD CODE
BAD CODE
BAD CODE
BAD CODE
18
BAD CODE
BAD CODE
BAD CODE
BAD CODE
BAD CODE
BAD CODE
18
18
18
BAD CODE
BAD CODE
BAD CODE
BAD CODE
BAD CODE
BAD CODE
18
18
18
18
BAD CODE
BAD CODE
BAD CODE
BAD CODE
BAD CODE
18
18
18
18
18
BAD CODE
BAD CODE
BAD CODE
BAD CODE
18
18
18
18
18
18
BAD CODE
BAD CODE
BAD CODE
BAD CODE
18
18
18
18
18
18
BAD CODE
BAD CODE
BAD CODE
BAD CODE
18
18
18
18
18
18
BAD CODE
BAD CODE
BAD CODE
18
18
18
18
18
18
18
BAD CODE
BAD CODE
BAD CODE
BAD CODE
BAD CODE
BAD CODE
BAD CODE
BAD CODE
BAD CODE
BAD CODE
BAD CODE
BAD CODE
BAD CODE
BAD CODE
BAD CODE
BAD CODE
BAD CODE
BAD CODE
BAD CODE
BAD CODE
BAD CODE
BAD CODE
BAD CODE
BAD CODE
BAD CODE
BAD CODE
BAD CODE
BAD CODE
BAD CODE
BAD CODE
BAD CODE
BAD CODE
BAD CODE
BAD CODE
BAD CODE
BAD CODE
BAD CODE
BAD CODE
BAD CODE
BAD CODE
27
BAD CODE
BAD CODE
BAD CODE
BAD CODE
BAD CODE
BAD CODE
BAD CODE
27
27
BAD CODE
BAD CODE
BAD CODE
BAD CODE
BAD CODE
BAD CODE
BAD CODE
27
27
27
BAD CODE
BAD CODE
BAD CODE
BAD CODE
BAD CODE
BAD CODE
27
27
27
27
BAD CODE
BAD CODE
BAD CODE
BAD CODE
BAD CODE
27
27
27
27
27
BAD CODE
BAD CODE
BAD CODE
BAD CODE
BAD CODE
27
27
27
27
27
BAD CODE
BAD CODE
BAD CODE
BAD CODE
27
27
27
27
27
27
BAD CODE
BAD CODE
BAD CODE
BAD CODE
BAD CODE
BAD CODE
BAD CODE
BAD CODE
BAD CODE
BAD CODE
BAD CODE
BAD CODE
BAD CODE
BAD CODE
BAD CODE
BAD CODE
BAD CODE
BAD CODE
BAD CODE
BAD CODE
BAD CODE
BAD CODE
BAD CODE
BAD CODE
BAD CODE
BAD CODE
BAD CODE
BAD CODE
BAD CODE
BAD CODE
BAD CODE
BAD CODE
BAD CODE
BAD CODE
BAD CODE
BAD CODE
BAD CODE
BAD CODE
BAD CODE
BAD CODE
BAD CODE
BAD CODE
BAD CODE
BAD CODE
BAD CODE
BAD CODE
BAD CODE
BAD CODE
BAD CODE
BAD CODE
36
BAD CODE
BAD CODE
BAD CODE
BAD CODE
BAD CODE
BAD CODE
BAD CODE
BAD CODE
36
BAD CODE
BAD CODE
BAD CODE
BAD CODE
BAD CODE
BAD CODE
BAD CODE
36
36
36
BAD CODE
BAD CODE
BAD CODE
BAD CODE
BAD CODE
BAD CODE
BAD CODE
36
36
36
BAD CODE
BAD CODE
BAD CODE
BAD CODE
BAD CODE
BAD CODE
36
36
36
36
BAD CODE
BAD CODE
BAD CODE
BAD CODE
BAD CODE
36
36
36
36
36
BAD CODE
BAD CODE
BAD CODE
BAD CODE
BAD CODE
BAD CODE
BAD CODE
BAD CODE
BAD CODE
BAD CODE
BAD CODE
BAD CODE
BAD CODE
BAD CODE
BAD CODE
BAD CODE
BAD CODE
BAD CODE
BAD CODE
BAD CODE
BAD CODE
BAD CODE
BAD CODE
BAD CODE
BAD CODE
BAD CODE
BAD CODE
BAD CODE
BAD CODE
BAD CODE
BAD CODE
BAD CODE
BAD CODE
BAD CODE
BAD CODE
BAD CODE
BAD CODE
BAD CODE
BAD CODE
BAD CODE
BAD CODE
BAD CODE
BAD CODE
BAD CODE
BAD CODE
BAD CODE
BAD CODE
BAD CODE
BAD CODE
BAD CODE
BAD CODE
BAD CODE
BAD CODE
BAD CODE
BAD CODE
BAD CODE
BAD CODE
BAD CODE
BAD CODE
BAD CODE
45
BAD CODE
BAD CODE
BAD CODE
BAD CODE
BAD CODE
BAD CODE
BAD CODE
BAD CODE
45
BAD CODE
BAD CODE
BAD CODE
BAD CODE
BAD CODE
BAD CODE
BAD CODE
BAD CODE
45
45
BAD CODE
BAD CODE
BAD CODE
BAD CODE
BAD CODE
BAD CODE
BAD CODE
45
45
45
BAD CODE
BAD CODE
BAD CODE
BAD CODE
BAD CODE
BAD CODE
45
45
45
45
BAD CODE
BAD CODE
BAD CODE
BAD CODE
BAD CODE
BAD CODE
BAD CODE
BAD CODE
BAD CODE
BAD CODE
BAD CODE
BAD CODE
BAD CODE
BAD CODE
BAD CODE
BAD CODE
BAD CODE
BAD CODE
BAD CODE
BAD CODE
BAD CODE
BAD CODE
BAD CODE
BAD CODE
BAD CODE
BAD CODE
BAD CODE
BAD CODE
BAD CODE
BAD CODE
BAD CODE
BAD CODE
BAD CODE
BAD CODE
BAD CODE
BAD CODE
BAD CODE
BAD CODE
BAD CODE
BAD CODE
BAD CODE
BAD CODE
BAD CODE
BAD CODE
BAD CODE
BAD CODE
BAD CODE
BAD CODE
BAD CODE
BAD CODE
BAD CODE
BAD CODE
BAD CODE
BAD CODE
BAD CODE
BAD CODE
BAD CODE
BAD CODE
BAD CODE
BAD CODE
BAD CODE
BAD CODE
BAD CODE
BAD CODE
BAD CODE
BAD CODE
BAD CODE
BAD CODE
BAD CODE
BAD CODE
54
BAD CODE
BAD CODE
BAD CODE
BAD CODE
BAD CODE
BAD CODE
BAD CODE
BAD CODE
54
BAD CODE
BAD CODE
BAD CODE
BAD CODE
BAD CODE
BAD CODE
BAD CODE
BAD CODE
54
54
BAD CODE
BAD CODE
BAD CODE
BAD CODE
BAD CODE
BAD CODE
BAD CODE
54
54
54
BAD CODE
BAD CODE
BAD CODE
BAD CODE
BAD CODE
BAD CODE
BAD CODE
BAD CODE
BAD CODE
BAD CODE
BAD CODE
BAD CODE
BAD CODE
BAD CODE
BAD CODE
BAD CODE
BAD CODE
BAD CODE
BAD CODE
BAD CODE
BAD CODE
BAD CODE
BAD CODE
BAD CODE
BAD CODE
BAD CODE
BAD CODE
BAD CODE
BAD CODE
BAD CODE
BAD CODE
BAD CODE
BAD CODE
BAD CODE
BAD CODE
BAD CODE
BAD CODE
BAD CODE
BAD CODE
BAD CODE
BAD CODE
BAD CODE
BAD CODE
BAD CODE
BAD CODE
BAD CODE
BAD CODE
BAD CODE
BAD CODE
BAD CODE
BAD CODE
BAD CODE
BAD CODE
BAD CODE
BAD CODE
BAD CODE
BAD CODE
BAD CODE
BAD CODE
BAD CODE
BAD CODE
BAD CODE
BAD CODE
BAD CODE
BAD CODE
BAD CODE
BAD CODE
BAD CODE
BAD CODE
BAD CODE
BAD CODE
BAD CODE
BAD CODE
BAD CODE
BAD CODE
BAD CODE
BAD CODE
BAD CODE
BAD CODE
BAD CODE
63
BAD CODE
BAD CODE
BAD CODE
BAD CODE
BAD CODE
BAD CODE
BAD CODE
BAD CODE
63
BAD CODE
BAD CODE
BAD CODE
BAD CODE
BAD CODE
BAD CODE
BAD CODE
BAD CODE
63
63
BAD CODE
BAD CODE
BAD CODE
BAD CODE
BAD CODE
BAD CODE
BAD CODE
BAD CODE
BAD CODE
BAD CODE
BAD CODE
BAD CODE
BAD CODE
BAD CODE
BAD CODE
BAD CODE
BAD CODE
BAD CODE
BAD CODE
BAD CODE
BAD CODE
BAD CODE
BAD CODE
BAD CODE
BAD CODE
BAD CODE
BAD CODE
BAD CODE
BAD CODE
BAD CODE
BAD CODE
BAD CODE
BAD CODE
BAD CODE
BAD CODE
BAD CODE
BAD CODE
BAD CODE
BAD CODE
BAD CODE
BAD CODE
BAD CODE
BAD CODE
BAD CODE
BAD CODE
BAD CODE
BAD CODE
BAD CODE
BAD CODE
BAD CODE
BAD CODE
BAD CODE
BAD CODE
BAD CODE
BAD CODE
BAD CODE
BAD CODE
BAD CODE
BAD CODE
BAD CODE
BAD CODE
BAD CODE
BAD CODE
BAD CODE
BAD CODE
BAD CODE
BAD CODE
BAD CODE
BAD CODE
BAD CODE
BAD CODE
BAD CODE
BAD CODE
BAD CODE
BAD CODE
BAD CODE
BAD CODE
BAD CODE
BAD CODE
BAD CODE
BAD CODE
BAD CODE
BAD CODE
BAD CODE
BAD CODE
BAD CODE
BAD CODE
BAD CODE
BAD CODE
BAD CODE
72
BAD CODE
BAD CODE
BAD CODE
BAD CODE
BAD CODE
BAD CODE
BAD CODE
BAD CODE
72
BAD CODE
BAD CODE
BAD CODE
BAD CODE
BAD CODE
BAD CODE
BAD CODE
BAD CODE
BAD CODE
BAD CODE
BAD CODE
BAD CODE
BAD CODE
BAD CODE
BAD CODE
BAD CODE
BAD CODE
BAD CODE
BAD CODE
BAD CODE
BAD CODE
BAD CODE
BAD CODE
BAD CODE
BAD CODE
BAD CODE
BAD CODE
BAD CODE
BAD CODE
BAD CODE
BAD CODE
BAD CODE
BAD CODE
BAD CODE
BAD CODE
BAD CODE
BAD CODE
BAD CODE
BAD CODE
BAD CODE
BAD CODE
BAD CODE
BAD CODE
BAD CODE
BAD CODE
BAD CODE
BAD CODE
BAD CODE
BAD CODE
BAD CODE
BAD CODE
BAD CODE
BAD CODE
BAD CODE
BAD CODE
BAD CODE
BAD CODE
BAD CODE
BAD CODE
BAD CODE
BAD CODE
BAD CODE
BAD CODE
BAD CODE
BAD CODE
BAD CODE
BAD CODE
BAD CODE
BAD CODE
BAD CODE
BAD CODE
BAD CODE
BAD CODE
BAD CODE
BAD CODE
BAD CODE
BAD CODE
BAD CODE
BAD CODE
BAD CODE
BAD CODE
BAD CODE
BAD CODE
BAD CODE
BAD CODE
BAD CODE
BAD CODE
BAD CODE
BAD CODE
BAD CODE
BAD CODE
BAD CODE
BAD CODE
BAD CODE
BAD CODE
BAD CODE
BAD CODE
BAD CODE
BAD CODE
BAD CODE
81
0
0
0
0
0
0
0
0
0
0
0
0
0
0
0
0
0
0
0
0
0
0
0
0
0
0
0
0
0
0
0
0
0
0
0
0
0
0
0
0
0
0
0
0
0
0
0
0
0
0
0
0
0
0
0
0
0
0
0
0
0
0
0
0
0
0
0
0
0
0
0
0
0
0
0
0
0
0
0
0
0
0
0
0
0
0
0
0
0
0
0
0
0
0
0
0
0
0
0
0
BAD CODE
BAD CODE
BAD CODE
BAD CODE
BAD CODE
BAD CODE
BAD CODE
BAD CODE
BAD CODE
BAD CODE
BAD CODE
BAD CODE
BAD CODE
BAD CODE
BAD CODE
BAD CODE
BAD CODE
BAD CODE
BAD CODE
BAD CODE
BAD CODE
BAD CODE
BAD CODE
BAD CODE
BAD CODE
10
10
10
10
10
BAD CODE
BAD CODE
BAD CODE
BAD CODE
10
10
10
10
10
10
BAD CODE
BAD CODE
BAD CODE
10
10
10
10
10
10
10
BAD CODE
BAD CODE
10
10
10
10
10
10
10
10
BAD CODE
BAD CODE
10
10
10
10
10
10
10
10
BAD CODE
BAD CODE
10
10
10
10
10
10
10
10
BAD CODE
BAD CODE
10
10
10
10
10
10
10
10
BAD CODE
BAD CODE
10
10
10
10
10
10
10
10
BAD CODE
BAD CODE
BAD CODE
BAD CODE
BAD CODE
BAD CODE
BAD CODE
BAD CODE
BAD CODE
BAD CODE
BAD CODE
BAD CODE
BAD CODE
BAD CODE
BAD CODE
BAD CODE
BAD CODE
BAD CODE
BAD CODE
BAD CODE
BAD CODE
BAD CODE
BAD CODE
BAD CODE
BAD CODE
BAD CODE
BAD CODE
BAD CODE
BAD CODE
BAD CODE
BAD CODE
BAD CODE
BAD CODE
BAD CODE
BAD CODE
BAD CODE
BAD CODE
20
20
20
BAD CODE
BAD CODE
BAD CODE
BAD CODE
BAD CODE
20
20
20
20
20
BAD CODE
BAD CODE
BAD CODE
BAD CODE
20
20
20
20
20
20
BAD CODE
BAD CODE
BAD CODE
BAD CODE
20
20
20
20
20
20
BAD CODE
BAD CODE
BAD CODE
20
20
20
20
20
20
20
BAD CODE
BAD CODE
BAD CODE
20
20
20
20
20
20
20
BAD CODE
BAD CODE
BAD CODE
20
20
20
20
20
20
20
BAD CODE
BAD CODE
BAD CODE
BAD CODE
BAD CODE
BAD CODE
BAD CODE
BAD CODE
BAD CODE
BAD CODE
BAD CODE
BAD CODE
BAD CODE
BAD CODE
BAD CODE
BAD CODE
BAD CODE
BAD CODE
BAD CODE
BAD CODE
BAD CODE
BAD CODE
BAD CODE
BAD CODE
BAD CODE
BAD CODE
BAD CODE
BAD CODE
BAD CODE
BAD CODE
BAD CODE
BAD CODE
BAD CODE
BAD CODE
BAD CODE
BAD CODE
BAD CODE
BAD CODE
BAD CODE
BAD CODE
BAD CODE
BAD CODE
BAD CODE
BAD CODE
BAD CODE
BAD CODE
BAD CODE
BAD CODE
30
30
BAD CODE
BAD CODE
BAD CODE
BAD CODE
BAD CODE
BAD CODE
30
30
30
30
BAD CODE
BAD CODE
BAD CODE
BAD CODE
BAD CODE
30
30
30
30
30
BAD CODE
BAD CODE
BAD CODE
BAD CODE
BAD CODE
30
30
30
30
30
BAD CODE
BAD CODE
BAD CODE
BAD CODE
30
30
30
30
30
30
BAD CODE
BAD CODE
BAD CODE
BAD CODE
30
30
30
30
30
30
BAD CODE
BAD CODE
BAD CODE
BAD CODE
BAD CODE
BAD CODE
BAD CODE
BAD CODE
BAD CODE
BAD CODE
BAD CODE
BAD CODE
BAD CODE
BAD CODE
BAD CODE
BAD CODE
BAD CODE
BAD CODE
BAD CODE
BAD CODE
BAD CODE
BAD CODE
BAD CODE
BAD CODE
BAD CODE
BAD CODE
BAD CODE
BAD CODE
BAD CODE
BAD CODE
BAD CODE
BAD CODE
BAD CODE
BAD CODE
BAD CODE
BAD CODE
BAD CODE
BAD CODE
BAD CODE
BAD CODE
BAD CODE
BAD CODE
BAD CODE
BAD CODE
BAD CODE
BAD CODE
BAD CODE
BAD CODE
BAD CODE
BAD CODE
BAD CODE
BAD CODE
BAD CODE
BAD CODE
BAD CODE
BAD CODE
BAD CODE
BAD CODE
40
40
BAD CODE
BAD CODE
BAD CODE
BAD CODE
BAD CODE
BAD CODE
BAD CODE
40
40
40
BAD CODE
BAD CODE
BAD CODE
BAD CODE
BAD CODE
BAD CODE
40
40
40
40
BAD CODE
BAD CODE
BAD CODE
BAD CODE
BAD CODE
40
40
40
40
40
BAD CODE
BAD CODE
BAD CODE
BAD CODE
BAD CODE
40
40
40
40
40
BAD CODE
BAD CODE
BAD CODE
BAD CODE
BAD CODE
BAD CODE
BAD CODE
BAD CODE
BAD CODE
BAD CODE
BAD CODE
BAD CODE
BAD CODE
BAD CODE
BAD CODE
BAD CODE
BAD CODE
BAD CODE
BAD CODE
BAD CODE
BAD CODE
BAD CODE
BAD CODE
BAD CODE
BAD CODE
BAD CODE
BAD CODE
BAD CODE
BAD CODE
BAD CODE
BAD CODE
BAD CODE
BAD CODE
BAD CODE
BAD CODE
BAD CODE
BAD CODE
BAD CODE
BAD CODE
BAD CODE
BAD CODE
BAD CODE
BAD CODE
BAD CODE
BAD CODE
BAD CODE
BAD CODE
BAD CODE
BAD CODE
BAD CODE
BAD CODE
BAD CODE
BAD CODE
BAD CODE
BAD CODE
BAD CODE
BAD CODE
BAD CODE
BAD CODE
BAD CODE
BAD CODE
BAD CODE
BAD CODE
BAD CODE
BAD CODE
BAD CODE
BAD CODE
BAD CODE
BAD CODE
50
BAD CODE
BAD CODE
BAD CODE
BAD CODE
BAD CODE
BAD CODE
BAD CODE
BAD CODE
50
50
BAD CODE
BAD CODE
BAD CODE
BAD CODE
BAD CODE
BAD CODE
BAD CODE
50
50
50
BAD CODE
BAD CODE
BAD CODE
BAD CODE
BAD CODE
BAD CODE
50
50
50
50
BAD CODE
BAD CODE
BAD CODE
BAD CODE
BAD CODE
BAD CODE
BAD CODE
BAD CODE
BAD CODE
BAD CODE
BAD CODE
BAD CODE
BAD CODE
BAD CODE
BAD CODE
BAD CODE
BAD CODE
BAD CODE
BAD CODE
BAD CODE
BAD CODE
BAD CODE
BAD CODE
BAD CODE
BAD CODE
BAD CODE
BAD CODE
BAD CODE
BAD CODE
BAD CODE
BAD CODE
BAD CODE
BAD CODE
BAD CODE
BAD CODE
BAD CODE
BAD CODE
BAD CODE
BAD CODE
BAD CODE
BAD CODE
BAD CODE
BAD CODE
BAD CODE
BAD CODE
BAD CODE
BAD CODE
BAD CODE
BAD CODE
BAD CODE
BAD CODE
BAD CODE
BAD CODE
BAD CODE
BAD CODE
BAD CODE
BAD CODE
BAD CODE
BAD CODE
BAD CODE
BAD CODE
BAD CODE
BAD CODE
BAD CODE
BAD CODE
BAD CODE
BAD CODE
BAD CODE
BAD CODE
BAD CODE
BAD CODE
BAD CODE
BAD CODE
BAD CODE
BAD CODE
BAD CODE
BAD CODE
BAD CODE
BAD CODE
60
BAD CODE
BAD CODE
BAD CODE
BAD CODE
BAD CODE
BAD CODE
BAD CODE
BAD CODE
60
60
BAD CODE
BAD CODE
BAD CODE
BAD CODE
BAD CODE
BAD CODE
BAD CODE
60
60
60
BAD CODE
BAD CODE
BAD CODE
BAD CODE
BAD CODE
BAD CODE
BAD CODE
BAD CODE
BAD CODE
BAD CODE
BAD CODE
BAD CODE
BAD CODE
BAD CODE
BAD CODE
BAD CODE
BAD CODE
BAD CODE
BAD CODE
BAD CODE
BAD CODE
BAD CODE
BAD CODE
BAD CODE
BAD CODE
BAD CODE
BAD CODE
BAD CODE
BAD CODE
BAD CODE
BAD CODE
BAD CODE
BAD CODE
BAD CODE
BAD CODE
BAD CODE
BAD CODE
BAD CODE
BAD CODE
BAD CODE
BAD CODE
BAD CODE
BAD CODE
BAD CODE
BAD CODE
BAD CODE
BAD CODE
BAD CODE
BAD CODE
BAD CODE
BAD CODE
BAD CODE
BAD CODE
BAD CODE
BAD CODE
BAD CODE
BAD CODE
BAD CODE
BAD CODE
BAD CODE
BAD CODE
BAD CODE
BAD CODE
BAD CODE
BAD CODE
BAD CODE
BAD CODE
BAD CODE
BAD CODE
BAD CODE
BAD CODE
BAD CODE
BAD CODE
BAD CODE
BAD CODE
BAD CODE
BAD CODE
BAD CODE
BAD CODE
BAD CODE
BAD CODE
BAD CODE
BAD CODE
BAD CODE
BAD CODE
BAD CODE
BAD CODE
BAD CODE
BAD CODE
70
BAD CODE
BAD CODE
BAD CODE
BAD CODE
BAD CODE
BAD CODE
BAD CODE
BAD CODE
70
70
BAD CODE
BAD CODE
BAD CODE
BAD CODE
BAD CODE
BAD CODE
BAD CODE
BAD CODE
BAD CODE
BAD CODE
BAD CODE
BAD CODE
BAD CODE
BAD CODE
BAD CODE
BAD CODE
BAD CODE
BAD CODE
BAD CODE
BAD CODE
BAD CODE
BAD CODE
BAD CODE
BAD CODE
BAD CODE
BAD CODE
BAD CODE
BAD CODE
BAD CODE
BAD CODE
BAD CODE
BAD CODE
BAD CODE
BAD CODE
BAD CODE
BAD CODE
BAD CODE
BAD CODE
BAD CODE
BAD CODE
BAD CODE
BAD CODE
BAD CODE
BAD CODE
BAD CODE
BAD CODE
BAD CODE
BAD CODE
BAD CODE
BAD CODE
BAD CODE
BAD CODE
BAD CODE
BAD CODE
BAD CODE
BAD CODE
BAD CODE
BAD CODE
BAD CODE
BAD CODE
BAD CODE
BAD CODE
BAD CODE
BAD CODE
BAD CODE
BAD CODE
BAD CODE
BAD CODE
BAD CODE
BAD CODE
BAD CODE
BAD CODE
BAD CODE
BAD CODE
BAD CODE
BAD CODE
BAD CODE
BAD CODE
BAD CODE
BAD CODE
BAD CODE
BAD CODE
BAD CODE
BAD CODE
BAD CODE
BAD CODE
BAD CODE
BAD CODE
BAD CODE
BAD CODE
BAD CODE
BAD CODE
BAD CODE
BAD CODE
BAD CODE
BAD CODE
BAD CODE
BAD CODE
BAD CODE
80
BAD CODE
BAD CODE
BAD CODE
BAD CODE
BAD CODE
BAD CODE
BAD CODE
BAD CODE
BAD CODE
BAD CODE
BAD CODE
BAD CODE
BAD CODE
BAD CODE
BAD CODE
BAD CODE
BAD CODE
BAD CODE
BAD CODE
BAD CODE
BAD CODE
BAD CODE
BAD CODE
BAD CODE
BAD CODE
BAD CODE
BAD CODE
BAD CODE
BAD CODE
BAD CODE
BAD CODE
BAD CODE
BAD CODE
BAD CODE
BAD CODE
BAD CODE
BAD CODE
BAD CODE
BAD CODE
BAD CODE
BAD CODE
BAD CODE
BAD CODE
BAD CODE
BAD CODE
BAD CODE
BAD CODE
BAD CODE
BAD CODE
BAD CODE
BAD CODE
BAD CODE
BAD CODE
BAD CODE
BAD CODE
BAD CODE
BAD CODE
BAD CODE
BAD CODE
BAD CODE
BAD CODE
BAD CODE
BAD CODE
BAD CODE
BAD CODE
BAD CODE
BAD CODE
BAD CODE
BAD CODE
BAD CODE
BAD CODE
BAD CODE
BAD CODE
BAD CODE
BAD CODE
BAD CODE
BAD CODE
BAD CODE
BAD CODE
BAD CODE
BAD CODE
BAD CODE
BAD CODE
BAD CODE
BAD CODE
BAD CODE
BAD CODE
BAD CODE
BAD CODE
BAD CODE
BAD CODE
BAD CODE
BAD CODE
BAD CODE
BAD CODE
BAD CODE
BAD CODE
BAD CODE
BAD CODE
BAD CODE
