0
0
BAD CODE
261738
BAD CODE
BAD CODE
BAD CODE
BAD CODE
BAD CODE
0
BAD CODE
BAD CODE
280179
BAD CODE
BAD CODE
BAD CODE
BAD CODE
BAD CODE
BAD CODE
BAD CODE
BAD CODE
0
BAD CODE
BAD CODE
BAD CODE
0
BAD CODE
0
152440
BAD CODE
0
BAD CODE
BAD CODE
0
194991
BAD CODE
0
722051
0
193913
BAD CODE
BAD CODE
379259
BAD CODE
45567221
BAD CODE
BAD CODE
BAD CODE
BAD CODE
BAD CODE
BAD CODE
BAD CODE
BAD CODE
BAD CODE
747133
0
4420699
BAD CODE
0
0
BAD CODE
BAD CODE
BAD CODE
0
BAD CODE
0
BAD CODE
BAD CODE
BAD CODE
BAD CODE
BAD CODE
BAD CODE
368516
BAD CODE
BAD CODE
BAD CODE
BAD CODE
1089629
BAD CODE
0
BAD CODE
2876253
0
0
BAD CODE
BAD CODE
BAD CODE
0
964538
BAD CODE
0
BAD CODE
0
0
BAD CODE
1681164
486198
BAD CODE
0
BAD CODE
BAD CODE
BAD CODE
BAD CODE
17859685
0
0
0
36122
525198
0
0
BAD CODE
0
BAD CODE
3777449
BAD CODE
BAD CODE
BAD CODE
BAD CODE
BAD CODE
BAD CODE
BAD CODE
349062
BAD CODE
0
BAD CODE
BAD CODE
BAD CODE
0
BAD CODE
0
BAD CODE
0
BAD CODE
BAD CODE
BAD CODE
BAD CODE
BAD CODE
0
BAD CODE
0
BAD CODE
0
0
0
BAD CODE
BAD CODE
487301
0
236011
488240
BAD CODE
0
BAD CODE
BAD CODE
BAD CODE
BAD CODE
846985
BAD CODE
BAD CODE
BAD CODE
BAD CODE
0
BAD CODE
BAD CODE
BAD CODE
BAD CODE
BAD CODE
74383977
BAD CODE
0
BAD CODE
BAD CODE
BAD CODE
BAD CODE
0
BAD CODE
BAD CODE
0
BAD CODE
BAD CODE
BAD CODE
BAD CODE
0
BAD CODE
BAD CODE
0
BAD CODE
BAD CODE
BAD CODE
0
2194226
BAD CODE
0
BAD CODE
BAD CODE
0
BAD CODE
BAD CODE
0
2012790
0
BAD CODE
0
289670
0
1991318
0
BAD CODE
2885607
1406785
BAD CODE
BAD CODE
BAD CODE
1357943
6806715
0
BAD CODE
BAD CODE
BAD CODE
BAD CODE
0
0
BAD CODE
469218
BAD CODE
BAD CODE
102664
1020747
0
BAD CODE
BAD CODE
562664
2044664
0
0
680842
0
65003
BAD CODE
BAD CODE
BAD CODE
BAD CODE
BAD CODE
BAD CODE
BAD CODE
0
0
BAD CODE
1112659
BAD CODE
0
0
BAD CODE
BAD CODE
BAD CODE
3837914
BAD CODE
BAD CODE
BAD CODE
0
BAD CODE
749822
4721948
BAD CODE
3287022
0
0
505941
BAD CODE
0
59821
0
BAD CODE
BAD CODE
BAD CODE
0
BAD CODE
BAD CODE
0
175914
494822
BAD CODE
BAD CODE
0
BAD CODE
1699106
849324
539917
30416
0
0
BAD CODE
587151
BAD CODE
BAD CODE
BAD CODE
0
BAD CODE
BAD CODE
BAD CODE
107718
2610700
BAD CODE
BAD CODE
BAD CODE
0
BAD CODE
568581
BAD CODE
BAD CODE
BAD CODE
BAD CODE
BAD CODE
BAD CODE
BAD CODE
0
1651532
BAD CODE
BAD CODE
BAD CODE
BAD CODE
BAD CODE
8622912
760367
1304963
BAD CODE
352243
BAD CODE
BAD CODE
900242
0
BAD CODE
2818597
BAD CODE
1235168
BAD CODE
BAD CODE
3303038
BAD CODE
BAD CODE
BAD CODE
0
BAD CODE
0
0
BAD CODE
0
BAD CODE
1153483
0
BAD CODE
BAD CODE
BAD CODE
BAD CODE
BAD CODE
0
0
0
0
BAD CODE
0
BAD CODE
BAD CODE
480040
BAD CODE
7964242
0
0
0
BAD CODE
0
BAD CODE
213464
164509
BAD CODE
BAD CODE
BAD CODE
968782
BAD CODE
BAD CODE
1837491
BAD CODE
BAD CODE
BAD CODE
5698042
BAD CODE
BAD CODE
BAD CODE
0
BAD CODE
BAD CODE
1051462
BAD CODE
BAD CODE
BAD CODE
BAD CODE
BAD CODE
BAD CODE
BAD CODE
BAD CODE
0
246033
0
BAD CODE
BAD CODE
BAD CODE
BAD CODE
4658480
BAD CODE
0
BAD CODE
BAD CODE
BAD CODE
BAD CODE
0
0
0
BAD CODE
BAD CODE
0
BAD CODE
BAD CODE
0
BAD CODE
BAD CODE
BAD CODE
BAD CODE
BAD CODE
BAD CODE
BAD CODE
BAD CODE
0
81327
BAD CODE
BAD CODE
997666
12618393
BAD CODE
BAD CODE
0
0
0
BAD CODE
2608080
1200925
BAD CODE
0
805959
BAD CODE
BAD CODE
0
BAD CODE
BAD CODE
0
BAD CODE
0
BAD CODE
1321609
BAD CODE
BAD CODE
BAD CODE
0
BAD CODE
0
0
0
BAD CODE
BAD CODE
1890041
BAD CODE
BAD CODE
763857
0
719789
596340
BAD CODE
BAD CODE
BAD CODE
BAD CODE
BAD CODE
608642
24358
BAD CODE
0
1051928
BAD CODE
BAD CODE
0
BAD CODE
BAD CODE
BAD CODE
BAD CODE
0
633963
BAD CODE
0
BAD CODE
BAD CODE
0
BAD CODE
0
BAD CODE
BAD CODE
0
BAD CODE
1339776553
0
BAD CODE
BAD CODE
0
0
BAD CODE
BAD CODE
0
BAD CODE
BAD CODE
BAD CODE
0
0
BAD CODE
BAD CODE
BAD CODE
0
BAD CODE
BAD CODE
0
BAD CODE
0
BAD CODE
BAD CODE
BAD CODE
0
BAD CODE
BAD CODE
BAD CODE
0
BAD CODE
BAD CODE
0
0
0
BAD CODE
0
0
27663736
BAD CODE
1131791
BAD CODE
BAD CODE
229497
BAD CODE
BAD CODE
0
BAD CODE
BAD CODE
BAD CODE
0
0
BAD CODE
BAD CODE
BAD CODE
BAD CODE
0
BAD CODE
0
18632335
16417532
BAD CODE
BAD CODE
BAD CODE
1439675
BAD CODE
822678
0
BAD CODE
590100
BAD CODE
0
BAD CODE
BAD CODE
0
618409
BAD CODE
BAD CODE
BAD CODE
BAD CODE
BAD CODE
BAD CODE
BAD CODE
84180
BAD CODE
2120964
BAD CODE
BAD CODE
BAD CODE
106343
0
0
16402
0
BAD CODE
BAD CODE
BAD CODE
BAD CODE
0
BAD CODE
6121311
0
BAD CODE
BAD CODE
BAD CODE
0
BAD CODE
0
898036
1742040
0
BAD CODE
BAD CODE
997570
BAD CODE
BAD CODE
BAD CODE
0
BAD CODE
BAD CODE
BAD CODE
0
BAD CODE
BAD CODE
1306026
BAD CODE
BAD CODE
BAD CODE
BAD CODE
BAD CODE
BAD CODE
BAD CODE
BAD CODE
0
BAD CODE
BAD CODE
BAD CODE
1145348
BAD CODE
BAD CODE
BAD CODE
BAD CODE
BAD CODE
0
BAD CODE
14240553
0
BAD CODE
1628672
0
BAD CODE
0
BAD CODE
BAD CODE
0
BAD CODE
BAD CODE
0
0
BAD CODE
BAD CODE
0
BAD CODE
366358
BAD CODE
BAD CODE
BAD CODE
0
BAD CODE
938653
BAD CODE
BAD CODE
BAD CODE
BAD CODE
344878
693225
0
0
BAD CODE
2284016
BAD CODE
BAD CODE
0
BAD CODE
0
BAD CODE
BAD CODE
BAD CODE
BAD CODE
BAD CODE
0
BAD CODE
BAD CODE
BAD CODE
0
BAD CODE
0
0
5215502
0
BAD CODE
0
0
0
1580469
BAD CODE
BAD CODE
BAD CODE
91243
0
BAD CODE
BAD CODE
113858641
2760720
BAD CODE
BAD CODE
BAD CODE
0
BAD CODE
BAD CODE
0
BAD CODE
931001
204158
BAD CODE
BAD CODE
0
580794
BAD CODE
BAD CODE
BAD CODE
BAD CODE
0
790671
BAD CODE
BAD CODE
0
148256
BAD CODE
BAD CODE
0
BAD CODE
194538
BAD CODE
0
0
0
0
BAD CODE
0
28986528
8450734
BAD CODE
848565
1331371
0
BAD CODE
0
0
BAD CODE
1056918
0
0
BAD CODE
0
BAD CODE
BAD CODE
BAD CODE
BAD CODE
BAD CODE
658194
BAD CODE
0
BAD CODE
1077050
0
BAD CODE
BAD CODE
BAD CODE
BAD CODE
BAD CODE
BAD CODE
0
30426
BAD CODE
BAD CODE
BAD CODE
BAD CODE
BAD CODE
BAD CODE
0
0
BAD CODE
0
0
BAD CODE
BAD CODE
BAD CODE
0
572450
821284
986379
BAD CODE
0
BAD CODE
16615
BAD CODE
0
BAD CODE
0
0
BAD CODE
BAD CODE
BAD CODE
415590
BAD CODE
BAD CODE
BAD CODE
0
191519
BAD CODE
BAD CODE
0
0
BAD CODE
BAD CODE
0
0
0
BAD CODE
BAD CODE
BAD CODE
BAD CODE
BAD CODE
BAD CODE
BAD CODE
348850
BAD CODE
BAD CODE
1543907
0
BAD CODE
1553514
0
BAD CODE
BAD CODE
BAD CODE
0
BAD CODE
BAD CODE
BAD CODE
0
BAD CODE
BAD CODE
BAD CODE
BAD CODE
305705
1566290
BAD CODE
BAD CODE
BAD CODE
BAD CODE
BAD CODE
0
199339
0
BAD CODE
2194493
0
1005948
BAD CODE
968851
BAD CODE
0
79669
0
4783157
BAD CODE
BAD CODE
0
BAD CODE
0
BAD CODE
BAD CODE
0
BAD CODE
0
BAD CODE
321796
1922469
293640
BAD CODE
BAD CODE
1185907
BAD CODE
123251586
0
BAD CODE
BAD CODE
622450
0
0
BAD CODE
BAD CODE
BAD CODE
0
BAD CODE
BAD CODE
0
0
0
BAD CODE
BAD CODE
BAD CODE
BAD CODE
5292868
BAD CODE
BAD CODE
BAD CODE
BAD CODE
BAD CODE
BAD CODE
0
BAD CODE
0
794236
BAD CODE
BAD CODE
BAD CODE
0
BAD CODE
BAD CODE
BAD CODE
BAD CODE
BAD CODE
BAD CODE
BAD CODE
BAD CODE
0
BAD CODE
BAD CODE
0
BAD CODE
BAD CODE
BAD CODE
BAD CODE
BAD CODE
BAD CODE
BAD CODE
0
BAD CODE
1155181
BAD CODE
BAD CODE
1710676
0
2013915
BAD CODE
0
BAD CODE
0
BAD CODE
374595
4377672
BAD CODE
BAD CODE
BAD CODE
0
1556817
461579
BAD CODE
544665
BAD CODE
0
2100604
0
235801
BAD CODE
BAD CODE
BAD CODE
0
BAD CODE
BAD CODE
BAD CODE
BAD CODE
BAD CODE
BAD CODE
BAD CODE
BAD CODE
BAD CODE
5527990
657423
0
575568
623258
BAD CODE
BAD CODE
BAD CODE
282786
BAD CODE
2102763
0
BAD CODE
BAD CODE
BAD CODE
1136835
BAD CODE
BAD CODE
BAD CODE
BAD CODE
2571297
1103582
363154
BAD CODE
0
1490182
BAD CODE
BAD CODE
BAD CODE
BAD CODE
BAD CODE
0
434365
0
471228
BAD CODE
BAD CODE
BAD CODE
0
BAD CODE
BAD CODE
853184
BAD CODE
BAD CODE
BAD CODE
BAD CODE
BAD CODE
822313
BAD CODE
BAD CODE
BAD CODE
BAD CODE
10262475
BAD CODE
1777442
1587582
BAD CODE
BAD CODE
0
488620
BAD CODE
BAD CODE
0
BAD CODE
0
BAD CODE
BAD CODE
BAD CODE
BAD CODE
BAD CODE
BAD CODE
BAD CODE
BAD CODE
0
4755396
965301
BAD CODE
BAD CODE
BAD CODE
954061
BAD CODE
1298991
BAD CODE
BAD CODE
BAD CODE
BAD CODE
BAD CODE
BAD CODE
554225
BAD CODE
BAD CODE
0
BAD CODE
88179
0
BAD CODE
BAD CODE
BAD CODE
BAD CODE
BAD CODE
0
BAD CODE
0
0
BAD CODE
0
BAD CODE
0
3705534
0
0
267293
BAD CODE
BAD CODE
0
0
BAD CODE
BAD CODE
0
674531
BAD CODE
0
0
BAD CODE
BAD CODE
BAD CODE
1326682
BAD CODE
BAD CODE
51409
BAD CODE
0
BAD CODE
0
26461
BAD CODE
BAD CODE
BAD CODE
BAD CODE
BAD CODE
0
0
BAD CODE
0
BAD CODE
BAD CODE
426967
BAD CODE
0
BAD CODE
BAD CODE
950908
0
934378
429355
BAD CODE
6608495
651147
BAD CODE
BAD CODE
0
0
BAD CODE
595777
BAD CODE
303028
0
3928636
891948
BAD CODE
BAD CODE
BAD CODE
0
BAD CODE
1241381
BAD CODE
667859
BAD CODE
BAD CODE
BAD CODE
BAD CODE
BAD CODE
73711
BAD CODE
BAD CODE
BAD CODE
117753
0
BAD CODE
BAD CODE
986678
BAD CODE
0
BAD CODE
0
1960470
BAD CODE
0
BAD CODE
BAD CODE
0
BAD CODE
BAD CODE
BAD CODE
BAD CODE
0
BAD CODE
BAD CODE
817485
0
BAD CODE
BAD CODE
BAD CODE
0
BAD CODE
BAD CODE
BAD CODE
BAD CODE
BAD CODE
BAD CODE
30786
BAD CODE
0
BAD CODE
BAD CODE
BAD CODE
0
0
0
BAD CODE
0
BAD CODE
1195070
BAD CODE
BAD CODE
BAD CODE
BAD CODE
1043084
385955
0
1772846
BAD CODE
BAD CODE
0
BAD CODE
BAD CODE
BAD CODE
0
BAD CODE
BAD CODE
3041722
0
0
BAD CODE
0
BAD CODE
BAD CODE
BAD CODE
BAD CODE
BAD CODE
418446
6069440
0
BAD CODE
0
729716
BAD CODE
409392
BAD CODE
3295011
BAD CODE
BAD CODE
1351853
0
BAD CODE
BAD CODE
BAD CODE
BAD CODE
BAD CODE
0
BAD CODE
BAD CODE
2740171
0
BAD CODE
BAD CODE
BAD CODE
0
1369307
BAD CODE
BAD CODE
BAD CODE
BAD CODE
203145
0
0
BAD CODE
199881
0
BAD CODE
BAD CODE
195873
0
BAD CODE
BAD CODE
BAD CODE
BAD CODE
0
0
BAD CODE
BAD CODE
BAD CODE
BAD CODE
0
0
BAD CODE
3025845
3575752
BAD CODE
926472
BAD CODE
0
0
0
44788774
BAD CODE
BAD CODE
0
BAD CODE
0
0
0
0
BAD CODE
1944513
BAD CODE
888027
BAD CODE
0
0
BAD CODE
BAD CODE
BAD CODE
0
BAD CODE
158831
0
0
BAD CODE
164334
BAD CODE
BAD CODE
BAD CODE
BAD CODE
BAD CODE
BAD CODE
BAD CODE
0
BAD CODE
BAD CODE
0
339851
0
BAD CODE
BAD CODE
0
BAD CODE
BAD CODE
0
BAD CODE
BAD CODE
BAD CODE
BAD CODE
BAD CODE
BAD CODE
BAD CODE
0
0
0
1345656
BAD CODE
0
BAD CODE
0
BAD CODE
0
0
BAD CODE
1354210
0
1258293
BAD CODE
BAD CODE
BAD CODE
BAD CODE
1248295
BAD CODE
0
BAD CODE
7480117
BAD CODE
BAD CODE
BAD CODE
BAD CODE
7031780
BAD CODE
1038966
BAD CODE
0
BAD CODE
BAD CODE
BAD CODE
189101
BAD CODE
BAD CODE
0
BAD CODE
0
BAD CODE
0
0
0
BAD CODE
BAD CODE
BAD CODE
1531835
BAD CODE
0
BAD CODE
BAD CODE
BAD CODE
0
0
BAD CODE
BAD CODE
BAD CODE
383677
664600
0
BAD CODE
0
BAD CODE
8576971
174813
0
13725
0
BAD CODE
BAD CODE
BAD CODE
834458
BAD CODE
BAD CODE
0
0
BAD CODE
116663
BAD CODE
BAD CODE
BAD CODE
1324918
0
0
532095
0
0
BAD CODE
1009821
BAD CODE
2643537
BAD CODE
0
0
0
BAD CODE
1126960
BAD CODE
0
0
0
0
0
BAD CODE
BAD CODE
0
BAD CODE
BAD CODE
3399488
BAD CODE
BAD CODE
BAD CODE
0
420876
BAD CODE
0
BAD CODE
1325467
0
BAD CODE
0
818683
BAD CODE
BAD CODE
BAD CODE
BAD CODE
46804
1058770
BAD CODE
BAD CODE
BAD CODE
0
BAD CODE
BAD CODE
BAD CODE
BAD CODE
BAD CODE
BAD CODE
0
0
998707
0
BAD CODE
BAD CODE
0
BAD CODE
0
0
0
1774385
0
0
BAD CODE
943423
BAD CODE
BAD CODE
1977534
0
BAD CODE
BAD CODE
0
114665
0
BAD CODE
BAD CODE
7649560
0
BAD CODE
0
0
BAD CODE
BAD CODE
BAD CODE
0
BAD CODE
2227549
BAD CODE
1123160
BAD CODE
BAD CODE
BAD CODE
BAD CODE
609148
3662972
51530
BAD CODE
0
BAD CODE
915870
0
BAD CODE
0
BAD CODE
BAD CODE
BAD CODE
BAD CODE
BAD CODE
BAD CODE
BAD CODE
BAD CODE
BAD CODE
1427553
BAD CODE
0
BAD CODE
0
BAD CODE
BAD CODE
BAD CODE
0
0
286887
0
0
0
0
BAD CODE
433082
0
BAD CODE
881808
BAD CODE
0
0
BAD CODE
14573559
1396609
BAD CODE
32818279
BAD CODE
BAD CODE
BAD CODE
1491767
0
BAD CODE
BAD CODE
0
BAD CODE
BAD CODE
BAD CODE
0
BAD CODE
0
BAD CODE
0
0
BAD CODE
BAD CODE
0
0
BAD CODE
BAD CODE
1054230
539440
572989
BAD CODE
0
BAD CODE
BAD CODE
6307893
0
2026155
BAD CODE
BAD CODE
BAD CODE
0
0
0
BAD CODE
0
85377
BAD CODE
20267
BAD CODE
BAD CODE
10023301
BAD CODE
0
BAD CODE
358718
BAD CODE
0
BAD CODE
BAD CODE
0
BAD CODE
0
BAD CODE
532018
BAD CODE
0
BAD CODE
0
8397986
BAD CODE
351509
BAD CODE
BAD CODE
BAD CODE
BAD CODE
BAD CODE
BAD CODE
BAD CODE
BAD CODE
0
BAD CODE
BAD CODE
1719184
BAD CODE
0
0
BAD CODE
BAD CODE
4952369
0
BAD CODE
BAD CODE
BAD CODE
7361184
991807
0
BAD CODE
BAD CODE
BAD CODE
0
BAD CODE
0
1568579
BAD CODE
0
1071767
0
0
BAD CODE
BAD CODE
0
BAD CODE
0
BAD CODE
0
BAD CODE
126557
BAD CODE
BAD CODE
BAD CODE
BAD CODE
BAD CODE
0
0
BAD CODE
BAD CODE
718535
0
0
BAD CODE
BAD CODE
268910
BAD CODE
0
0
BAD CODE
BAD CODE
BAD CODE
0
BAD CODE
0
BAD CODE
3445516
BAD CODE
BAD CODE
BAD CODE
2022714
BAD CODE
0
BAD CODE
0
BAD CODE
0
BAD CODE
BAD CODE
BAD CODE
0
0
BAD CODE
0
22558
581915
0
BAD CODE
1696108
0
BAD CODE
0
0
BAD CODE
0
BAD CODE
BAD CODE
0
0
BAD CODE
2221081
679775
0
BAD CODE
BAD CODE
0
1813116
0
BAD CODE
0
BAD CODE
BAD CODE
BAD CODE
BAD CODE
BAD CODE
1770478
0
0
BAD CODE
BAD CODE
BAD CODE
388565
372539
BAD CODE
BAD CODE
0
BAD CODE
BAD CODE
BAD CODE
1093338
0
BAD CODE
0
197266
BAD CODE
BAD CODE
0
BAD CODE
BAD CODE
BAD CODE
BAD CODE
BAD CODE
0
BAD CODE
BAD CODE
BAD CODE
BAD CODE
BAD CODE
BAD CODE
BAD CODE
BAD CODE
0
0
BAD CODE
0
BAD CODE
1034235
BAD CODE
BAD CODE
BAD CODE
BAD CODE
BAD CODE
BAD CODE
0
0
BAD CODE
0
BAD CODE
0
BAD CODE
BAD CODE
BAD CODE
BAD CODE
0
BAD CODE
BAD CODE
1767988
BAD CODE
5149299
BAD CODE
717351
0
BAD CODE
28064113
BAD CODE
BAD CODE
BAD CODE
BAD CODE
0
BAD CODE
1048034
1422351
BAD CODE
742910
BAD CODE
0
BAD CODE
10141075
0
BAD CODE
0
BAD CODE
0
BAD CODE
447357
575779
0
1089756
BAD CODE
0
0
BAD CODE
BAD CODE
149281
0
294070
0
BAD CODE
42399
BAD CODE
1040687
BAD CODE
0
0
BAD CODE
605640
0
BAD CODE
BAD CODE
0
586569
BAD CODE
0
BAD CODE
BAD CODE
0
BAD CODE
BAD CODE
BAD CODE
BAD CODE
BAD CODE
BAD CODE
BAD CODE
BAD CODE
BAD CODE
BAD CODE
0
BAD CODE
156826
BAD CODE
BAD CODE
6821793
BAD CODE
BAD CODE
BAD CODE
0
BAD CODE
0
0
0
BAD CODE
218074
932619
BAD CODE
BAD CODE
BAD CODE
BAD CODE
BAD CODE
BAD CODE
BAD CODE
BAD CODE
BAD CODE
158965
0
0
BAD CODE
0
571652
202926
BAD CODE
1598350
0
BAD CODE
BAD CODE
BAD CODE
BAD CODE
0
BAD CODE
0
0
0
0
0
396963
1387078
0
0
BAD CODE
BAD CODE
BAD CODE
BAD CODE
46211116
BAD CODE
BAD CODE
0
1063383
0
0
BAD CODE
BAD CODE
0
BAD CODE
BAD CODE
BAD CODE
BAD CODE
0
BAD CODE
BAD CODE
845638
0
BAD CODE
BAD CODE
BAD CODE
BAD CODE
BAD CODE
821711
0
BAD CODE
BAD CODE
BAD CODE
BAD CODE
BAD CODE
1026428
BAD CODE
BAD CODE
BAD CODE
BAD CODE
BAD CODE
BAD CODE
BAD CODE
BAD CODE
482190
BAD CODE
0
1887696
BAD CODE
13377973
BAD CODE
BAD CODE
BAD CODE
231958
0
BAD CODE
BAD CODE
BAD CODE
BAD CODE
BAD CODE
BAD CODE
0
0
BAD CODE
BAD CODE
1257307
BAD CODE
BAD CODE
BAD CODE
BAD CODE
395935
812747
0
BAD CODE
0
179450
BAD CODE
0
0
BAD CODE
BAD CODE
BAD CODE
BAD CODE
BAD CODE
BAD CODE
0
BAD CODE
BAD CODE
1762713
BAD CODE
BAD CODE
BAD CODE
0
4416865
BAD CODE
0
BAD CODE
BAD CODE
BAD CODE
BAD CODE
BAD CODE
1021735
0
BAD CODE
BAD CODE
BAD CODE
BAD CODE
BAD CODE
BAD CODE
BAD CODE
BAD CODE
BAD CODE
0
BAD CODE
6542
6227673
BAD CODE
BAD CODE
BAD CODE
BAD CODE
BAD CODE
500155
BAD CODE
BAD CODE
BAD CODE
BAD CODE
BAD CODE
837015
BAD CODE
BAD CODE
BAD CODE
1108434
0
BAD CODE
BAD CODE
BAD CODE
541864
BAD CODE
980801
BAD CODE
BAD CODE
0
0
BAD CODE
0
0
290291
0
1398512
BAD CODE
0
0
BAD CODE
BAD CODE
BAD CODE
BAD CODE
BAD CODE
11696972
837441
0
0
BAD CODE
550242
645077
BAD CODE
BAD CODE
0
BAD CODE
BAD CODE
BAD CODE
BAD CODE
BAD CODE
0
218696
0
BAD CODE
0
0
935315
0
BAD CODE
BAD CODE
BAD CODE
0
BAD CODE
BAD CODE
169749
0
BAD CODE
BAD CODE
672770
0
BAD CODE
578265
10096101
BAD CODE
BAD CODE
BAD CODE
BAD CODE
BAD CODE
103231
0
BAD CODE
BAD CODE
0
BAD CODE
0
0
BAD CODE
BAD CODE
BAD CODE
0
2327077
14038657
BAD CODE
BAD CODE
0
0
0
BAD CODE
13288
0
0
0
BAD CODE
BAD CODE
0
BAD CODE
1554983
BAD CODE
0
BAD CODE
1917382
BAD CODE
0
BAD CODE
5021752
455111
BAD CODE
BAD CODE
0
0
BAD CODE
BAD CODE
461610
BAD CODE
BAD CODE
BAD CODE
BAD CODE
BAD CODE
0
BAD CODE
0
87514
BAD CODE
BAD CODE
0
0
BAD CODE
BAD CODE
BAD CODE
BAD CODE
0
0
0
296962
2025042
0
624195
BAD CODE
BAD CODE
990243
0
0
55278340
305791
BAD CODE
BAD CODE
0
BAD CODE
BAD CODE
BAD CODE
0
BAD CODE
BAD CODE
BAD CODE
0
BAD CODE
0
BAD CODE
0
BAD CODE
56992
1280881
BAD CODE
0
0
0
0
BAD CODE
1316515
BAD CODE
1328977
BAD CODE
BAD CODE
475491
0
390173
0
BAD CODE
0
BAD CODE
0
0
BAD CODE
470483
0
306483
0
BAD CODE
BAD CODE
BAD CODE
2133817
0
BAD CODE
BAD CODE
BAD CODE
BAD CODE
BAD CODE
0
0
0
BAD CODE
BAD CODE
0
BAD CODE
BAD CODE
BAD CODE
0
BAD CODE
1353252
BAD CODE
BAD CODE
BAD CODE
0
BAD CODE
BAD CODE
113234028
0
BAD CODE
BAD CODE
593241
654828
BAD CODE
BAD CODE
BAD CODE
1903418
0
BAD CODE
0
BAD CODE
780089
BAD CODE
0
BAD CODE
BAD CODE
BAD CODE
BAD CODE
BAD CODE
BAD CODE
428
791690
BAD CODE
0
BAD CODE
0
BAD CODE
BAD CODE
BAD CODE
0
56000
BAD CODE
0
BAD CODE
BAD CODE
BAD CODE
30562
BAD CODE
BAD CODE
0
206380
BAD CODE
BAD CODE
BAD CODE
0
BAD CODE
0
0
BAD CODE
BAD CODE
5076703
BAD CODE
BAD CODE
BAD CODE
BAD CODE
BAD CODE
0
BAD CODE
0
208453
BAD CODE
BAD CODE
BAD CODE
BAD CODE
BAD CODE
BAD CODE
0
393625
0
BAD CODE
0
305400
108380
BAD CODE
BAD CODE
0
0
691805
BAD CODE
0
BAD CODE
BAD CODE
BAD CODE
BAD CODE
BAD CODE
BAD CODE
0
BAD CODE
BAD CODE
227278
BAD CODE
BAD CODE
BAD CODE
BAD CODE
0
BAD CODE
1275324
BAD CODE
2224582
BAD CODE
BAD CODE
0
BAD CODE
BAD CODE
BAD CODE
0
270291
BAD CODE
0
BAD CODE
585289
2813678
BAD CODE
BAD CODE
BAD CODE
62832
1564095
BAD CODE
BAD CODE
0
537188
BAD CODE
513131
0
0
0
450568
0
0
485309
BAD CODE
27951
BAD CODE
0
0
BAD CODE
BAD CODE
BAD CODE
2522054
BAD CODE
BAD CODE
BAD CODE
BAD CODE
344092
1712916
BAD CODE
BAD CODE
10769112
BAD CODE
BAD CODE
BAD CODE
BAD CODE
1332649
BAD CODE
0
BAD CODE
0
BAD CODE
BAD CODE
BAD CODE
0
0
0
BAD CODE
BAD CODE
BAD CODE
0
BAD CODE
BAD CODE
0
BAD CODE
BAD CODE
BAD CODE
0
BAD CODE
0
2155929
BAD CODE
BAD CODE
BAD CODE
0
BAD CODE
BAD CODE
BAD CODE
BAD CODE
1513503
BAD CODE
BAD CODE
BAD CODE
1899535
BAD CODE
BAD CODE
0
0
0
BAD CODE
BAD CODE
BAD CODE
BAD CODE
0
831433
0
BAD CODE
BAD CODE
0
BAD CODE
BAD CODE
51574
BAD CODE
0
0
616136
0
0
0
BAD CODE
BAD CODE
572700
BAD CODE
0
BAD CODE
474646
0
0
BAD CODE
BAD CODE
0
0
241753
0
BAD CODE
0
0
0
0
BAD CODE
BAD CODE
0
BAD CODE
BAD CODE
BAD CODE
0
BAD CODE
BAD CODE
BAD CODE
BAD CODE
0
0
BAD CODE
BAD CODE
BAD CODE
BAD CODE
BAD CODE
BAD CODE
BAD CODE
0
BAD CODE
1665443
BAD CODE
BAD CODE
0
BAD CODE
BAD CODE
BAD CODE
BAD CODE
BAD CODE
0
2848733
300764
0
BAD CODE
0
0
BAD CODE
0
BAD CODE
BAD CODE
BAD CODE
BAD CODE
0
BAD CODE
0
BAD CODE
0
100307
BAD CODE
427706
BAD CODE
BAD CODE
BAD CODE
0
0
0
BAD CODE
0
0
BAD CODE
0
BAD CODE
BAD CODE
BAD CODE
BAD CODE
BAD CODE
0
BAD CODE
BAD CODE
BAD CODE
BAD CODE
485797
11741629
BAD CODE
BAD CODE
BAD CODE
0
101831
BAD CODE
BAD CODE
258400
BAD CODE
BAD CODE
87514
BAD CODE
537819
BAD CODE
BAD CODE
BAD CODE
0
BAD CODE
BAD CODE
BAD CODE
BAD CODE
65498
BAD CODE
838078
1697052
5375589
BAD CODE
BAD CODE
BAD CODE
BAD CODE
BAD CODE
BAD CODE
BAD CODE
0
BAD CODE
BAD CODE
BAD CODE
BAD CODE
BAD CODE
BAD CODE
BAD CODE
BAD CODE
BAD CODE
0
3876741
BAD CODE
BAD CODE
BAD CODE
BAD CODE
BAD CODE
0
BAD CODE
0
2113135
BAD CODE
331175
BAD CODE
1008383
BAD CODE
BAD CODE
BAD CODE
BAD CODE
1042228
BAD CODE
BAD CODE
BAD CODE
BAD CODE
0
BAD CODE
BAD CODE
BAD CODE
BAD CODE
BAD CODE
BAD CODE
BAD CODE
BAD CODE
BAD CODE
BAD CODE
BAD CODE
0
239087
BAD CODE
BAD CODE
BAD CODE
BAD CODE
BAD CODE
0
BAD CODE
BAD CODE
29995525
BAD CODE
BAD CODE
246224
BAD CODE
204924
BAD CODE
0
BAD CODE
BAD CODE
BAD CODE
348373
BAD CODE
0
BAD CODE
BAD CODE
BAD CODE
5556272
3083123
0
BAD CODE
BAD CODE
BAD CODE
BAD CODE
0
1109787
BAD CODE
2145283
1218051
BAD CODE
BAD CODE
0
BAD CODE
BAD CODE
BAD CODE
0
BAD CODE
BAD CODE
0
BAD CODE
0
70243
0
BAD CODE
0
0
BAD CODE
BAD CODE
0
0
124513
BAD CODE
BAD CODE
BAD CODE
BAD CODE
BAD CODE
BAD CODE
562708
BAD CODE
0
BAD CODE
0
BAD CODE
BAD CODE
5824128
0
BAD CODE
0
BAD CODE
246963
BAD CODE
BAD CODE
BAD CODE
0
0
0
219439
856988
BAD CODE
BAD CODE
0
BAD CODE
BAD CODE
0
BAD CODE
BAD CODE
BAD CODE
BAD CODE
0
BAD CODE
BAD CODE
BAD CODE
1613307
0
401022
BAD CODE
445977
1971124
BAD CODE
287824
BAD CODE
501105
BAD CODE
BAD CODE
1849089
BAD CODE
1240570
0
628596
BAD CODE
BAD CODE
BAD CODE
BAD CODE
BAD CODE
BAD CODE
BAD CODE
BAD CODE
8077988
0
BAD CODE
BAD CODE
BAD CODE
BAD CODE
0
343827
BAD CODE
0
BAD CODE
BAD CODE
BAD CODE
2775400
BAD CODE
0
1572580
BAD CODE
BAD CODE
BAD CODE
BAD CODE
BAD CODE
1878978
BAD CODE
BAD CODE
BAD CODE
1802956
0
BAD CODE
BAD CODE
BAD CODE
0
2846472
1933742
BAD CODE
BAD CODE
BAD CODE
BAD CODE
BAD CODE
BAD CODE
7956207
0
BAD CODE
BAD CODE
BAD CODE
BAD CODE
BAD CODE
BAD CODE
0
BAD CODE
0
0
0
659968
12444525
BAD CODE
BAD CODE
BAD CODE
BAD CODE
3598127
BAD CODE
154394
3123496
BAD CODE
BAD CODE
433088
BAD CODE
BAD CODE
BAD CODE
BAD CODE
3571002
1276870
BAD CODE
502546
BAD CODE
BAD CODE
0
0
BAD CODE
0
BAD CODE
BAD CODE
BAD CODE
BAD CODE
BAD CODE
693004
1133429
0
0
BAD CODE
BAD CODE
BAD CODE
BAD CODE
0
0
BAD CODE
BAD CODE
0
BAD CODE
0
973476
823597
676109
BAD CODE
BAD CODE
BAD CODE
BAD CODE
0
910333
BAD CODE
BAD CODE
BAD CODE
0
BAD CODE
BAD CODE
BAD CODE
955139
BAD CODE
0
BAD CODE
BAD CODE
1358809
BAD CODE
4414559
167608
BAD CODE
BAD CODE
0
BAD CODE
0
BAD CODE
BAD CODE
1845434
BAD CODE
1897751
BAD CODE
BAD CODE
518783
1516365
BAD CODE
0
BAD CODE
BAD CODE
BAD CODE
17116725
911928
BAD CODE
BAD CODE
BAD CODE
0
BAD CODE
0
BAD CODE
0
0
0
BAD CODE
BAD CODE
BAD CODE
0
BAD CODE
0
BAD CODE
BAD CODE
BAD CODE
BAD CODE
BAD CODE
BAD CODE
BAD CODE
BAD CODE
BAD CODE
0
BAD CODE
BAD CODE
269602
BAD CODE
BAD CODE
BAD CODE
0
BAD CODE
0
BAD CODE
870152
BAD CODE
BAD CODE
BAD CODE
BAD CODE
BAD CODE
847890
BAD CODE
0
0
0
BAD CODE
0
BAD CODE
BAD CODE
BAD CODE
BAD CODE
0
2490292
BAD CODE
BAD CODE
BAD CODE
BAD CODE
BAD CODE
BAD CODE
546087
BAD CODE
0
0
0
754772
0
BAD CODE
BAD CODE
BAD CODE
BAD CODE
0
BAD CODE
0
1883797
BAD CODE
232367
1056910
BAD CODE
5773200
BAD CODE
BAD CODE
BAD CODE
BAD CODE
779308
BAD CODE
0
0
8598698
0
BAD CODE
0
BAD CODE
BAD CODE
0
0
630837
BAD CODE
0
BAD CODE
BAD CODE
2042002
BAD CODE
0
0
BAD CODE
27639
BAD CODE
BAD CODE
BAD CODE
BAD CODE
BAD CODE
BAD CODE
606392
6870748
0
0
BAD CODE
0
BAD CODE
BAD CODE
0
BAD CODE
BAD CODE
BAD CODE
BAD CODE
BAD CODE
BAD CODE
0
0
0
73162
0
BAD CODE
BAD CODE
BAD CODE
1058402
0
BAD CODE
0
0
BAD CODE
BAD CODE
BAD CODE
105857
BAD CODE
BAD CODE
BAD CODE
BAD CODE
BAD CODE
BAD CODE
BAD CODE
0
516428
BAD CODE
0
BAD CODE
BAD CODE
BAD CODE
0
BAD CODE
1133960
BAD CODE
0
BAD CODE
0
BAD CODE
BAD CODE
1066227
BAD CODE
BAD CODE
BAD CODE
BAD CODE
650656
BAD CODE
BAD CODE
BAD CODE
968554
BAD CODE
0
0
BAD CODE
992230
9343450
BAD CODE
BAD CODE
BAD CODE
BAD CODE
BAD CODE
BAD CODE
1445653
BAD CODE
BAD CODE
BAD CODE
185493
BAD CODE
BAD CODE
BAD CODE
815163
BAD CODE
BAD CODE
BAD CODE
BAD CODE
BAD CODE
0
0
1162952
BAD CODE
0
BAD CODE
0
6514751
BAD CODE
BAD CODE
5035034
0
0
BAD CODE
BAD CODE
620802
BAD CODE
1669450
BAD CODE
557060
BAD CODE
0
0
0
BAD CODE
328022
BAD CODE
BAD CODE
528876
5238438
BAD CODE
0
0
BAD CODE
BAD CODE
2009494
BAD CODE
BAD CODE
BAD CODE
BAD CODE
BAD CODE
BAD CODE
469499
BAD CODE
BAD CODE
BAD CODE
545820
BAD CODE
0
0
BAD CODE
0
BAD CODE
BAD CODE
BAD CODE
0
0
BAD CODE
BAD CODE
0
0
0
0
BAD CODE
BAD CODE
BAD CODE
1542656
BAD CODE
7641680
0
BAD CODE
BAD CODE
BAD CODE
BAD CODE
0
8490041
BAD CODE
BAD CODE
BAD CODE
BAD CODE
BAD CODE
0
BAD CODE
201809
0
BAD CODE
BAD CODE
BAD CODE
BAD CODE
BAD CODE
BAD CODE
BAD CODE
BAD CODE
BAD CODE
484193
BAD CODE
0
0
BAD CODE
BAD CODE
BAD CODE
BAD CODE
BAD CODE
BAD CODE
0
0
BAD CODE
BAD CODE
0
BAD CODE
BAD CODE
0
4734666
0
0
397432
BAD CODE
0
BAD CODE
BAD CODE
BAD CODE
0
BAD CODE
0
0
BAD CODE
BAD CODE
BAD CODE
BAD CODE
0
0
BAD CODE
669985
0
144658
BAD CODE
342591
BAD CODE
BAD CODE
BAD CODE
BAD CODE
BAD CODE
0
BAD CODE
0
BAD CODE
1175320
BAD CODE
BAD CODE
460879
0
BAD CODE
0
BAD CODE
621578
0
0
BAD CODE
BAD CODE
BAD CODE
BAD CODE
BAD CODE
0
BAD CODE
BAD CODE
2448850
BAD CODE
2469576
BAD CODE
BAD CODE
821773
BAD CODE
0
BAD CODE
BAD CODE
BAD CODE
0
0
781039
BAD CODE
BAD CODE
BAD CODE
BAD CODE
0
0
BAD CODE
BAD CODE
BAD CODE
BAD CODE
BAD CODE
0
BAD CODE
1059478
BAD CODE
BAD CODE
BAD CODE
BAD CODE
BAD CODE
BAD CODE
BAD CODE
BAD CODE
BAD CODE
0
BAD CODE
7023977
0
BAD CODE
0
0
0
471288
704869
BAD CODE
0
BAD CODE
BAD CODE
BAD CODE
BAD CODE
BAD CODE
0
BAD CODE
BAD CODE
BAD CODE
BAD CODE
421718
BAD CODE
BAD CODE
BAD CODE
BAD CODE
0
0
BAD CODE
BAD CODE
2119467
BAD CODE
5626571
BAD CODE
0
1575079
0
BAD CODE
BAD CODE
BAD CODE
BAD CODE
BAD CODE
BAD CODE
0
8015746
BAD CODE
BAD CODE
BAD CODE
BAD CODE
BAD CODE
BAD CODE
BAD CODE
BAD CODE
BAD CODE
BAD CODE
BAD CODE
BAD CODE
2847
0
BAD CODE
BAD CODE
0
572273
BAD CODE
0
BAD CODE
BAD CODE
BAD CODE
BAD CODE
BAD CODE
671858
BAD CODE
BAD CODE
1090860
0
BAD CODE
BAD CODE
BAD CODE
BAD CODE
BAD CODE
BAD CODE
BAD CODE
1597712
2154383
0
0
BAD CODE
882709
BAD CODE
BAD CODE
660076
BAD CODE
939539
BAD CODE
BAD CODE
BAD CODE
BAD CODE
BAD CODE
0
BAD CODE
BAD CODE
981001
0
BAD CODE
BAD CODE
BAD CODE
BAD CODE
BAD CODE
1399382
0
0
BAD CODE
BAD CODE
BAD CODE
0
0
639728
BAD CODE
BAD CODE
0
BAD CODE
BAD CODE
0
0
0
BAD CODE
0
BAD CODE
BAD CODE
BAD CODE
0
BAD CODE
508383
BAD CODE
0
BAD CODE
0
0
629624
0
694797
285360
BAD CODE
140861
0
BAD CODE
BAD CODE
0
0
BAD CODE
BAD CODE
BAD CODE
BAD CODE
0
0
BAD CODE
BAD CODE
BAD CODE
829503
BAD CODE
BAD CODE
0
969861
BAD CODE
0
442969
BAD CODE
0
4441728
BAD CODE
BAD CODE
BAD CODE
BAD CODE
0
BAD CODE
BAD CODE
BAD CODE
BAD CODE
0
BAD CODE
BAD CODE
0
BAD CODE
BAD CODE
1543147
BAD CODE
BAD CODE
BAD CODE
0
363390
0
0
BAD CODE
0
0
BAD CODE
BAD CODE
0
0
BAD CODE
BAD CODE
BAD CODE
0
BAD CODE
BAD CODE
BAD CODE
BAD CODE
BAD CODE
7339698
0
736994
0
BAD CODE
0
BAD CODE
0
85911
0
BAD CODE
BAD CODE
BAD CODE
0
BAD CODE
274089
0
390877
BAD CODE
1420587
BAD CODE
BAD CODE
BAD CODE
2377273
BAD CODE
BAD CODE
0
BAD CODE
BAD CODE
BAD CODE
193338
BAD CODE
BAD CODE
BAD CODE
0
1290366
14881183
0
BAD CODE
0
BAD CODE
BAD CODE
BAD CODE
0
0
BAD CODE
BAD CODE
35966
413227
BAD CODE
BAD CODE
121232
BAD CODE
610866
0
BAD CODE
0
BAD CODE
0
0
2548778
0
BAD CODE
BAD CODE
BAD CODE
BAD CODE
BAD CODE
256737
3116920
BAD CODE
BAD CODE
BAD CODE
0
160930
BAD CODE
BAD CODE
BAD CODE
BAD CODE
0
BAD CODE
BAD CODE
BAD CODE
4400940
BAD CODE
BAD CODE
BAD CODE
0
863684
0
568831
0
0
574154
BAD CODE
BAD CODE
3079516
19425691
0
BAD CODE
BAD CODE
1701614
759138
BAD CODE
BAD CODE
BAD CODE
125642
0
284830
BAD CODE
0
BAD CODE
804995
BAD CODE
0
0
BAD CODE
BAD CODE
BAD CODE
0
BAD CODE
BAD CODE
BAD CODE
0
422120
BAD CODE
BAD CODE
9438823
BAD CODE
BAD CODE
BAD CODE
4108248
0
0
BAD CODE
0
0
0
0
BAD CODE
178345
BAD CODE
BAD CODE
0
0
1315780
220772
0
BAD CODE
BAD CODE
28027419
1053624
0
BAD CODE
BAD CODE
0
0
BAD CODE
BAD CODE
BAD CODE
86520
468329
2253535
0
BAD CODE
BAD CODE
2142721
BAD CODE
BAD CODE
BAD CODE
BAD CODE
0
0
0
BAD CODE
BAD CODE
BAD CODE
BAD CODE
BAD CODE
1258398
BAD CODE
0
380694
BAD CODE
0
BAD CODE
904358
0
BAD CODE
1019641
BAD CODE
BAD CODE
BAD CODE
0
0
665673
0
BAD CODE
BAD CODE
35564
BAD CODE
BAD CODE
BAD CODE
BAD CODE
0
5681280
BAD CODE
BAD CODE
0
BAD CODE
BAD CODE
0
457027
BAD CODE
BAD CODE
0
BAD CODE
0
BAD CODE
0
BAD CODE
BAD CODE
549365
BAD CODE
BAD CODE
BAD CODE
1616727
BAD CODE
BAD CODE
BAD CODE
1120420
BAD CODE
BAD CODE
BAD CODE
1432262
BAD CODE
0
1341459
0
0
172666
BAD CODE
BAD CODE
BAD CODE
BAD CODE
0
BAD CODE
0
BAD CODE
346799
BAD CODE
BAD CODE
BAD CODE
0
BAD CODE
1151100
BAD CODE
BAD CODE
BAD CODE
BAD CODE
BAD CODE
0
BAD CODE
BAD CODE
BAD CODE
BAD CODE
BAD CODE
BAD CODE
BAD CODE
0
BAD CODE
6666860
BAD CODE
BAD CODE
111038
BAD CODE
0
BAD CODE
384385
BAD CODE
BAD CODE
BAD CODE
BAD CODE
BAD CODE
0
BAD CODE
251176
BAD CODE
0
1654513
BAD CODE
BAD CODE
1237871
BAD CODE
BAD CODE
BAD CODE
BAD CODE
BAD CODE
0
0
BAD CODE
BAD CODE
694970
BAD CODE
1149384
17307
0
0
0
BAD CODE
0
0
BAD CODE
BAD CODE
7821
BAD CODE
BAD CODE
0
BAD CODE
0
BAD CODE
0
BAD CODE
BAD CODE
BAD CODE
33519
752784
BAD CODE
BAD CODE
BAD CODE
0
0
BAD CODE
BAD CODE
BAD CODE
316088
BAD CODE
2006339
BAD CODE
0
BAD CODE
0
BAD CODE
BAD CODE
BAD CODE
BAD CODE
BAD CODE
0
BAD CODE
1983484
BAD CODE
BAD CODE
BAD CODE
BAD CODE
BAD CODE
BAD CODE
580895
0
BAD CODE
BAD CODE
1204135
50324
0
0
BAD CODE
424574
BAD CODE
0
BAD CODE
BAD CODE
BAD CODE
BAD CODE
BAD CODE
BAD CODE
BAD CODE
16056307
1100277
0
BAD CODE
BAD CODE
286801
1317450
0
1291014
650804
BAD CODE
BAD CODE
BAD CODE
BAD CODE
371998
0
BAD CODE
0
BAD CODE
0
0
1216050
BAD CODE
0
BAD CODE
165526
BAD CODE
BAD CODE
846359
BAD CODE
BAD CODE
BAD CODE
BAD CODE
0
BAD CODE
0
BAD CODE
66193
0
BAD CODE
BAD CODE
BAD CODE
BAD CODE
BAD CODE
BAD CODE
0
0
165698
BAD CODE
230324
0
BAD CODE
BAD CODE
BAD CODE
0
BAD CODE
BAD CODE
BAD CODE
BAD CODE
BAD CODE
1363734
BAD CODE
0
0
2993763
BAD CODE
BAD CODE
0
BAD CODE
BAD CODE
BAD CODE
BAD CODE
BAD CODE
3355056
BAD CODE
0
0
0
BAD CODE
0
0
0
BAD CODE
BAD CODE
BAD CODE
0
0
197469
0
0
BAD CODE
BAD CODE
BAD CODE
267577
BAD CODE
BAD CODE
0
0
BAD CODE
BAD CODE
BAD CODE
BAD CODE
0
237048
0
1252807
BAD CODE
0
0
BAD CODE
BAD CODE
285202
BAD CODE
BAD CODE
BAD CODE
BAD CODE
102214
0
BAD CODE
BAD CODE
0
1037022
0
0
0
BAD CODE
805726
BAD CODE
BAD CODE
BAD CODE
BAD CODE
0
5179962
0
BAD CODE
0
BAD CODE
0
BAD CODE
BAD CODE
BAD CODE
2869057
BAD CODE
BAD CODE
0
295225
0
0
36375
BAD CODE
BAD CODE
BAD CODE
17906305
BAD CODE
BAD CODE
BAD CODE
BAD CODE
BAD CODE
BAD CODE
0
BAD CODE
344143
0
BAD CODE
BAD CODE
BAD CODE
0
BAD CODE
BAD CODE
BAD CODE
0
0
0
BAD CODE
BAD CODE
BAD CODE
BAD CODE
BAD CODE
BAD CODE
BAD CODE
0
859600
BAD CODE
0
0
BAD CODE
0
BAD CODE
901843
BAD CODE
0
327843
BAD CODE
BAD CODE
BAD CODE
BAD CODE
BAD CODE
BAD CODE
BAD CODE
0
0
0
BAD CODE
0
0
BAD CODE
BAD CODE
0
BAD CODE
BAD CODE
BAD CODE
946105
BAD CODE
0
1273534
0
0
BAD CODE
1488450
BAD CODE
0
0
BAD CODE
BAD CODE
BAD CODE
BAD CODE
BAD CODE
BAD CODE
1729151
0
BAD CODE
BAD CODE
BAD CODE
2456768
BAD CODE
BAD CODE
BAD CODE
BAD CODE
BAD CODE
969479
6140628
0
0
BAD CODE
BAD CODE
293123
BAD CODE
5338914
BAD CODE
BAD CODE
BAD CODE
BAD CODE
0
BAD CODE
BAD CODE
BAD CODE
BAD CODE
0
BAD CODE
BAD CODE
BAD CODE
0
BAD CODE
0
1718834
BAD CODE
0
0
0
BAD CODE
BAD CODE
BAD CODE
BAD CODE
BAD CODE
BAD CODE
BAD CODE
BAD CODE
12068608
BAD CODE
BAD CODE
0
BAD CODE
BAD CODE
0
BAD CODE
0
0
0
BAD CODE
163783
BAD CODE
BAD CODE
43478
BAD CODE
BAD CODE
1648578
BAD CODE
BAD CODE
BAD CODE
0
BAD CODE
0
BAD CODE
0
587858
BAD CODE
0
1870704
0
BAD CODE
BAD CODE
BAD CODE
BAD CODE
0
BAD CODE
BAD CODE
0
BAD CODE
0
BAD CODE
0
BAD CODE
BAD CODE
704208
BAD CODE
0
0
798976
BAD CODE
301846
BAD CODE
BAD CODE
BAD CODE
0
0
BAD CODE
BAD CODE
445855
BAD CODE
BAD CODE
BAD CODE
917883
BAD CODE
BAD CODE
0
0
BAD CODE
1229078
BAD CODE
BAD CODE
0
0
BAD CODE
BAD CODE
BAD CODE
BAD CODE
543812
BAD CODE
0
BAD CODE
279671
BAD CODE
4363047
BAD CODE
BAD CODE
BAD CODE
BAD CODE
0
BAD CODE
BAD CODE
1204070
BAD CODE
BAD CODE
273022
BAD CODE
0
BAD CODE
0
0
BAD CODE
0
BAD CODE
0
0
0
1509525
1570710
0
BAD CODE
0
BAD CODE
0
4134178
0
BAD CODE
0
546581
0
BAD CODE
0
BAD CODE
BAD CODE
BAD CODE
0
269187
15739973
BAD CODE
0
BAD CODE
BAD CODE
BAD CODE
BAD CODE
BAD CODE
BAD CODE
0
0
0
0
BAD CODE
1118090
BAD CODE
BAD CODE
BAD CODE
586313
0
BAD CODE
1317593
BAD CODE
BAD CODE
BAD CODE
2825462
BAD CODE
448565
BAD CODE
856703
BAD CODE
BAD CODE
425040
BAD CODE
6946162
3223622
BAD CODE
830813
BAD CODE
BAD CODE
BAD CODE
BAD CODE
0
BAD CODE
0
BAD CODE
25294
BAD CODE
BAD CODE
BAD CODE
780738
0
BAD CODE
0
0
0
0
4132585
0
BAD CODE
1810190
0
2194680
BAD CODE
0
94811
BAD CODE
682158
BAD CODE
BAD CODE
0
BAD CODE
BAD CODE
BAD CODE
BAD CODE
BAD CODE
BAD CODE
0
BAD CODE
0
353021
BAD CODE
0
157407
0
BAD CODE
BAD CODE
BAD CODE
BAD CODE
BAD CODE
BAD CODE
BAD CODE
BAD CODE
0
BAD CODE
3714304
BAD CODE
0
BAD CODE
BAD CODE
BAD CODE
0
BAD CODE
BAD CODE
BAD CODE
BAD CODE
0
BAD CODE
0
BAD CODE
BAD CODE
BAD CODE
0
BAD CODE
0
BAD CODE
1960963
190109
BAD CODE
0
0
0
0
BAD CODE
0
0
BAD CODE
0
BAD CODE
BAD CODE
BAD CODE
1195420
BAD CODE
4031477
263927
BAD CODE
0
0
BAD CODE
BAD CODE
BAD CODE
BAD CODE
673693
BAD CODE
BAD CODE
BAD CODE
BAD CODE
0
6256502
BAD CODE
BAD CODE
BAD CODE
1117501
0
BAD CODE
1841
BAD CODE
BAD CODE
BAD CODE
818279
BAD CODE
BAD CODE
BAD CODE
0
249308
0
1888805
BAD CODE
BAD CODE
BAD CODE
326003
BAD CODE
BAD CODE
0
BAD CODE
0
BAD CODE
BAD CODE
BAD CODE
BAD CODE
BAD CODE
BAD CODE
BAD CODE
0
0
BAD CODE
BAD CODE
0
BAD CODE
0
BAD CODE
BAD CODE
BAD CODE
BAD CODE
BAD CODE
BAD CODE
1033028
0
BAD CODE
273629
0
0
BAD CODE
BAD CODE
1754070
BAD CODE
BAD CODE
789058
0
55515546
BAD CODE
0
BAD CODE
0
0
BAD CODE
BAD CODE
0
0
BAD CODE
BAD CODE
BAD CODE
BAD CODE
1433660
0
0
0
BAD CODE
BAD CODE
BAD CODE
BAD CODE
1744289
0
643138
0
BAD CODE
0
0
502493
0
491447
BAD CODE
BAD CODE
BAD CODE
0
BAD CODE
BAD CODE
BAD CODE
BAD CODE
BAD CODE
0
BAD CODE
871177
BAD CODE
BAD CODE
BAD CODE
BAD CODE
BAD CODE
BAD CODE
BAD CODE
0
BAD CODE
BAD CODE
364626
BAD CODE
0
8249136
0
BAD CODE
BAD CODE
BAD CODE
0
0
0
BAD CODE
BAD CODE
0
0
0
BAD CODE
BAD CODE
BAD CODE
BAD CODE
BAD CODE
BAD CODE
0
0
BAD CODE
BAD CODE
0
438008
0
BAD CODE
0
BAD CODE
BAD CODE
BAD CODE
836637
0
BAD CODE
0
145339
272398
823580
0
BAD CODE
BAD CODE
BAD CODE
BAD CODE
BAD CODE
0
0
BAD CODE
BAD CODE
195835
BAD CODE
BAD CODE
BAD CODE
BAD CODE
BAD CODE
0
0
BAD CODE
BAD CODE
263823
BAD CODE
BAD CODE
BAD CODE
0
1303168
BAD CODE
0
0
0
BAD CODE
0
1032934
BAD CODE
BAD CODE
BAD CODE
BAD CODE
0
0
BAD CODE
1836704
BAD CODE
0
BAD CODE
295280
BAD CODE
714456
BAD CODE
0
BAD CODE
3114767
0
BAD CODE
BAD CODE
BAD CODE
BAD CODE
BAD CODE
BAD CODE
0
BAD CODE
BAD CODE
8579676
BAD CODE
BAD CODE
BAD CODE
534208
0
BAD CODE
1105828
1333183
BAD CODE
0
0
BAD CODE
BAD CODE
521506
1483510
474694
1251711
0
201433
BAD CODE
BAD CODE
BAD CODE
BAD CODE
0
BAD CODE
0
1205797
BAD CODE
BAD CODE
BAD CODE
0
0
19407
258351
0
0
122050
BAD CODE
BAD CODE
BAD CODE
BAD CODE
0
BAD CODE
BAD CODE
BAD CODE
BAD CODE
BAD CODE
0
BAD CODE
23162823
144378
BAD CODE
BAD CODE
0
BAD CODE
0
0
BAD CODE
BAD CODE
BAD CODE
BAD CODE
34600315
0
BAD CODE
7806741
BAD CODE
0
0
3247175
0
3818834
0
BAD CODE
0
397830
BAD CODE
864563
2801945
BAD CODE
BAD CODE
BAD CODE
BAD CODE
BAD CODE
BAD CODE
BAD CODE
107209
BAD CODE
BAD CODE
BAD CODE
BAD CODE
4711275
BAD CODE
0
0
BAD CODE
BAD CODE
0
BAD CODE
0
BAD CODE
0
2434743
0
BAD CODE
BAD CODE
BAD CODE
1370551
BAD CODE
0
0
0
BAD CODE
0
BAD CODE
BAD CODE
BAD CODE
614036
BAD CODE
692318
BAD CODE
333486
BAD CODE
BAD CODE
286783
BAD CODE
0
0
0
482296
712719
BAD CODE
BAD CODE
BAD CODE
0
BAD CODE
0
BAD CODE
BAD CODE
BAD CODE
0
BAD CODE
748629
BAD CODE
BAD CODE
BAD CODE
941157
0
BAD CODE
BAD CODE
BAD CODE
BAD CODE
0
1724729
BAD CODE
BAD CODE
BAD CODE
BAD CODE
0
0
7584540
163206
BAD CODE
507032
2138811
38603
BAD CODE
BAD CODE
BAD CODE
0
BAD CODE
0
BAD CODE
BAD CODE
BAD CODE
0
BAD CODE
BAD CODE
BAD CODE
BAD CODE
0
1398677
BAD CODE
BAD CODE
0
0
BAD CODE
BAD CODE
0
BAD CODE
5105177
BAD CODE
0
BAD CODE
BAD CODE
BAD CODE
BAD CODE
5603018
0
BAD CODE
BAD CODE
BAD CODE
BAD CODE
0
BAD CODE
BAD CODE
BAD CODE
1236416
5255727
BAD CODE
BAD CODE
817890
BAD CODE
BAD CODE
2018280
BAD CODE
BAD CODE
BAD CODE
213571
BAD CODE
779748
BAD CODE
0
BAD CODE
BAD CODE
BAD CODE
0
0
0
BAD CODE
305946
BAD CODE
BAD CODE
BAD CODE
BAD CODE
BAD CODE
BAD CODE
0
BAD CODE
BAD CODE
332484
BAD CODE
0
43848599
0
1342081
0
BAD CODE
BAD CODE
0
BAD CODE
BAD CODE
BAD CODE
BAD CODE
BAD CODE
BAD CODE
0
BAD CODE
0
BAD CODE
BAD CODE
BAD CODE
BAD CODE
0
BAD CODE
310375
BAD CODE
BAD CODE
0
0
BAD CODE
0
BAD CODE
BAD CODE
0
0
BAD CODE
BAD CODE
BAD CODE
BAD CODE
0
BAD CODE
0
BAD CODE
0
0
BAD CODE
0
BAD CODE
BAD CODE
790427
BAD CODE
0
0
0
3322485
BAD CODE
BAD CODE
BAD CODE
BAD CODE
BAD CODE
BAD CODE
0
BAD CODE
BAD CODE
0
685510
0
BAD CODE
0
BAD CODE
0
BAD CODE
BAD CODE
0
BAD CODE
0
0
0
BAD CODE
0
BAD CODE
762445
332125
BAD CODE
BAD CODE
BAD CODE
BAD CODE
39447
BAD CODE
3181084
BAD CODE
BAD CODE
BAD CODE
BAD CODE
BAD CODE
1064598
BAD CODE
0
0
BAD CODE
BAD CODE
514842
BAD CODE
BAD CODE
BAD CODE
467814
0
BAD CODE
BAD CODE
BAD CODE
BAD CODE
0
0
BAD CODE
BAD CODE
BAD CODE
BAD CODE
0
0
0
0
BAD CODE
BAD CODE
BAD CODE
BAD CODE
BAD CODE
BAD CODE
BAD CODE
BAD CODE
BAD CODE
BAD CODE
BAD CODE
0
BAD CODE
BAD CODE
BAD CODE
BAD CODE
BAD CODE
BAD CODE
0
2759719
BAD CODE
BAD CODE
BAD CODE
BAD CODE
BAD CODE
1057597
BAD CODE
BAD CODE
BAD CODE
BAD CODE
BAD CODE
BAD CODE
BAD CODE
806331
BAD CODE
BAD CODE
BAD CODE
BAD CODE
0
BAD CODE
0
BAD CODE
2502603
BAD CODE
BAD CODE
0
BAD CODE
695602
392245
BAD CODE
BAD CODE
BAD CODE
BAD CODE
0
BAD CODE
0
0
0
BAD CODE
0
BAD CODE
1322691
BAD CODE
0
0
BAD CODE
358557
BAD CODE
BAD CODE
0
1322138
0
BAD CODE
BAD CODE
0
BAD CODE
BAD CODE
4037841
BAD CODE
0
1997282
BAD CODE
BAD CODE
0
BAD CODE
BAD CODE
0
0
784426
BAD CODE
BAD CODE
BAD CODE
98304
BAD CODE
BAD CODE
224011
BAD CODE
0
BAD CODE
482829
BAD CODE
84809
0
BAD CODE
BAD CODE
809348
0
654324
BAD CODE
BAD CODE
0
BAD CODE
95954
0
BAD CODE
BAD CODE
3879028
BAD CODE
BAD CODE
BAD CODE
BAD CODE
1086846
BAD CODE
BAD CODE
BAD CODE
0
BAD CODE
BAD CODE
BAD CODE
0
BAD CODE
BAD CODE
BAD CODE
BAD CODE
BAD CODE
123963
BAD CODE
BAD CODE
0
BAD CODE
BAD CODE
BAD CODE
0
BAD CODE
BAD CODE
BAD CODE
BAD CODE
BAD CODE
BAD CODE
0
0
BAD CODE
0
918091
BAD CODE
BAD CODE
BAD CODE
172329
BAD CODE
BAD CODE
BAD CODE
0
0
BAD CODE
0
BAD CODE
BAD CODE
BAD CODE
3065517
BAD CODE
BAD CODE
0
BAD CODE
0
0
0
BAD CODE
1466521
BAD CODE
0
0
606364
BAD CODE
BAD CODE
0
0
BAD CODE
BAD CODE
BAD CODE
BAD CODE
BAD CODE
1516081
BAD CODE
BAD CODE
BAD CODE
BAD CODE
0
0
0
BAD CODE
BAD CODE
BAD CODE
BAD CODE
BAD CODE
BAD CODE
2009199
2604998
BAD CODE
1591706
428279
BAD CODE
BAD CODE
BAD CODE
BAD CODE
BAD CODE
0
35344975
BAD CODE
BAD CODE
0
BAD CODE
BAD CODE
BAD CODE
0
0
BAD CODE
BAD CODE
BAD CODE
BAD CODE
28480
BAD CODE
0
BAD CODE
BAD CODE
BAD CODE
BAD CODE
BAD CODE
BAD CODE
312860
BAD CODE
BAD CODE
BAD CODE
0
BAD CODE
0
0
BAD CODE
BAD CODE
0
BAD CODE
0
BAD CODE
1181246
BAD CODE
BAD CODE
0
BAD CODE
BAD CODE
BAD CODE
0
BAD CODE
0
0
BAD CODE
0
4828077
0
0
BAD CODE
BAD CODE
0
0
BAD CODE
4681661
BAD CODE
BAD CODE
1649487
BAD CODE
0
2006845
1159371
0
BAD CODE
0
0
BAD CODE
0
763206
BAD CODE
BAD CODE
0
0
BAD CODE
BAD CODE
BAD CODE
0
BAD CODE
BAD CODE
BAD CODE
BAD CODE
0
0
BAD CODE
BAD CODE
BAD CODE
0
BAD CODE
BAD CODE
BAD CODE
0
253262
1066109
BAD CODE
3884317
BAD CODE
BAD CODE
BAD CODE
BAD CODE
0
0
0
BAD CODE
BAD CODE
0
0
BAD CODE
BAD CODE
BAD CODE
31645
0
0
1093149
0
502744
623593
BAD CODE
0
BAD CODE
0
BAD CODE
BAD CODE
0
BAD CODE
BAD CODE
0
BAD CODE
0
BAD CODE
BAD CODE
1719168
BAD CODE
BAD CODE
2603358
0
1326952
98694
0
0
BAD CODE
BAD CODE
2200311
BAD CODE
0
BAD CODE
BAD CODE
BAD CODE
598023
BAD CODE
BAD CODE
2717257
BAD CODE
0
BAD CODE
0
BAD CODE
BAD CODE
BAD CODE
BAD CODE
BAD CODE
BAD CODE
BAD CODE
0
BAD CODE
0
229222
BAD CODE
BAD CODE
BAD CODE
BAD CODE
BAD CODE
BAD CODE
BAD CODE
0
BAD CODE
BAD CODE
BAD CODE
0
BAD CODE
0
BAD CODE
0
0
0
BAD CODE
1265436
BAD CODE
441570
BAD CODE
0
1051381
BAD CODE
174822
346612
BAD CODE
BAD CODE
BAD CODE
0
0
BAD CODE
BAD CODE
BAD CODE
BAD CODE
BAD CODE
297546
BAD CODE
BAD CODE
BAD CODE
BAD CODE
319991
BAD CODE
BAD CODE
0
1946095
0
0
680119
BAD CODE
6742047
BAD CODE
0
0
0
BAD CODE
BAD CODE
BAD CODE
0
BAD CODE
36475
216128
BAD CODE
BAD CODE
0
BAD CODE
0
0
0
BAD CODE
112746
BAD CODE
BAD CODE
0
BAD CODE
BAD CODE
BAD CODE
0
0
BAD CODE
BAD CODE
0
2221296
BAD CODE
BAD CODE
1101877
BAD CODE
BAD CODE
BAD CODE
463979
45140486
BAD CODE
322591
BAD CODE
BAD CODE
BAD CODE
0
BAD CODE
0
BAD CODE
BAD CODE
0
463399
BAD CODE
0
BAD CODE
1676153
BAD CODE
BAD CODE
BAD CODE
0
BAD CODE
BAD CODE
BAD CODE
5264200
BAD CODE
BAD CODE
0
0
BAD CODE
BAD CODE
3044875
BAD CODE
BAD CODE
BAD CODE
BAD CODE
1191078
0
1382272
BAD CODE
BAD CODE
BAD CODE
BAD CODE
BAD CODE
BAD CODE
332679
BAD CODE
0
0
0
BAD CODE
BAD CODE
BAD CODE
0
BAD CODE
BAD CODE
BAD CODE
BAD CODE
1596542
BAD CODE
BAD CODE
BAD CODE
3557422
BAD CODE
BAD CODE
645500
0
BAD CODE
0
BAD CODE
BAD CODE
0
BAD CODE
BAD CODE
0
0
BAD CODE
BAD CODE
888241
BAD CODE
BAD CODE
BAD CODE
BAD CODE
BAD CODE
BAD CODE
0
BAD CODE
BAD CODE
0
BAD CODE
BAD CODE
BAD CODE
BAD CODE
BAD CODE
0
BAD CODE
0
0
BAD CODE
BAD CODE
0
0
BAD CODE
147137
BAD CODE
0
0
BAD CODE
0
BAD CODE
BAD CODE
BAD CODE
0
1090423
0
BAD CODE
0
BAD CODE
0
2184519
0
BAD CODE
BAD CODE
0
BAD CODE
580098
BAD CODE
BAD CODE
BAD CODE
BAD CODE
BAD CODE
BAD CODE
4938724
BAD CODE
BAD CODE
1404746
0
0
BAD CODE
BAD CODE
BAD CODE
BAD CODE
BAD CODE
BAD CODE
40140
BAD CODE
BAD CODE
BAD CODE
BAD CODE
BAD CODE
BAD CODE
BAD CODE
BAD CODE
357844
BAD CODE
BAD CODE
543819
0
0
0
0
BAD CODE
BAD CODE
BAD CODE
BAD CODE
1714183
BAD CODE
BAD CODE
BAD CODE
BAD CODE
BAD CODE
BAD CODE
1298095
BAD CODE
0
BAD CODE
BAD CODE
BAD CODE
BAD CODE
0
BAD CODE
BAD CODE
BAD CODE
BAD CODE
BAD CODE
0
1239691
BAD CODE
0
BAD CODE
789376
BAD CODE
0
BAD CODE
BAD CODE
BAD CODE
BAD CODE
BAD CODE
0
0
0
BAD CODE
BAD CODE
BAD CODE
BAD CODE
BAD CODE
961916
BAD CODE
0
1054534
BAD CODE
BAD CODE
0
BAD CODE
BAD CODE
BAD CODE
BAD CODE
BAD CODE
BAD CODE
BAD CODE
BAD CODE
0
BAD CODE
0
0
BAD CODE
BAD CODE
0
BAD CODE
0
BAD CODE
BAD CODE
8840
BAD CODE
0
0
751954
0
BAD CODE
BAD CODE
5655934
BAD CODE
BAD CODE
BAD CODE
BAD CODE
BAD CODE
696343
BAD CODE
BAD CODE
0
10334074
0
0
BAD CODE
BAD CODE
0
0
BAD CODE
0
101489
0
BAD CODE
BAD CODE
0
BAD CODE
BAD CODE
0
485724
BAD CODE
BAD CODE
0
0
BAD CODE
0
BAD CODE
0
BAD CODE
BAD CODE
0
0
BAD CODE
BAD CODE
BAD CODE
BAD CODE
BAD CODE
BAD CODE
BAD CODE
2454290
BAD CODE
BAD CODE
0
BAD CODE
51682
BAD CODE
BAD CODE
BAD CODE
BAD CODE
BAD CODE
452918
BAD CODE
BAD CODE
61011
BAD CODE
BAD CODE
694387
BAD CODE
BAD CODE
BAD CODE
BAD CODE
BAD CODE
BAD CODE
0
BAD CODE
BAD CODE
BAD CODE
0
798606
BAD CODE
2098431
BAD CODE
BAD CODE
0
BAD CODE
BAD CODE
1508719
BAD CODE
BAD CODE
BAD CODE
0
1168351
0
BAD CODE
BAD CODE
BAD CODE
0
BAD CODE
0
70225
0
BAD CODE
BAD CODE
BAD CODE
BAD CODE
284867
0
BAD CODE
279893
BAD CODE
0
BAD CODE
BAD CODE
BAD CODE
0
0
BAD CODE
BAD CODE
565571
0
1122984
BAD CODE
BAD CODE
0
1695439
0
0
1877564
BAD CODE
5951351
BAD CODE
BAD CODE
0
796632
0
BAD CODE
BAD CODE
BAD CODE
BAD CODE
0
712823
0
BAD CODE
681109
0
BAD CODE
1046384
BAD CODE
0
BAD CODE
BAD CODE
0
BAD CODE
0
830384
BAD CODE
BAD CODE
0
0
0
0
BAD CODE
1620027
BAD CODE
0
95460
0
BAD CODE
0
BAD CODE
BAD CODE
BAD CODE
BAD CODE
0
633073
168811
BAD CODE
BAD CODE
BAD CODE
0
BAD CODE
BAD CODE
BAD CODE
0
BAD CODE
0
BAD CODE
BAD CODE
BAD CODE
BAD CODE
0
64397
518166
BAD CODE
BAD CODE
BAD CODE
BAD CODE
BAD CODE
239618
498916
BAD CODE
BAD CODE
544556
BAD CODE
BAD CODE
BAD CODE
0
0
0
BAD CODE
BAD CODE
0
BAD CODE
BAD CODE
BAD CODE
BAD CODE
BAD CODE
0
456142
BAD CODE
BAD CODE
BAD CODE
0
0
0
BAD CODE
BAD CODE
BAD CODE
BAD CODE
0
0
BAD CODE
0
BAD CODE
BAD CODE
0
BAD CODE
BAD CODE
0
446530
2980965
0
0
BAD CODE
0
BAD CODE
BAD CODE
BAD CODE
BAD CODE
146076
BAD CODE
BAD CODE
BAD CODE
1157169
0
BAD CODE
BAD CODE
1038785
BAD CODE
BAD CODE
0
665928
0
BAD CODE
486143
BAD CODE
0
0
BAD CODE
BAD CODE
BAD CODE
BAD CODE
BAD CODE
BAD CODE
BAD CODE
BAD CODE
1423679
BAD CODE
BAD CODE
BAD CODE
BAD CODE
235346
BAD CODE
BAD CODE
0
BAD CODE
BAD CODE
BAD CODE
BAD CODE
BAD CODE
BAD CODE
BAD CODE
1089202
BAD CODE
0
950507
BAD CODE
0
0
BAD CODE
BAD CODE
0
BAD CODE
BAD CODE
0
0
0
725715
BAD CODE
BAD CODE
36797
BAD CODE
BAD CODE
0
0
159070
BAD CODE
BAD CODE
BAD CODE
BAD CODE
BAD CODE
BAD CODE
839981
BAD CODE
1153827
59500
BAD CODE
BAD CODE
BAD CODE
1378943
0
BAD CODE
BAD CODE
BAD CODE
BAD CODE
BAD CODE
14903
BAD CODE
0
0
BAD CODE
0
BAD CODE
0
BAD CODE
0
BAD CODE
BAD CODE
0
BAD CODE
BAD CODE
BAD CODE
BAD CODE
BAD CODE
1350596
BAD CODE
BAD CODE
BAD CODE
BAD CODE
0
BAD CODE
BAD CODE
BAD CODE
BAD CODE
587703
14572332
BAD CODE
0
BAD CODE
BAD CODE
BAD CODE
BAD CODE
BAD CODE
BAD CODE
4501457
0
0
1095974
167817
0
BAD CODE
0
678277
BAD CODE
BAD CODE
BAD CODE
BAD CODE
735106
0
0
0
BAD CODE
0
BAD CODE
BAD CODE
BAD CODE
BAD CODE
BAD CODE
BAD CODE
BAD CODE
852947
BAD CODE
383063
BAD CODE
BAD CODE
3516908
1340195
BAD CODE
0
BAD CODE
BAD CODE
0
2620932
BAD CODE
BAD CODE
BAD CODE
0
987735
0
BAD CODE
5979779
BAD CODE
BAD CODE
2100539
BAD CODE
BAD CODE
BAD CODE
22825
0
641527
BAD CODE
0
0
BAD CODE
BAD CODE
0
0
BAD CODE
BAD CODE
3867096
BAD CODE
BAD CODE
0
BAD CODE
0
0
BAD CODE
BAD CODE
1652457
0
BAD CODE
1147838
BAD CODE
BAD CODE
1705641
BAD CODE
BAD CODE
102185
0
BAD CODE
0
BAD CODE
BAD CODE
1888024
0
BAD CODE
0
BAD CODE
BAD CODE
0
BAD CODE
BAD CODE
0
0
BAD CODE
BAD CODE
BAD CODE
BAD CODE
15114860
BAD CODE
0
BAD CODE
BAD CODE
BAD CODE
BAD CODE
BAD CODE
2171380
BAD CODE
BAD CODE
BAD CODE
BAD CODE
BAD CODE
BAD CODE
3302760
BAD CODE
0
0
0
BAD CODE
BAD CODE
BAD CODE
BAD CODE
1654388
0
BAD CODE
BAD CODE
0
BAD CODE
BAD CODE
BAD CODE
0
0
BAD CODE
261765
0
BAD CODE
BAD CODE
BAD CODE
BAD CODE
BAD CODE
0
BAD CODE
BAD CODE
356830
BAD CODE
1447371
BAD CODE
BAD CODE
1215660
11096973
BAD CODE
0
0
BAD CODE
BAD CODE
0
BAD CODE
BAD CODE
0
BAD CODE
BAD CODE
BAD CODE
BAD CODE
BAD CODE
BAD CODE
0
0
BAD CODE
BAD CODE
BAD CODE
BAD CODE
0
0
BAD CODE
0
BAD CODE
BAD CODE
22296
BAD CODE
0
BAD CODE
1504860
BAD CODE
BAD CODE
0
BAD CODE
0
BAD CODE
BAD CODE
BAD CODE
BAD CODE
BAD CODE
1255503
0
BAD CODE
BAD CODE
BAD CODE
BAD CODE
7271486
0
BAD CODE
BAD CODE
614206
0
0
0
BAD CODE
0
0
0
236766
BAD CODE
BAD CODE
BAD CODE
BAD CODE
BAD CODE
271004
BAD CODE
0
BAD CODE
BAD CODE
BAD CODE
BAD CODE
BAD CODE
BAD CODE
BAD CODE
0
0
BAD CODE
0
BAD CODE
BAD CODE
BAD CODE
0
1718593
728319
916237
3818559
BAD CODE
0
0
0
186080
0
4404938
BAD CODE
BAD CODE
BAD CODE
BAD CODE
BAD CODE
BAD CODE
BAD CODE
1129098
BAD CODE
BAD CODE
BAD CODE
0
101828
BAD CODE
BAD CODE
BAD CODE
BAD CODE
0
BAD CODE
BAD CODE
BAD CODE
BAD CODE
0
BAD CODE
0
BAD CODE
BAD CODE
BAD CODE
BAD CODE
0
5865574
565840
0
0
BAD CODE
6722085
0
BAD CODE
BAD CODE
389739
BAD CODE
48594
2823109
BAD CODE
BAD CODE
1712779
BAD CODE
BAD CODE
BAD CODE
0
0
BAD CODE
BAD CODE
BAD CODE
BAD CODE
960531
BAD CODE
BAD CODE
0
194923
BAD CODE
BAD CODE
0
BAD CODE
838830
710435
3762227
0
BAD CODE
BAD CODE
BAD CODE
BAD CODE
BAD CODE
0
BAD CODE
1075131
BAD CODE
0
BAD CODE
BAD CODE
0
0
BAD CODE
BAD CODE
BAD CODE
0
0
BAD CODE
BAD CODE
256137
660365
BAD CODE
0
970442
BAD CODE
BAD CODE
0
BAD CODE
0
BAD CODE
BAD CODE
BAD CODE
0
BAD CODE
4809814
BAD CODE
BAD CODE
530729
BAD CODE
BAD CODE
1703985
BAD CODE
BAD CODE
BAD CODE
0
BAD CODE
BAD CODE
BAD CODE
BAD CODE
0
0
0
BAD CODE
BAD CODE
BAD CODE
1061739
BAD CODE
227242
BAD CODE
BAD CODE
BAD CODE
BAD CODE
0
BAD CODE
BAD CODE
0
2890456
BAD CODE
BAD CODE
0
BAD CODE
6104727
1364780
BAD CODE
0
BAD CODE
BAD CODE
BAD CODE
BAD CODE
0
BAD CODE
BAD CODE
0
BAD CODE
BAD CODE
BAD CODE
0
0
1116512
0
0
BAD CODE
BAD CODE
559642
721365
BAD CODE
992865
BAD CODE
BAD CODE
BAD CODE
0
BAD CODE
BAD CODE
0
0
0
BAD CODE
34198
BAD CODE
BAD CODE
BAD CODE
BAD CODE
2627516
BAD CODE
2772996
BAD CODE
0
0
BAD CODE
0
0
BAD CODE
109496
BAD CODE
BAD CODE
767970
BAD CODE
BAD CODE
0
BAD CODE
0
BAD CODE
BAD CODE
BAD CODE
934800
2829641
BAD CODE
BAD CODE
0
BAD CODE
BAD CODE
BAD CODE
BAD CODE
BAD CODE
BAD CODE
BAD CODE
BAD CODE
BAD CODE
0
785407
0
5043773
3065970
BAD CODE
8164210
BAD CODE
0
0
BAD CODE
318341
BAD CODE
9357
109240
BAD CODE
BAD CODE
BAD CODE
9245382
1034575
1280095
17622963
99867
BAD CODE
BAD CODE
0
BAD CODE
366955
1178342
0
BAD CODE
316314
0
BAD CODE
BAD CODE
0
BAD CODE
BAD CODE
BAD CODE
BAD CODE
1204772
0
BAD CODE
BAD CODE
BAD CODE
BAD CODE
425831
BAD CODE
BAD CODE
0
BAD CODE
BAD CODE
0
BAD CODE
0
BAD CODE
BAD CODE
BAD CODE
0
BAD CODE
BAD CODE
BAD CODE
BAD CODE
BAD CODE
576011
BAD CODE
0
BAD CODE
BAD CODE
BAD CODE
BAD CODE
BAD CODE
7690341
5658129
3950434
BAD CODE
BAD CODE
BAD CODE
BAD CODE
0
BAD CODE
0
1045283
BAD CODE
0
4176674
0
BAD CODE
BAD CODE
3459719
BAD CODE
BAD CODE
BAD CODE
0
BAD CODE
0
BAD CODE
0
1021989
BAD CODE
BAD CODE
BAD CODE
0
BAD CODE
366715
BAD CODE
BAD CODE
BAD CODE
BAD CODE
244419
BAD CODE
BAD CODE
0
BAD CODE
BAD CODE
BAD CODE
0
0
BAD CODE
0
BAD CODE
BAD CODE
0
BAD CODE
0
BAD CODE
0
656289
BAD CODE
0
BAD CODE
0
0
0
0
BAD CODE
0
38883
747267
BAD CODE
BAD CODE
3017072
BAD CODE
0
0
BAD CODE
BAD CODE
0
0
0
BAD CODE
BAD CODE
BAD CODE
BAD CODE
BAD CODE
BAD CODE
1309351
0
758418
BAD CODE
BAD CODE
0
BAD CODE
BAD CODE
BAD CODE
BAD CODE
BAD CODE
0
0
BAD CODE
0
0
1074028
BAD CODE
BAD CODE
0
BAD CODE
BAD CODE
0
0
0
BAD CODE
0
BAD CODE
BAD CODE
BAD CODE
BAD CODE
986395
0
0
BAD CODE
BAD CODE
BAD CODE
0
BAD CODE
BAD CODE
750051
0
633479
0
0
BAD CODE
BAD CODE
BAD CODE
335365
512849
BAD CODE
BAD CODE
0
BAD CODE
BAD CODE
BAD CODE
179654
BAD CODE
BAD CODE
0
0
1759189
0
BAD CODE
BAD CODE
BAD CODE
85146
0
BAD CODE
BAD CODE
BAD CODE
1784527
BAD CODE
437556
BAD CODE
0
BAD CODE
BAD CODE
0
0
487236
BAD CODE
BAD CODE
0
BAD CODE
9507674
BAD CODE
6408995
BAD CODE
BAD CODE
BAD CODE
BAD CODE
0
0
0
BAD CODE
0
BAD CODE
BAD CODE
BAD CODE
BAD CODE
BAD CODE
BAD CODE
BAD CODE
0
BAD CODE
0
BAD CODE
BAD CODE
BAD CODE
BAD CODE
BAD CODE
BAD CODE
BAD CODE
0
0
BAD CODE
89079913
BAD CODE
BAD CODE
BAD CODE
BAD CODE
165119
825878
0
0
BAD CODE
BAD CODE
3106129
BAD CODE
BAD CODE
BAD CODE
BAD CODE
BAD CODE
BAD CODE
BAD CODE
2361995
2101705
BAD CODE
BAD CODE
0
0
BAD CODE
BAD CODE
BAD CODE
BAD CODE
0
73738
BAD CODE
0
0
0
BAD CODE
0
0
0
BAD CODE
0
0
3289831
0
0
BAD CODE
0
0
BAD CODE
0
BAD CODE
372357
2487420
0
1814402
0
0
BAD CODE
BAD CODE
BAD CODE
BAD CODE
0
BAD CODE
BAD CODE
0
BAD CODE
0
223777
BAD CODE
0
2653609
BAD CODE
0
BAD CODE
BAD CODE
1462133
BAD CODE
BAD CODE
BAD CODE
252731
0
BAD CODE
BAD CODE
0
BAD CODE
BAD CODE
BAD CODE
BAD CODE
BAD CODE
0
BAD CODE
2115104
0
BAD CODE
BAD CODE
0
0
2552802
BAD CODE
0
BAD CODE
BAD CODE
0
BAD CODE
2467143
573317
BAD CODE
BAD CODE
BAD CODE
0
BAD CODE
0
0
0
BAD CODE
BAD CODE
0
BAD CODE
BAD CODE
BAD CODE
BAD CODE
BAD CODE
BAD CODE
0
934061
BAD CODE
0
BAD CODE
BAD CODE
BAD CODE
BAD CODE
772089
BAD CODE
1192045
BAD CODE
0
BAD CODE
0
BAD CODE
50511136
0
BAD CODE
BAD CODE
BAD CODE
0
0
BAD CODE
0
BAD CODE
BAD CODE
BAD CODE
BAD CODE
0
BAD CODE
1048735
BAD CODE
BAD CODE
6652505
0
BAD CODE
BAD CODE
BAD CODE
BAD CODE
BAD CODE
983423
BAD CODE
BAD CODE
BAD CODE
0
0
886774
BAD CODE
0
BAD CODE
2590988
BAD CODE
BAD CODE
BAD CODE
544006
0
BAD CODE
BAD CODE
526061
0
BAD CODE
0
BAD CODE
9990736
BAD CODE
0
BAD CODE
1882442
0
BAD CODE
BAD CODE
0
0
0
BAD CODE
854051
BAD CODE
223121
237705
BAD CODE
BAD CODE
BAD CODE
928006
BAD CODE
0
1067125
0
BAD CODE
BAD CODE
BAD CODE
BAD CODE
BAD CODE
0
0
BAD CODE
BAD CODE
BAD CODE
BAD CODE
844446
BAD CODE
BAD CODE
BAD CODE
BAD CODE
BAD CODE
0
378906
BAD CODE
BAD CODE
0
0
BAD CODE
BAD CODE
BAD CODE
BAD CODE
2333763
0
83714
153834
BAD CODE
BAD CODE
1242377
BAD CODE
0
BAD CODE
0
895493
BAD CODE
BAD CODE
BAD CODE
0
920021
BAD CODE
600137
BAD CODE
BAD CODE
136047
BAD CODE
0
0
BAD CODE
BAD CODE
0
BAD CODE
BAD CODE
0
0
BAD CODE
284217
BAD CODE
0
BAD CODE
BAD CODE
0
142015
BAD CODE
BAD CODE
BAD CODE
BAD CODE
BAD CODE
0
BAD CODE
BAD CODE
BAD CODE
BAD CODE
BAD CODE
0
BAD CODE
BAD CODE
BAD CODE
BAD CODE
BAD CODE
BAD CODE
0
BAD CODE
BAD CODE
399381
BAD CODE
BAD CODE
0
BAD CODE
0
BAD CODE
BAD CODE
BAD CODE
BAD CODE
BAD CODE
BAD CODE
1206869
BAD CODE
0
0
BAD CODE
BAD CODE
0
BAD CODE
BAD CODE
0
BAD CODE
0
0
BAD CODE
0
BAD CODE
1908986
1401960
BAD CODE
0
0
BAD CODE
BAD CODE
BAD CODE
BAD CODE
BAD CODE
BAD CODE
BAD CODE
0
BAD CODE
295692
0
0
BAD CODE
BAD CODE
BAD CODE
0
0
1385574
BAD CODE
600741
BAD CODE
0
0
0
BAD CODE
BAD CODE
0
BAD CODE
BAD CODE
BAD CODE
BAD CODE
BAD CODE
BAD CODE
511482
BAD CODE
BAD CODE
BAD CODE
15112
0
BAD CODE
BAD CODE
BAD CODE
BAD CODE
0
4164329
37926
BAD CODE
5101729
BAD CODE
BAD CODE
5038661
414815
580057
BAD CODE
BAD CODE
BAD CODE
0
0
0
BAD CODE
BAD CODE
BAD CODE
BAD CODE
1297542
1567257
BAD CODE
368697
438525
3882746
BAD CODE
0
BAD CODE
0
BAD CODE
BAD CODE
1797907
364609
BAD CODE
1687082
BAD CODE
0
BAD CODE
BAD CODE
BAD CODE
0
BAD CODE
0
BAD CODE
BAD CODE
405666
0
BAD CODE
BAD CODE
BAD CODE
5678939
BAD CODE
0
1790182
BAD CODE
BAD CODE
BAD CODE
0
BAD CODE
21579674
BAD CODE
BAD CODE
BAD CODE
BAD CODE
0
BAD CODE
0
BAD CODE
BAD CODE
1395377
BAD CODE
1085231
BAD CODE
325235
0
BAD CODE
BAD CODE
BAD CODE
BAD CODE
BAD CODE
0
0
336997
0
2880281
3140786
0
709177
5497118
BAD CODE
BAD CODE
1076159
BAD CODE
0
BAD CODE
BAD CODE
BAD CODE
BAD CODE
811763
BAD CODE
BAD CODE
BAD CODE
5850826
BAD CODE
BAD CODE
BAD CODE
0
BAD CODE
BAD CODE
1522889
BAD CODE
5066846
BAD CODE
BAD CODE
0
BAD CODE
0
0
401811
BAD CODE
BAD CODE
BAD CODE
BAD CODE
BAD CODE
710070
0
BAD CODE
0
BAD CODE
BAD CODE
587143
BAD CODE
137846
BAD CODE
BAD CODE
BAD CODE
BAD CODE
0
BAD CODE
0
0
0
BAD CODE
BAD CODE
BAD CODE
0
21955
BAD CODE
BAD CODE
1045549
0
BAD CODE
0
1754597
557513
BAD CODE
BAD CODE
0
BAD CODE
0
0
BAD CODE
239310
BAD CODE
538221
BAD CODE
BAD CODE
263677
3321722
BAD CODE
BAD CODE
2371376
0
7689176
0
BAD CODE
BAD CODE
BAD CODE
BAD CODE
0
0
0
BAD CODE
0
BAD CODE
0
651299032
BAD CODE
124823
BAD CODE
BAD CODE
BAD CODE
BAD CODE
BAD CODE
BAD CODE
BAD CODE
BAD CODE
BAD CODE
191705
BAD CODE
BAD CODE
BAD CODE
BAD CODE
BAD CODE
BAD CODE
0
1013596
765033
BAD CODE
1526125
BAD CODE
BAD CODE
12004708
BAD CODE
BAD CODE
BAD CODE
BAD CODE
307354
279820
731409
0
BAD CODE
0
BAD CODE
0
0
BAD CODE
0
BAD CODE
BAD CODE
445205
BAD CODE
BAD CODE
BAD CODE
BAD CODE
BAD CODE
BAD CODE
BAD CODE
0
BAD CODE
BAD CODE
BAD CODE
BAD CODE
0
BAD CODE
BAD CODE
0
BAD CODE
BAD CODE
44668
BAD CODE
BAD CODE
BAD CODE
BAD CODE
BAD CODE
498225
0
BAD CODE
BAD CODE
0
BAD CODE
0
BAD CODE
BAD CODE
BAD CODE
BAD CODE
0
BAD CODE
0
0
0
BAD CODE
6632891
0
0
BAD CODE
BAD CODE
BAD CODE
BAD CODE
BAD CODE
1426854
BAD CODE
BAD CODE
BAD CODE
BAD CODE
BAD CODE
3843909
BAD CODE
BAD CODE
BAD CODE
BAD CODE
3791407
3758038
5579486
BAD CODE
0
1036813
BAD CODE
BAD CODE
0
0
BAD CODE
BAD CODE
BAD CODE
875760
BAD CODE
BAD CODE
BAD CODE
0
0
35786
BAD CODE
BAD CODE
0
0
BAD CODE
628709
1276491
BAD CODE
BAD CODE
BAD CODE
0
BAD CODE
0
BAD CODE
BAD CODE
BAD CODE
0
0
BAD CODE
BAD CODE
BAD CODE
BAD CODE
0
0
BAD CODE
BAD CODE
BAD CODE
1050579
582783
0
BAD CODE
BAD CODE
0
BAD CODE
BAD CODE
0
BAD CODE
426474
BAD CODE
0
BAD CODE
BAD CODE
BAD CODE
BAD CODE
BAD CODE
0
BAD CODE
BAD CODE
BAD CODE
0
BAD CODE
BAD CODE
BAD CODE
0
48314363
0
BAD CODE
BAD CODE
BAD CODE
BAD CODE
BAD CODE
BAD CODE
BAD CODE
BAD CODE
BAD CODE
BAD CODE
BAD CODE
BAD CODE
BAD CODE
564765
0
BAD CODE
2283155
2616302
307286
BAD CODE
BAD CODE
BAD CODE
276627
BAD CODE
BAD CODE
BAD CODE
BAD CODE
0
14452729
11139618
BAD CODE
BAD CODE
BAD CODE
BAD CODE
432053
0
BAD CODE
0
BAD CODE
BAD CODE
BAD CODE
BAD CODE
0
BAD CODE
BAD CODE
BAD CODE
BAD CODE
0
BAD CODE
BAD CODE
BAD CODE
BAD CODE
1368958
1115764
BAD CODE
0
265075
0
308626
BAD CODE
0
BAD CODE
BAD CODE
2846822
BAD CODE
BAD CODE
BAD CODE
BAD CODE
BAD CODE
0
719390
BAD CODE
BAD CODE
BAD CODE
BAD CODE
BAD CODE
0
BAD CODE
0
1191184
BAD CODE
0
BAD CODE
0
BAD CODE
0
BAD CODE
1564407
0
BAD CODE
373947
BAD CODE
0
BAD CODE
BAD CODE
0
514815
0
0
BAD CODE
BAD CODE
BAD CODE
BAD CODE
BAD CODE
0
BAD CODE
BAD CODE
BAD CODE
BAD CODE
3163
BAD CODE
0
0
579695
BAD CODE
BAD CODE
BAD CODE
0
0
0
BAD CODE
BAD CODE
BAD CODE
BAD CODE
BAD CODE
3313453
1829966
BAD CODE
BAD CODE
199961
BAD CODE
BAD CODE
BAD CODE
BAD CODE
0
898346
BAD CODE
457727
BAD CODE
0
0
BAD CODE
BAD CODE
BAD CODE
0
BAD CODE
BAD CODE
19494951
BAD CODE
BAD CODE
0
BAD CODE
BAD CODE
BAD CODE
BAD CODE
BAD CODE
BAD CODE
BAD CODE
BAD CODE
0
BAD CODE
0
BAD CODE
BAD CODE
0
BAD CODE
BAD CODE
BAD CODE
BAD CODE
0
BAD CODE
0
871493
0
BAD CODE
0
0
BAD CODE
BAD CODE
BAD CODE
2149297
0
1966385
BAD CODE
BAD CODE
BAD CODE
0
BAD CODE
1048525
BAD CODE
BAD CODE
BAD CODE
BAD CODE
0
BAD CODE
BAD CODE
1398698
0
BAD CODE
BAD CODE
0
0
BAD CODE
3344017
0
0
BAD CODE
BAD CODE
BAD CODE
BAD CODE
55795
BAD CODE
0
BAD CODE
BAD CODE
BAD CODE
0
BAD CODE
0
BAD CODE
0
BAD CODE
BAD CODE
BAD CODE
0
4027908
BAD CODE
BAD CODE
BAD CODE
162931
BAD CODE
0
0
BAD CODE
BAD CODE
0
BAD CODE
0
BAD CODE
264650
177301
BAD CODE
BAD CODE
BAD CODE
0
0
BAD CODE
0
BAD CODE
BAD CODE
0
BAD CODE
BAD CODE
BAD CODE
BAD CODE
BAD CODE
BAD CODE
BAD CODE
BAD CODE
BAD CODE
BAD CODE
BAD CODE
0
BAD CODE
BAD CODE
BAD CODE
BAD CODE
BAD CODE
0
BAD CODE
0
314854
BAD CODE
0
BAD CODE
BAD CODE
0
132781
BAD CODE
BAD CODE
1506304
BAD CODE
BAD CODE
BAD CODE
0
BAD CODE
850927
BAD CODE
BAD CODE
571768
BAD CODE
0
BAD CODE
73317
BAD CODE
0
BAD CODE
BAD CODE
0
0
0
0
579230
BAD CODE
BAD CODE
BAD CODE
BAD CODE
744894
1586834
0
BAD CODE
BAD CODE
BAD CODE
0
BAD CODE
BAD CODE
BAD CODE
152613
BAD CODE
0
BAD CODE
BAD CODE
BAD CODE
0
BAD CODE
0
0
0
0
BAD CODE
3311147
582098
0
BAD CODE
BAD CODE
BAD CODE
0
917298
BAD CODE
6339831
BAD CODE
BAD CODE
0
BAD CODE
BAD CODE
2060278
BAD CODE
0
BAD CODE
0
BAD CODE
4321376
BAD CODE
BAD CODE
BAD CODE
0
1598416
BAD CODE
BAD CODE
2219144
BAD CODE
0
240662
BAD CODE
BAD CODE
BAD CODE
0
BAD CODE
0
BAD CODE
BAD CODE
BAD CODE
858489
BAD CODE
BAD CODE
BAD CODE
BAD CODE
BAD CODE
BAD CODE
BAD CODE
BAD CODE
BAD CODE
BAD CODE
BAD CODE
3138495
BAD CODE
BAD CODE
BAD CODE
BAD CODE
BAD CODE
BAD CODE
0
BAD CODE
BAD CODE
0
BAD CODE
BAD CODE
0
992728
BAD CODE
BAD CODE
46897
BAD CODE
235337
0
0
0
BAD CODE
BAD CODE
BAD CODE
BAD CODE
2809254
BAD CODE
0
0
0
BAD CODE
BAD CODE
BAD CODE
BAD CODE
BAD CODE
654047
BAD CODE
BAD CODE
BAD CODE
BAD CODE
0
BAD CODE
BAD CODE
BAD CODE
0
BAD CODE
0
BAD CODE
BAD CODE
496669
0
BAD CODE
0
BAD CODE
7947142
753803
BAD CODE
BAD CODE
BAD CODE
BAD CODE
0
0
BAD CODE
0
BAD CODE
BAD CODE
0
9600455
0
BAD CODE
BAD CODE
1334782
BAD CODE
0
BAD CODE
BAD CODE
BAD CODE
BAD CODE
BAD CODE
BAD CODE
BAD CODE
BAD CODE
56445
0
BAD CODE
1506164
BAD CODE
BAD CODE
BAD CODE
0
326252
BAD CODE
128180
0
BAD CODE
0
0
BAD CODE
BAD CODE
BAD CODE
BAD CODE
BAD CODE
BAD CODE
BAD CODE
0
BAD CODE
3529033
BAD CODE
651105
BAD CODE
BAD CODE
0
BAD CODE
0
855151
0
BAD CODE
BAD CODE
0
3722748
BAD CODE
BAD CODE
464929
0
0
0
BAD CODE
BAD CODE
BAD CODE
BAD CODE
BAD CODE
BAD CODE
0
BAD CODE
BAD CODE
0
684077
BAD CODE
357294
BAD CODE
BAD CODE
BAD CODE
BAD CODE
0
645936
188593
BAD CODE
BAD CODE
BAD CODE
BAD CODE
BAD CODE
BAD CODE
BAD CODE
0
604244
0
BAD CODE
2657833
BAD CODE
BAD CODE
0
187412197
BAD CODE
1780603
0
BAD CODE
0
1073478
BAD CODE
7545104
BAD CODE
BAD CODE
1345410
BAD CODE
3363874
0
4778835
0
BAD CODE
456475
0
BAD CODE
193803
155027
727589
BAD CODE
BAD CODE
BAD CODE
BAD CODE
1521317
BAD CODE
BAD CODE
BAD CODE
328596
0
BAD CODE
BAD CODE
BAD CODE
BAD CODE
BAD CODE
806399
0
BAD CODE
BAD CODE
BAD CODE
0
0
131632
455549
BAD CODE
19482156
BAD CODE
BAD CODE
BAD CODE
813883
4806165
BAD CODE
0
BAD CODE
BAD CODE
0
BAD CODE
BAD CODE
44397132
0
7115219
0
BAD CODE
BAD CODE
BAD CODE
BAD CODE
0
6623204
BAD CODE
0
BAD CODE
0
0
BAD CODE
BAD CODE
1569070
BAD CODE
BAD CODE
0
0
BAD CODE
BAD CODE
BAD CODE
0
BAD CODE
BAD CODE
BAD CODE
BAD CODE
2980743
BAD CODE
BAD CODE
BAD CODE
BAD CODE
0
BAD CODE
0
BAD CODE
BAD CODE
BAD CODE
BAD CODE
BAD CODE
BAD CODE
BAD CODE
1131569
726939
0
0
5366987
57346
25054
BAD CODE
BAD CODE
153754
BAD CODE
0
0
0
488892
BAD CODE
0
176882
0
BAD CODE
BAD CODE
0
287481
0
0
BAD CODE
BAD CODE
1401716
BAD CODE
BAD CODE
BAD CODE
BAD CODE
BAD CODE
2842532
BAD CODE
BAD CODE
0
0
BAD CODE
0
0
BAD CODE
6661161
BAD CODE
375973
0
BAD CODE
BAD CODE
BAD CODE
BAD CODE
BAD CODE
BAD CODE
BAD CODE
0
BAD CODE
BAD CODE
BAD CODE
BAD CODE
BAD CODE
0
BAD CODE
0
BAD CODE
BAD CODE
BAD CODE
BAD CODE
BAD CODE
BAD CODE
BAD CODE
0
BAD CODE
1173717
BAD CODE
BAD CODE
BAD CODE
0
BAD CODE
0
0
BAD CODE
BAD CODE
BAD CODE
BAD CODE
0
BAD CODE
264243
BAD CODE
0
BAD CODE
BAD CODE
0
BAD CODE
0
BAD CODE
513698
0
BAD CODE
BAD CODE
0
BAD CODE
BAD CODE
21046903
450810
0
1479825
0
BAD CODE
0
0
2670529
BAD CODE
BAD CODE
BAD CODE
1144969
0
BAD CODE
BAD CODE
0
0
0
BAD CODE
0
BAD CODE
BAD CODE
BAD CODE
BAD CODE
BAD CODE
0
BAD CODE
BAD CODE
BAD CODE
BAD CODE
BAD CODE
1141729
BAD CODE
BAD CODE
747857
1549114
BAD CODE
1131712
BAD CODE
BAD CODE
BAD CODE
0
0
0
BAD CODE
BAD CODE
BAD CODE
BAD CODE
0
BAD CODE
BAD CODE
BAD CODE
BAD CODE
543629
BAD CODE
BAD CODE
3770777
0
2180527
BAD CODE
BAD CODE
0
0
89032
BAD CODE
BAD CODE
0
BAD CODE
BAD CODE
BAD CODE
427476
1130205
0
BAD CODE
BAD CODE
0
BAD CODE
BAD CODE
0
51462614
BAD CODE
0
2213
BAD CODE
BAD CODE
0
BAD CODE
1012509
BAD CODE
622400
0
BAD CODE
2328004
0
BAD CODE
991137
BAD CODE
0
5809373
BAD CODE
BAD CODE
451778
BAD CODE
BAD CODE
BAD CODE
3405148
985930
0
BAD CODE
BAD CODE
BAD CODE
BAD CODE
BAD CODE
0
BAD CODE
BAD CODE
BAD CODE
BAD CODE
BAD CODE
BAD CODE
0
34700
BAD CODE
BAD CODE
BAD CODE
BAD CODE
BAD CODE
BAD CODE
BAD CODE
885149
389128
0
2569627
BAD CODE
BAD CODE
BAD CODE
0
0
BAD CODE
BAD CODE
BAD CODE
BAD CODE
0
9609810
0
144343
630428
BAD CODE
0
188703
BAD CODE
BAD CODE
BAD CODE
6087107
BAD CODE
0
0
BAD CODE
17512770
490295
BAD CODE
BAD CODE
BAD CODE
1859555
BAD CODE
136531
483008
0
BAD CODE
BAD CODE
0
0
BAD CODE
0
BAD CODE
BAD CODE
BAD CODE
BAD CODE
1337600
BAD CODE
BAD CODE
0
BAD CODE
BAD CODE
BAD CODE
BAD CODE
BAD CODE
772366
BAD CODE
BAD CODE
0
BAD CODE
BAD CODE
BAD CODE
BAD CODE
BAD CODE
BAD CODE
BAD CODE
0
BAD CODE
BAD CODE
0
0
0
BAD CODE
BAD CODE
447656
1140889
205834
0
BAD CODE
BAD CODE
BAD CODE
BAD CODE
BAD CODE
BAD CODE
7439660
5119333
0
BAD CODE
BAD CODE
0
0
BAD CODE
BAD CODE
BAD CODE
BAD CODE
BAD CODE
1210895
0
0
BAD CODE
1140021
4344250
BAD CODE
BAD CODE
1989241
0
BAD CODE
1223982
1019003
0
0
0
342030
BAD CODE
BAD CODE
BAD CODE
137524
BAD CODE
BAD CODE
BAD CODE
0
BAD CODE
0
0
BAD CODE
BAD CODE
BAD CODE
BAD CODE
0
0
BAD CODE
BAD CODE
BAD CODE
BAD CODE
BAD CODE
BAD CODE
BAD CODE
BAD CODE
BAD CODE
0
307511
BAD CODE
1058330
0
1014099
BAD CODE
BAD CODE
BAD CODE
BAD CODE
BAD CODE
2077223
BAD CODE
BAD CODE
0
0
BAD CODE
BAD CODE
BAD CODE
0
0
BAD CODE
BAD CODE
BAD CODE
0
524246
0
0
BAD CODE
BAD CODE
0
BAD CODE
BAD CODE
0
329792
BAD CODE
879415
296266
BAD CODE
2647252
0
BAD CODE
1432786
BAD CODE
0
948984
BAD CODE
BAD CODE
BAD CODE
0
BAD CODE
BAD CODE
0
0
BAD CODE
280506
BAD CODE
BAD CODE
0
0
BAD CODE
96248
BAD CODE
0
BAD CODE
0
BAD CODE
0
BAD CODE
1861526
BAD CODE
BAD CODE
8529
0
BAD CODE
0
BAD CODE
BAD CODE
BAD CODE
BAD CODE
384683
BAD CODE
BAD CODE
240639
674385
BAD CODE
BAD CODE
0
1389373
BAD CODE
BAD CODE
165103
0
1915060
BAD CODE
BAD CODE
0
0
BAD CODE
559273
BAD CODE
31369965
BAD CODE
BAD CODE
BAD CODE
BAD CODE
BAD CODE
0
0
BAD CODE
0
BAD CODE
111285
0
1766952
BAD CODE
BAD CODE
0
BAD CODE
518910
0
BAD CODE
BAD CODE
BAD CODE
BAD CODE
BAD CODE
BAD CODE
0
BAD CODE
BAD CODE
126652
BAD CODE
BAD CODE
0
BAD CODE
BAD CODE
247823
0
0
BAD CODE
BAD CODE
0
BAD CODE
BAD CODE
115549
BAD CODE
955844
0
BAD CODE
11253524
BAD CODE
1165652
BAD CODE
157938
BAD CODE
0
BAD CODE
BAD CODE
BAD CODE
0
BAD CODE
282749
BAD CODE
41624940
13967827
BAD CODE
BAD CODE
BAD CODE
246481
BAD CODE
1273827
BAD CODE
4022
BAD CODE
BAD CODE
156715
0
BAD CODE
BAD CODE
BAD CODE
BAD CODE
BAD CODE
BAD CODE
BAD CODE
0
BAD CODE
BAD CODE
19300915
0
0
BAD CODE
BAD CODE
BAD CODE
0
0
BAD CODE
BAD CODE
BAD CODE
0
1749808
BAD CODE
0
7768988
396594
BAD CODE
11331959
BAD CODE
0
BAD CODE
BAD CODE
1240931
BAD CODE
BAD CODE
BAD CODE
0
15927
BAD CODE
0
BAD CODE
0
BAD CODE
BAD CODE
252257
0
0
BAD CODE
0
BAD CODE
BAD CODE
BAD CODE
BAD CODE
40606
BAD CODE
0
143793
0
1013307
BAD CODE
BAD CODE
BAD CODE
0
0
BAD CODE
BAD CODE
BAD CODE
0
BAD CODE
399529
BAD CODE
BAD CODE
BAD CODE
BAD CODE
BAD CODE
0
BAD CODE
930011
4277374
0
0
BAD CODE
94141
BAD CODE
93738
146778
BAD CODE
BAD CODE
0
BAD CODE
BAD CODE
BAD CODE
0
1068108
BAD CODE
1934378
BAD CODE
BAD CODE
BAD CODE
BAD CODE
0
0
BAD CODE
0
BAD CODE
BAD CODE
BAD CODE
0
BAD CODE
0
BAD CODE
448906
5487370
BAD CODE
2826426
0
BAD CODE
0
BAD CODE
532214232
BAD CODE
BAD CODE
0
0
0
BAD CODE
0
BAD CODE
0
BAD CODE
0
BAD CODE
BAD CODE
BAD CODE
0
BAD CODE
0
BAD CODE
0
1099529
BAD CODE
BAD CODE
BAD CODE
BAD CODE
BAD CODE
BAD CODE
0
BAD CODE
0
BAD CODE
1370777885
0
BAD CODE
BAD CODE
BAD CODE
0
BAD CODE
BAD CODE
BAD CODE
0
BAD CODE
0
BAD CODE
11087264
BAD CODE
0
BAD CODE
2992736532
BAD CODE
BAD CODE
BAD CODE
BAD CODE
BAD CODE
BAD CODE
BAD CODE
0
BAD CODE
BAD CODE
0
0
2687551
0
683290
0
BAD CODE
BAD CODE
BAD CODE
0
BAD CODE
0
0
BAD CODE
0
0
0
BAD CODE
69985
0
0
BAD CODE
BAD CODE
BAD CODE
0
BAD CODE
0
BAD CODE
BAD CODE
BAD CODE
0
0
0
BAD CODE
BAD CODE
BAD CODE
16955
598069027
BAD CODE
BAD CODE
BAD CODE
BAD CODE
BAD CODE
BAD CODE
BAD CODE
16619134325
BAD CODE
BAD CODE
BAD CODE
BAD CODE
BAD CODE
0
0
BAD CODE
0
BAD CODE
BAD CODE
BAD CODE
BAD CODE
1484740
0
BAD CODE
7746791548
0
BAD CODE
BAD CODE
BAD CODE
BAD CODE
BAD CODE
0
1391379978
874404965
0
BAD CODE
0
BAD CODE
BAD CODE
2711068
BAD CODE
BAD CODE
0
BAD CODE
BAD CODE
BAD CODE
BAD CODE
BAD CODE
BAD CODE
BAD CODE
BAD CODE
0
BAD CODE
BAD CODE
BAD CODE
BAD CODE
0
BAD CODE
0
BAD CODE
48689
BAD CODE
0
BAD CODE
0
BAD CODE
BAD CODE
BAD CODE
BAD CODE
BAD CODE
0
BAD CODE
BAD CODE
BAD CODE
0
0
BAD CODE
BAD CODE
BAD CODE
BAD CODE
0
BAD CODE
BAD CODE
BAD CODE
BAD CODE
BAD CODE
BAD CODE
BAD CODE
6569184
BAD CODE
0
BAD CODE
0
BAD CODE
BAD CODE
0
BAD CODE
0
0
BAD CODE
0
0
BAD CODE
BAD CODE
1870
0
BAD CODE
BAD CODE
BAD CODE
BAD CODE
0
BAD CODE
BAD CODE
BAD CODE
0
0
BAD CODE
3230236
BAD CODE
BAD CODE
0
BAD CODE
BAD CODE
BAD CODE
0
BAD CODE
BAD CODE
BAD CODE
727567103
BAD CODE
2435680
BAD CODE
BAD CODE
2827112382
BAD CODE
0
BAD CODE
0
BAD CODE
0
2278
BAD CODE
BAD CODE
BAD CODE
BAD CODE
0
0
BAD CODE
BAD CODE
0
BAD CODE
1179522
BAD CODE
BAD CODE
BAD CODE
0
BAD CODE
0
BAD CODE
0
BAD CODE
0
BAD CODE
BAD CODE
BAD CODE
BAD CODE
BAD CODE
545626
0
BAD CODE
BAD CODE
BAD CODE
BAD CODE
BAD CODE
0
BAD CODE
BAD CODE
BAD CODE
BAD CODE
BAD CODE
BAD CODE
BAD CODE
BAD CODE
26935233255
BAD CODE
BAD CODE
BAD CODE
0
BAD CODE
BAD CODE
BAD CODE
BAD CODE
BAD CODE
BAD CODE
BAD CODE
BAD CODE
BAD CODE
BAD CODE
BAD CODE
2696299
BAD CODE
BAD CODE
BAD CODE
BAD CODE
0
0
0
BAD CODE
4066952
0
BAD CODE
BAD CODE
0
BAD CODE
738710
369349289
785
BAD CODE
BAD CODE
BAD CODE
BAD CODE
0
BAD CODE
BAD CODE
0
0
BAD CODE
BAD CODE
BAD CODE
BAD CODE
0
BAD CODE
BAD CODE
BAD CODE
BAD CODE
2392333
0
0
0
0
2396286467
BAD CODE
0
BAD CODE
0
BAD CODE
BAD CODE
BAD CODE
BAD CODE
939586
BAD CODE
BAD CODE
BAD CODE
BAD CODE
BAD CODE
BAD CODE
0
BAD CODE
BAD CODE
0
0
BAD CODE
0
BAD CODE
0
BAD CODE
BAD CODE
BAD CODE
BAD CODE
0
BAD CODE
BAD CODE
BAD CODE
0
369543
0
BAD CODE
0
BAD CODE
BAD CODE
BAD CODE
BAD CODE
BAD CODE
BAD CODE
BAD CODE
0
BAD CODE
BAD CODE
BAD CODE
BAD CODE
BAD CODE
BAD CODE
BAD CODE
BAD CODE
0
BAD CODE
BAD CODE
BAD CODE
0
BAD CODE
BAD CODE
BAD CODE
BAD CODE
BAD CODE
BAD CODE
BAD CODE
0
BAD CODE
BAD CODE
0
0
0
BAD CODE
BAD CODE
BAD CODE
BAD CODE
474864191
BAD CODE
BAD CODE
1520324608
BAD CODE
BAD CODE
BAD CODE
BAD CODE
BAD CODE
BAD CODE
0
BAD CODE
BAD CODE
BAD CODE
BAD CODE
0
1793
0
BAD CODE
BAD CODE
0
0
BAD CODE
0
BAD CODE
BAD CODE
BAD CODE
BAD CODE
0
BAD CODE
BAD CODE
BAD CODE
BAD CODE
BAD CODE
BAD CODE
0
BAD CODE
BAD CODE
0
BAD CODE
BAD CODE
BAD CODE
0
0
BAD CODE
BAD CODE
BAD CODE
BAD CODE
0
BAD CODE
BAD CODE
BAD CODE
BAD CODE
BAD CODE
0
BAD CODE
BAD CODE
0
BAD CODE
BAD CODE
BAD CODE
BAD CODE
BAD CODE
BAD CODE
BAD CODE
BAD CODE
0
BAD CODE
BAD CODE
BAD CODE
BAD CODE
BAD CODE
0
0
BAD CODE
BAD CODE
BAD CODE
BAD CODE
BAD CODE
BAD CODE
BAD CODE
BAD CODE
BAD CODE
BAD CODE
BAD CODE
BAD CODE
BAD CODE
0
BAD CODE
BAD CODE
BAD CODE
BAD CODE
BAD CODE
BAD CODE
BAD CODE
BAD CODE
17350727
0
BAD CODE
0
0
BAD CODE
BAD CODE
BAD CODE
BAD CODE
BAD CODE
BAD CODE
0
BAD CODE
BAD CODE
BAD CODE
2262401519
BAD CODE
BAD CODE
BAD CODE
BAD CODE
44
BAD CODE
BAD CODE
BAD CODE
BAD CODE
BAD CODE
0
0
BAD CODE
BAD CODE
433449
BAD CODE
0
BAD CODE
0
BAD CODE
BAD CODE
BAD CODE
BAD CODE
583
0
BAD CODE
BAD CODE
BAD CODE
0
911390
BAD CODE
BAD CODE
BAD CODE
BAD CODE
BAD CODE
BAD CODE
2072794572
BAD CODE
BAD CODE
BAD CODE
0
BAD CODE
BAD CODE
BAD CODE
BAD CODE
0
BAD CODE
BAD CODE
BAD CODE
BAD CODE
0
0
BAD CODE
0
BAD CODE
0
BAD CODE
0
BAD CODE
BAD CODE
BAD CODE
0
0
BAD CODE
BAD CODE
BAD CODE
BAD CODE
0
360511
BAD CODE
BAD CODE
0
BAD CODE
436608449
BAD CODE
BAD CODE
0
BAD CODE
BAD CODE
BAD CODE
BAD CODE
BAD CODE
BAD CODE
BAD CODE
BAD CODE
0
0
BAD CODE
0
BAD CODE
BAD CODE
0
BAD CODE
BAD CODE
0
BAD CODE
559507530
0
192623
BAD CODE
BAD CODE
BAD CODE
BAD CODE
0
BAD CODE
BAD CODE
5223
BAD CODE
0
0
BAD CODE
BAD CODE
BAD CODE
BAD CODE
BAD CODE
345985
0
0
BAD CODE
BAD CODE
BAD CODE
1111913225
BAD CODE
BAD CODE
0
BAD CODE
0
BAD CODE
BAD CODE
BAD CODE
BAD CODE
BAD CODE
BAD CODE
0
BAD CODE
BAD CODE
BAD CODE
BAD CODE
0
51517
BAD CODE
0
0
0
0
0
BAD CODE
0
0
0
BAD CODE
BAD CODE
BAD CODE
BAD CODE
0
4747
BAD CODE
BAD CODE
BAD CODE
0
BAD CODE
BAD CODE
BAD CODE
BAD CODE
0
0
0
BAD CODE
BAD CODE
BAD CODE
0
0
BAD CODE
0
0
0
BAD CODE
BAD CODE
BAD CODE
BAD CODE
BAD CODE
BAD CODE
BAD CODE
6513315
0
BAD CODE
BAD CODE
BAD CODE
BAD CODE
BAD CODE
BAD CODE
BAD CODE
2911
BAD CODE
BAD CODE
BAD CODE
BAD CODE
BAD CODE
0
BAD CODE
BAD CODE
BAD CODE
0
BAD CODE
BAD CODE
BAD CODE
7467048
0
BAD CODE
797547082
BAD CODE
BAD CODE
BAD CODE
BAD CODE
BAD CODE
0
BAD CODE
BAD CODE
BAD CODE
BAD CODE
BAD CODE
BAD CODE
BAD CODE
BAD CODE
BAD CODE
0
0
BAD CODE
6062
BAD CODE
BAD CODE
BAD CODE
572697007
0
BAD CODE
2794092228
BAD CODE
0
BAD CODE
BAD CODE
3888939
0
0
BAD CODE
BAD CODE
6270
BAD CODE
BAD CODE
BAD CODE
0
0
BAD CODE
BAD CODE
BAD CODE
0
BAD CODE
BAD CODE
BAD CODE
BAD CODE
BAD CODE
BAD CODE
BAD CODE
BAD CODE
BAD CODE
BAD CODE
0
BAD CODE
0
13504433764
1483959995
0
0
BAD CODE
2588084388
1810
BAD CODE
0
BAD CODE
BAD CODE
BAD CODE
BAD CODE
0
BAD CODE
BAD CODE
BAD CODE
BAD CODE
0
BAD CODE
BAD CODE
BAD CODE
BAD CODE
BAD CODE
BAD CODE
0
BAD CODE
BAD CODE
BAD CODE
BAD CODE
0
BAD CODE
0
BAD CODE
0
881618179
BAD CODE
BAD CODE
BAD CODE
BAD CODE
BAD CODE
BAD CODE
BAD CODE
BAD CODE
0
BAD CODE
BAD CODE
0
0
BAD CODE
BAD CODE
BAD CODE
BAD CODE
BAD CODE
BAD CODE
BAD CODE
BAD CODE
BAD CODE
BAD CODE
BAD CODE
BAD CODE
0
0
BAD CODE
0
1181995
BAD CODE
0
3924760
0
BAD CODE
BAD CODE
0
BAD CODE
BAD CODE
0
BAD CODE
BAD CODE
0
BAD CODE
BAD CODE
0
0
BAD CODE
BAD CODE
BAD CODE
BAD CODE
0
BAD CODE
BAD CODE
BAD CODE
BAD CODE
BAD CODE
BAD CODE
0
BAD CODE
BAD CODE
0
BAD CODE
BAD CODE
BAD CODE
41904073
BAD CODE
BAD CODE
BAD CODE
BAD CODE
0
0
0
0
BAD CODE
0
BAD CODE
BAD CODE
BAD CODE
BAD CODE
BAD CODE
BAD CODE
1758234
BAD CODE
BAD CODE
0
BAD CODE
BAD CODE
BAD CODE
BAD CODE
BAD CODE
BAD CODE
BAD CODE
0
BAD CODE
0
BAD CODE
BAD CODE
BAD CODE
BAD CODE
BAD CODE
22679
BAD CODE
BAD CODE
0
BAD CODE
165138216
0
BAD CODE
0
BAD CODE
BAD CODE
0
BAD CODE
0
BAD CODE
BAD CODE
0
0
BAD CODE
BAD CODE
BAD CODE
1996666
0
BAD CODE
BAD CODE
0
BAD CODE
BAD CODE
0
0
BAD CODE
32
3432835603
BAD CODE
BAD CODE
0
BAD CODE
BAD CODE
BAD CODE
BAD CODE
0
BAD CODE
BAD CODE
0
BAD CODE
668667
BAD CODE
0
0
BAD CODE
BAD CODE
BAD CODE
BAD CODE
BAD CODE
BAD CODE
0
2452905858
BAD CODE
BAD CODE
BAD CODE
BAD CODE
BAD CODE
0
BAD CODE
